semantics/language/training/ewt_proposal_v2/beam-corrected-v3/runtime-packet/local-work-publication-20261008/snapshot/work-core-storage-allocator-final.log:18: new blank line at EOF.
semantics/language/training/ewt_proposal_v2/beam-corrected-v3/runtime-packet/local-work-publication-20261008/snapshot/work-core-storage-final-tests.log:104: new blank line at EOF.
semantics/language/training/ewt_proposal_v2/beam-corrected-v3/runtime-packet/local-work-publication-20261008/snapshot/work-core-validator-allocator-cargo.log:16: new blank line at EOF.
semantics/language/training/ewt_proposal_v2/beam-corrected-v3/runtime-packet/local-work-publication-20261008/snapshot/work-core-validator-storage-gate2.log:9: new blank line at EOF.
semantics/language/training/ewt_proposal_v2/beam-corrected-v3/runtime-packet/local-work-publication-20261008/snapshot/work-sdk256-gate-final2.log:9: new blank line at EOF.
semantics/language/training/ewt_proposal_v2/beam-corrected-v3/runtime-packet/local-work-publication-20261008/snapshot/work-sdk256-gate.log:33: new blank line at EOF.
semantics/language/training/ewt_proposal_v2/beam-corrected-v3/runtime-packet/local-work-publication-20261008/snapshot/work-source-identity-gate.log:9: new blank line at EOF.
semantics/language/training/ewt_proposal_v2/beam-corrected-v3/runtime-packet/local-work-publication-20261008/snapshot/work/beam-candidate-actual/compile2.log:193: new blank line at EOF.
semantics/language/training/ewt_proposal_v2/beam-corrected-v3/runtime-packet/local-work-publication-20261008/snapshot/work/beam-candidate-actual/initial-vocative-runtime.log:7: new blank line at EOF.
semantics/language/training/ewt_proposal_v2/beam-corrected-v3/runtime-packet/local-work-publication-20261008/snapshot/work/beam-training-candidate/numeric-runtime.log:7: new blank line at EOF.
semantics/language/training/ewt_proposal_v2/beam-corrected-v3/runtime-packet/local-work-publication-20261008/snapshot/work/canonical-bank-optin/compile.log:207: new blank line at EOF.
semantics/language/training/ewt_proposal_v2/beam-corrected-v3/runtime-packet/local-work-publication-20261008/snapshot/work/canonical-bank-prototype/context-compile2.log:218: new blank line at EOF.
semantics/language/training/ewt_proposal_v2/beam-corrected-v3/runtime-packet/local-work-publication-20261008/snapshot/work/canonical-bank-prototype/probe-compile.log:246: new blank line at EOF.
semantics/language/training/ewt_proposal_v2/beam-corrected-v3/runtime-packet/local-work-publication-20261008/snapshot/work/canonical-history-reuse-test-runtime.log:7: new blank line at EOF.
semantics/language/training/ewt_proposal_v2/beam-corrected-v3/runtime-packet/local-work-publication-20261008/snapshot/work/coherent-merged-beam/refusal-compile.log:90: new blank line at EOF.
semantics/language/training/ewt_proposal_v2/beam-corrected-v3/runtime-packet/local-work-publication-20261008/snapshot/work/corrected411-runtime/diagnostic-runtime.log:7: new blank line at EOF.
semantics/language/training/ewt_proposal_v2/beam-corrected-v3/runtime-packet/local-work-publication-20261008/snapshot/work/corrected411-runtime/numeric-profile-runtime.log:25: new blank line at EOF.
semantics/language/training/ewt_proposal_v2/beam-corrected-v3/runtime-packet/local-work-publication-20261008/snapshot/work/corrected411-runtime/numeric-runtime.log:14: new blank line at EOF.
semantics/language/training/ewt_proposal_v2/beam-corrected-v3/runtime-packet/local-work-publication-20261008/snapshot/work/data-prepared-tensors/generator-tests.log:34: new blank line at EOF.
semantics/language/training/ewt_proposal_v2/beam-corrected-v3/runtime-packet/local-work-publication-20261008/snapshot/work/data-prepared-tensors/tests.log:40: new blank line at EOF.
semantics/language/training/ewt_proposal_v2/beam-corrected-v3/runtime-packet/local-work-publication-20261008/snapshot/work/external-prepared-bridge/data-retry.log:39: new blank line at EOF.
semantics/language/training/ewt_proposal_v2/beam-corrected-v3/runtime-packet/local-work-publication-20261008/snapshot/work/external-prepared-bridge/external-boundaries-gate2.log:9: new blank line at EOF.
semantics/language/training/ewt_proposal_v2/beam-corrected-v3/runtime-packet/local-work-publication-20261008/snapshot/work/external-prepared-bridge/final-combined-plot-gate.log:344: new blank line at EOF.
semantics/language/training/ewt_proposal_v2/beam-corrected-v3/runtime-packet/local-work-publication-20261008/snapshot/work/external-prepared-bridge/generation-retry.log:35: new blank line at EOF.
semantics/language/training/ewt_proposal_v2/beam-corrected-v3/runtime-packet/local-work-publication-20261008/snapshot/work/external-prepared-bridge/model-signature-probe.log:8: new blank line at EOF.
semantics/language/training/ewt_proposal_v2/beam-corrected-v3/runtime-packet/local-work-publication-20261008/snapshot/work/external-prepared-bridge/runtime-retry.log:19: new blank line at EOF.
semantics/language/training/ewt_proposal_v2/beam-corrected-v3/runtime-packet/local-work-publication-20261008/snapshot/work/external-prepared-bridge/runtime-tests.log:19: new blank line at EOF.
semantics/language/training/ewt_proposal_v2/beam-corrected-v3/runtime-packet/local-work-publication-20261008/snapshot/work/external-prepared-bridge/whole-plot-library-gate.log:331: new blank line at EOF.
semantics/language/training/ewt_proposal_v2/beam-corrected-v3/runtime-packet/local-work-publication-20261008/snapshot/work/native-child-admission-allocator-generation.log:9: new blank line at EOF.
semantics/language/training/ewt_proposal_v2/beam-corrected-v3/runtime-packet/local-work-publication-20261008/snapshot/work/native-child-admission-final-core-plot.log:1233: new blank line at EOF.
semantics/language/training/ewt_proposal_v2/beam-corrected-v3/runtime-packet/local-work-publication-20261008/snapshot/work/native-child-admission-final2-core-plot.log:1232: new blank line at EOF.
semantics/language/training/ewt_proposal_v2/beam-corrected-v3/runtime-packet/local-work-publication-20261008/snapshot/work/native-child-admission-generation-all.log:35: new blank line at EOF.
semantics/language/training/ewt_proposal_v2/beam-corrected-v3/runtime-packet/local-work-publication-20261008/snapshot/work/native-child-admission-generation-final.log:36: new blank line at EOF.
semantics/language/training/ewt_proposal_v2/beam-corrected-v3/runtime-packet/local-work-publication-20261008/snapshot/work/native-child-admission-generation2.log:9: new blank line at EOF.
semantics/language/training/ewt_proposal_v2/beam-corrected-v3/runtime-packet/local-work-publication-20261008/snapshot/work/native-child-admission-issuance-generation.log:37: new blank line at EOF.
semantics/language/training/ewt_proposal_v2/beam-corrected-v3/runtime-packet/local-work-publication-20261008/snapshot/work/native-child-admission-plot-all.log:667: new blank line at EOF.
semantics/language/training/ewt_proposal_v2/beam-corrected-v3/runtime-packet/local-work-publication-20261008/snapshot/work/native-child-converter-final-generation.log:37: new blank line at EOF.
semantics/language/training/ewt_proposal_v2/beam-corrected-v3/runtime-packet/local-work-publication-20261008/snapshot/work/native-child-converter-only-gate4.log:9: new blank line at EOF.
semantics/language/training/ewt_proposal_v2/beam-corrected-v3/runtime-packet/local-work-publication-20261008/snapshot/work/native-child-converter-tool-final-tests.log:10: new blank line at EOF.
semantics/language/training/ewt_proposal_v2/beam-corrected-v3/runtime-packet/local-work-publication-20261008/snapshot/work/native-child-converter-tool-tests.log:11: new blank line at EOF.
semantics/language/training/ewt_proposal_v2/beam-corrected-v3/runtime-packet/local-work-publication-20261008/snapshot/work/native-child-rank/bench-compile.log:57: new blank line at EOF.
semantics/language/training/ewt_proposal_v2/beam-corrected-v3/runtime-packet/local-work-publication-20261008/snapshot/work/native-child-rank/bench-issuance-compile.log:57: new blank line at EOF.
semantics/language/training/ewt_proposal_v2/beam-corrected-v3/runtime-packet/local-work-publication-20261008/snapshot/work/native-child-rank/compile.log:123: new blank line at EOF.
semantics/language/training/ewt_proposal_v2/beam-corrected-v3/runtime-packet/local-work-publication-20261008/snapshot/work/native-child-rank/rank-compile.log:57: new blank line at EOF.
semantics/language/training/ewt_proposal_v2/beam-corrected-v3/runtime-packet/local-work-publication-20261008/snapshot/work/native-child-rank/rank-final-compile.log:57: new blank line at EOF.
semantics/language/training/ewt_proposal_v2/beam-corrected-v3/runtime-packet/local-work-publication-20261008/snapshot/work/native-record-contract-test.log:10: new blank line at EOF.
semantics/language/training/ewt_proposal_v2/beam-corrected-v3/runtime-packet/local-work-publication-20261008/snapshot/work/native-record-family-test.log:19: new blank line at EOF.
semantics/language/training/ewt_proposal_v2/beam-corrected-v3/runtime-packet/local-work-publication-20261008/snapshot/work/native-record-generated-test2.log:15: new blank line at EOF.
semantics/language/training/ewt_proposal_v2/beam-corrected-v3/runtime-packet/local-work-publication-20261008/snapshot/work/native-record-recipe-test.log:9: new blank line at EOF.
semantics/language/training/ewt_proposal_v2/beam-corrected-v3/runtime-packet/local-work-publication-20261008/snapshot/work/native-record-recipe/integration/record-access-six-files.patch:361: trailing whitespace.
+ 
semantics/language/training/ewt_proposal_v2/beam-corrected-v3/runtime-packet/local-work-publication-20261008/snapshot/work/native-record-recipe/integration/record-access-six-files.patch:449: trailing whitespace.
+ 
semantics/language/training/ewt_proposal_v2/beam-corrected-v3/runtime-packet/local-work-publication-20261008/snapshot/work/native-record-recipe/integration/record-access-six-files.patch:456: trailing whitespace.
+ 
semantics/language/training/ewt_proposal_v2/beam-corrected-v3/runtime-packet/local-work-publication-20261008/snapshot/work/native-record-recipe/integration/record-access-six-files.patch:503: trailing whitespace.
+ 
semantics/language/training/ewt_proposal_v2/beam-corrected-v3/runtime-packet/local-work-publication-20261008/snapshot/work/native-record-recipe/integration/verify-compile.log:10: new blank line at EOF.
semantics/language/training/ewt_proposal_v2/beam-corrected-v3/runtime-packet/local-work-publication-20261008/snapshot/work/native-record-recursive-test.log:9: new blank line at EOF.
