epoch=1 samples=36114 updates=8205 steps=36114
epoch=2 samples=36114 updates=6730 steps=72228
epoch=3 samples=36114 updates=6349 steps=108342
epoch=4 samples=36114 updates=6146 steps=144456
epoch=5 samples=36114 updates=6009 steps=180570
epoch=6 samples=36114 updates=5930 steps=216684
epoch=7 samples=36114 updates=5898 steps=252798
epoch=8 samples=36114 updates=5867 steps=288912
epoch=9 samples=36114 updates=5760 steps=325026
epoch=10 samples=36114 updates=5736 steps=361140
epoch=11 samples=36114 updates=5664 steps=397254
epoch=12 samples=36114 updates=5736 steps=433368
samples=36114 steps=433368 maximum_weight=23547 conservative_score_bound=635769
	Command being timed: "nice -n 10 work/lexical-proposer-next/train_categorical_window8 work/lexical-proposer-next/proposal-446-training-v1/samples.bin work/lexical-proposer-next/proposal-446-training-v2/proposal_window8.i16 12"
	User time (seconds): 1.05
	System time (seconds): 0.00
	Percent of CPU this job got: 97%
	Elapsed (wall clock) time (h:mm:ss or m:ss): 0:01.08
	Average shared text size (kbytes): 0
	Average unshared data size (kbytes): 0
	Average stack size (kbytes): 0
	Average total size (kbytes): 0
	Maximum resident set size (kbytes): 14516
	Average resident set size (kbytes): 0
	Major (requiring I/O) page faults: 0
	Minor (reclaiming a frame) page faults: 3774
	Voluntary context switches: 1
	Involuntary context switches: 38
	Swaps: 0
	File system inputs: 0
	File system outputs: 144
	Socket messages sent: 0
	Socket messages received: 0
	Signals delivered: 0
	Page size (bytes): 4096
	Exit status: 0
