
running 0 tests

test result: ok. 0 passed; 0 failed; 0 ignored; 0 measured; 0 filtered out; finished in 0.00s


running 3 tests
test signature_batch_bound_cannot_exceed_realization_admission ... ok
test authoring_contract_refuses_invalid_profiles ... ok
test fresh_initialization_refuses_unrelated_base_weights ... ok

test result: ok. 3 passed; 0 failed; 0 ignored; 0 measured; 0 filtered out; finished in 0.04s


running 9 tests
test cancellation_and_stale_resume_preserve_live_and_durable_progress ... ok
test checkpoint_failure_retains_durable_cursor ... ok
test failed_pointer_replacement_never_advertises_partial_bundle ... ok
test corrupt_weight_member_refuses_without_replacing_model ... ok
test inference_reexport_preserves_checkpoint_generation_and_identity ... ok
test checkpoint_reload_preserves_inference ... ok
test inference_off_ramp_has_no_resume_authority ... ok
test incompatible_recipe_and_corrupt_checkpoint_refuse_without_mutation ... ok
test fresh_runtime_resumes_recorded_step_cursor ... ok

test result: ok. 9 passed; 0 failed; 0 ignored; 0 measured; 0 filtered out; finished in 0.13s


running 2 tests
test foreign_optimizer_parameter_ids_refuse_even_with_valid_content_digests ... ok
test incompatible_optimizer_shapes_refuse_even_with_valid_content_digests ... ok

test result: ok. 2 passed; 0 failed; 0 ignored; 0 measured; 0 filtered out; finished in 0.08s


running 1 test
test cuda_request_refuses_when_not_compiled ... ok

test result: ok. 1 passed; 0 failed; 0 ignored; 0 measured; 0 filtered out; finished in 0.00s


running 2 tests
test training_adapter_conversion_discards_training_contract ... ok
test inference_export_reloads_without_dataset_session_or_optimizer ... ok

test result: ok. 2 passed; 0 failed; 0 ignored; 0 measured; 0 filtered out; finished in 0.05s


running 1 test
test frozen_parameter_group_remains_frozen_after_resume ... ok

test result: ok. 1 passed; 0 failed; 0 ignored; 0 measured; 0 filtered out; finished in 0.10s


running 1 test
retained CPU journey: loss 9000000 -> 4003 millionths; durable step 40, final step 80
test retained_cpu_train_resume_export_reload_journey ... ok

test result: ok. 1 passed; 0 failed; 0 ignored; 0 measured; 0 filtered out; finished in 0.34s


running 7 tests
test frozen_model_never_advertises_or_enters_training ... ok
test stale_generation_and_insufficient_work_refuse_before_mutation ... ok
test finite_loss_with_nonfinite_gradient_never_commits_candidate ... ok
test cancellation_during_objective_discards_candidate ... ok
test cancellation_during_forward_discards_output_and_preserves_state ... ok
test invalid_evaluation_batch_refuses_before_objective_execution ... ok
test candidate_storage_exhaustion_retains_committed_state ... ok

test result: ok. 7 passed; 0 failed; 0 ignored; 0 measured; 0 filtered out; finished in 0.05s


running 3 tests
test cancelled_step_retains_parameters_and_optimizer ... ok
test evaluation_preserves_training_state ... ok
CPU regression: before_millionths=9000000, after_millionths=4003, steps=80, precision=F32, device=burn/flex-cpu
test burn_cpu_loss_decreases ... ok

test result: ok. 3 passed; 0 failed; 0 ignored; 0 measured; 0 filtered out; finished in 0.26s


running 5 tests
test mechanisms/implementations/burn-model/src/lib.rs - (line 120) ... ignored
test mechanisms/implementations/burn-model/src/lib.rs - (line 107) - compile ... ok
test mechanisms/implementations/burn-model/src/lib.rs - (line 80) - compile ... ok
test mechanisms/implementations/burn-model/src/checkpoint.rs - checkpoint::BurnAdapter<D>::export_inference (line 114) - compile fail ... ok
test mechanisms/implementations/burn-model/src/checkpoint.rs - checkpoint::BurnAdapter<D>::checkpoint (line 21) - compile fail ... ok

test result: ok. 4 passed; 0 failed; 1 ignored; 0 measured; 0 filtered out; finished in 0.04s

hosted model proof retained at ../proof-docs-0d8aca837/command
