   Compiling conduit-plot v0.1.0 (/home/dancxjo/conduit-5183-numeric-foundation/architecture/plot)
   Compiling conduit-time v0.1.0 (/home/dancxjo/conduit-5183-numeric-foundation/semantics/time)
   Compiling conduit-human v0.1.0 (/home/dancxjo/conduit-5183-numeric-foundation/semantics/human)
   Compiling conduit-audio v0.1.0 (/home/dancxjo/conduit-5183-numeric-foundation/semantics/audio)
   Compiling conduit-data v0.1.0 (/home/dancxjo/conduit-5183-numeric-foundation/semantics/data)
   Compiling conduit-presentation v0.1.0 (/home/dancxjo/conduit-5183-numeric-foundation/semantics/presentation)
   Compiling conduit-web v0.1.0 (/home/dancxjo/conduit-5183-numeric-foundation/semantics/web)
   Compiling conduit-net v0.1.0 (/home/dancxjo/conduit-5183-numeric-foundation/semantics/net)
   Compiling conduit-text v0.1.0 (/home/dancxjo/conduit-5183-numeric-foundation/semantics/text)
   Compiling conduit-education v0.1.0 (/home/dancxjo/conduit-5183-numeric-foundation/semantics/education)
   Compiling conduit-robotics v0.1.0 (/home/dancxjo/conduit-5183-numeric-foundation/semantics/robotics)
   Compiling conduit-alife v0.1.0 (/home/dancxjo/conduit-5183-numeric-foundation/semantics/alife)
   Compiling conduit-purpose v0.1.0 (/home/dancxjo/conduit-5183-numeric-foundation/semantics/purpose)
   Compiling conduit-process v0.1.0 (/home/dancxjo/conduit-5183-numeric-foundation/semantics/process)
   Compiling conduit-ai v0.1.0 (/home/dancxjo/conduit-5183-numeric-foundation/semantics/ai)
   Compiling conduit-language v0.1.0 (/home/dancxjo/conduit-5183-numeric-foundation/semantics/language)
    Checking conduit-midi v0.1.0 (/home/dancxjo/conduit-5183-numeric-foundation/mechanisms/protocols/midi)
   Compiling conduit-signal v0.1.0 (/home/dancxjo/conduit-5183-numeric-foundation/semantics/signal)
   Compiling conduit-wire v0.1.0 (/home/dancxjo/conduit-5183-numeric-foundation/architecture/wire)
   Compiling conduit-chat v0.1.0 (/home/dancxjo/conduit-5183-numeric-foundation/semantics/chat)
    Checking conduit-semantic-catalog v0.1.0 (/home/dancxjo/conduit-5183-numeric-foundation/semantics/catalog)
    Checking conduit-todo-plot v0.1.0 (/home/dancxjo/conduit-5183-numeric-foundation/plots/todo/model)
    Checking conduit-bluetooth v0.1.0 (/home/dancxjo/conduit-5183-numeric-foundation/mechanisms/protocols/bluetooth)
    Checking conduit-planner v0.1.0 (/home/dancxjo/conduit-5183-numeric-foundation/architecture/planner)
    Checking conduit-std-offers v0.1.0 (/home/dancxjo/conduit-5183-numeric-foundation/targets/std/offers)
    Checking conduit-signal-conformance v0.1.0 (/home/dancxjo/conduit-5183-numeric-foundation/proof/conformance/signal)
    Finished `dev` profile [unoptimized] target(s) in 35.22s
