   Compiling serde v1.0.229
   Compiling serde_json v1.0.151
   Compiling conduit-assigned-plan v0.1.0 (/home/dancxjo/conduit-5183-numeric-foundation/architecture/assigned-plan)
   Compiling conduit-core v0.1.0 (/home/dancxjo/conduit-5183-numeric-foundation/architecture/core)
   Compiling conduit-kernel v0.1.0 (/home/dancxjo/conduit-5183-numeric-foundation/architecture/kernel)
   Compiling conduit-plot v0.1.0 (/home/dancxjo/conduit-5183-numeric-foundation/architecture/plot)
    Finished `test` profile [unoptimized] target(s) in 12.06s
     Running unittests src/lib.rs (/home/dancxjo/conduit/target/debug/deps/conduit_plot-2300a7f06de0e279)

running 313 tests
test canonical_expansion::configuration_contract::tests::decimals_lower_to_exact_microunits_without_reinterpreting_integer_literals ... ok
test canonical_expansion::structured_selector::semantic_call::diagnostic_tests::ambiguous_runtime_arithmetic_names_the_explicit_temporal_families ... ok
test canonical_expansion_tests::canonical_kind_fore_owns_callable_default_truth ... ok
test canonical_expansion::startup::tests::structured_parameter_requires_a_concrete_value_of_the_same_exact_type ... ok
test canonical_expansion_tests::canonical_back_refuses_a_front_that_differs_from_the_high_level_kind ... ok
test activation_tests::fold_refuses_a_unary_combine_plot ... ok
test canonical_expansion_tests::canonical_keep_uses_the_existing_retained_current_gear_and_direction_sugar ... ok
test activation_tests::scan_refuses_a_unary_combine_plot_instead_of_faking_unary_activation ... ok
test activation_tests::activation_refuses_a_flow_behavior ... ok
test behavior_parameter_tests::type_and_behavior_parameters_specialize_one_exact_generic_fore ... ok
test activation_tests::fold_retains_exact_initial_and_two_input_combine_truth ... ok
test activation_tests::specialization_retains_one_exact_checked_activation ... ok
test canonical_expansion_tests::exact_back_admission_refuses_stale_source_and_checked_plot_identities ... ok
test activation_tests::select_specialization_keeps_the_exact_predicate_but_outputs_the_retained_item ... ok
test canonical_expansion_tests::abnormal_projection_requires_the_exact_source_fore_terminal_kind ... ok
test canonical_expansion_tests::exact_abnormal_terminal_can_bind_a_typed_plot_output_without_becoming_payload ... ok
test activation_tests::select_refuses_non_boolean_predicates_without_truthiness_coercion ... ok
test activation_tests::scan_retains_exact_initial_and_two_input_combine_truth ... ok
test activation_tests::expansion_keeps_selected_plot_opaque_and_emits_flow_coordinator ... ok
test canonical_expansion_tests::exact_recovery_discharges_the_containing_plot_abnormal_export ... ok
test canonical_expansion_tests::fixed_arity_relational_glyph_expands_to_one_ordinary_gear ... ok
test behavior_parameter_tests::local_plot_captures_outer_behavior_only_as_compile_time_identity ... ok
test behavior_parameter_tests::exact_behavior_identity_changes_checked_specialization_identity ... ok
test canonical_expansion_tests::canonical_terminal_transduction_survives_expansion_and_changes_identity ... ok
test canonical_expansion_tests::expanded_identity_rejects_graph_contract_and_provenance_mutation ... ok
test canonical_expansion_tests::local_plot_cycles_refuse_before_any_privileged_nested_runtime_exists ... ok
test canonical_expansion_tests::expression_body_refuses_effectful_stateful_and_suspending_calls_without_escape_hatches ... ok
test canonical_expansion_tests::optional_keep_refuses_an_explicit_bound_smaller_than_some_payload ... ok
test canonical_expansion_tests::expression_body_checks_and_expands_identically_to_its_explicit_plot ... ok
test canonical_expansion_tests::normal_close_projection_refuses_a_nonclosing_flow ... ok
test canonical_expansion_tests::multiple_unresolved_child_abnormals_refuse_implicit_fanin ... ok
test canonical_expansion_tests::multiple_abnormal_origins_cannot_claim_one_implicit_recovery_input ... ok
test canonical_expansion_tests::initialized_boolean_keep_lowers_to_exact_typed_state ... ok
test canonical_expansion_tests::profile_startup_catalog_preserves_quantity_dimensions ... ok
test canonical_expansion_tests::nested_plot_exact_recovery_clears_the_runtime_abnormal_obligation ... ok
test activation_tests::activation_law_participates_in_checked_identity ... ok
test canonical_expansion_tests::nested_plot_observation_does_not_hide_unhandled_root_abnormal ... ok
test canonical_expansion_tests::inferred_plot_abnormal_composes_recursively_without_payload_binding ... ok
test canonical_expansion_tests::optional_keep_lowers_omitted_and_present_initializers_to_none_and_some ... ok
test canonical_expansion_tests::lexical_local_plot_expands_as_an_ordinary_nested_plot_with_exact_provenance ... ok
test canonical_expansion_tests::inline_reusable_and_primitive_gears_expand_without_a_parallel_path ... ok
test canonical_expansion_tests::front_binding_preserves_flow_closure_and_current_observation_contracts ... ok
test canonical_expansion_tests::reusable_plot_without_declared_shorthand_requires_named_port ... ok
test canonical_expansion_tests::pool_name_is_not_ambiently_captured_by_nested_plots_or_graph_cords ... ok
test canonical_expansion_tests::public_input_fanout_flattens_to_explicit_ordinary_connections ... ok
test canonical_expansion_tests::primitive_contract_bounds_and_front_types_fail_closed ... ok
test canonical_expansion_tests::parameterized_plot_flattens_to_ordinary_primitive_graph ... ok
test diagnostic::tests::attacker_controlled_message_is_truncated_on_a_utf8_boundary ... ok
test canonical_expansion_tests::pure_expression_lowers_to_one_exact_ordinary_gear ... ok
test diagnostic::tests::unknown_schema_and_unbounded_related_subjects_fail_closed ... ok
test functional_front::tests::eligibility_refuses_same_identity_and_front_with_different_semantic_law ... ok
test functional_front::tests::equivalent_alternate_back_retains_contract_and_distinct_implementation ... ok
test expression_definition::identity_tests::streaming_identity_preserves_the_existing_exact_delimited_bytes ... ok
test generic_plot_tests::behavior_parameter_refuses_an_incompatible_named_fore ... ok
test canonical_expansion_tests::variadic_relational_glyph_expands_to_one_finitely_specialized_gear ... ok
test canonical_expansion_tests::selected_canonical_back_changes_only_expansion_identity_and_records_exact_provenance ... ok
test generic_plot_tests::generic_specialization_preserves_temporal_modalities_and_data_references ... ok
test canonical_expansion_tests::terminal_projections_lower_to_distinct_typed_connection_tracks ... ok
test canonical_expansion_tests::terminal_projection_survives_a_nested_plot_input_boundary ... ok
test generic_plot_tests::generic_use_alias_preserves_the_canonical_specialization_identity ... ok
test generic_plot_tests::generic_inference_refuses_conflicting_port_evidence ... ok
test canonical_expansion_tests::unhandled_child_abnormal_is_an_exact_separate_containing_plot_export ... ok
test generic_plot_tests::explicit_generic_application_cannot_disagree_with_connected_ports ... ok
test generic_plot_tests::installed_kind_and_source_plot_arguments_share_the_same_fore_check ... ok
test canonical_expansion_tests::two_explicit_consumers_share_one_exact_expanded_pool_reference ... ok
test canonical_expansion_tests::nested_expansion_and_source_reordering_have_deterministic_identity ... ok
test canonical_expansion_tests::semantic_cancellation_is_an_ordinary_cord_to_an_exact_declared_fore_control ... ok
test generic_plot_tests::named_parameters_specialize_independently_to_structured_and_scalar_types ... ok
test generic_plot_tests::named_type_parameters_specialize_to_exact_ordinary_fores ... ok
test expression_program::checked_encoding::tests::streamed_checked_programs_match_the_retained_v2_tree_encoding ... ok
test canonical_expansion_tests::two_uses_share_one_plot_definition_but_have_distinct_occurrence_paths ... ok
test generic_plot_tests::exact_source_plot_behavior_parameter_specializes_to_an_ordinary_gear ... ok
test canonical_expansion_tests::optional_dimensioned_keep_preserves_none_some_identity_bound_and_duration ... ok
test integer_literal::tests::every_canonical_base_and_separator_normalizes_to_exact_meaning ... ok
test generic_plot_tests::type_parameter_cannot_masquerade_as_a_runtime_front_name ... ok
test integer_literal::tests::range_sign_and_separator_errors_refuse_portably ... ok
test generic_plot_tests::runtime_startup_values_remain_after_compile_time_type_arguments_disappear ... ok
test generic_plot_tests::type_arguments_must_resolve_to_exact_checked_types ... ok
test generic_plot_tests::multi_port_behavior_parameter_preserves_every_named_fore_role ... ok
test generic_plot_tests::unary_generic_application_infers_one_unambiguous_port_type ... ok
test package_bundle_tests::export_source_name_remains_distinct_from_canonical_plot_name ... ok
test package_bundle_tests::lexical_local_plot_cannot_become_a_pack_export ... ok
test generic_plot_tests::specialization_propagates_finite_bounds_into_startup_and_retained_state ... ok
test generic_plot_tests::same_fore_effectful_behavior_refuses_when_the_use_requires_purity ... ok
test package_resolution_tests::checked_package_content_cannot_be_detached_from_its_parsed_source ... ok
test package_bundle_tests::package_bundle_refuses_missing_exports_members_and_plots ... ok
test package_bundle_tests::package_bundle_refuses_local_module_cycles_and_duplicate_plots ... ok
test package_resolution_tests::legacy_export_keyword_is_not_a_compatibility_spelling ... ok
test package_resolution_tests::legacy_package_keyword_is_not_a_compatibility_spelling ... ok
test package_resolution_tests::deserialized_or_manually_constructed_package_truth_revalidates_fail_closed ... ok
test package_resolution_tests::legacy_require_and_quoted_versions_are_not_compatibility_spellings ... ok
test package_resolution_tests::malformed_package_source_never_falls_back_to_plot_syntax ... ok
test canonical_expansion_tests::recursion_and_expansion_depth_fail_with_distinct_diagnostics ... ok
test package_resolution_tests::package_source_is_lossless_finite_and_canonicalizes_order ... ok
test generic_plot_tests::supplied_behavior_laws_survive_specialization_into_the_ordinary_graph ... ok
test refinement_tests::duplicate_constraint_family_refuses_instead_of_last_write_wins ... ok
test package_check_tests::cross_module_plot_is_not_ambiently_visible ... ok
test refinement_tests::authored_ranges_preserve_open_and_closed_endpoints ... ok
test package_bundle_tests::package_bundle_identity_covers_sorted_member_paths_and_exact_source ... ok
test package_check_tests::an_unimported_external_plot_name_does_not_create_an_ambient_binding ... ok
test package_resolution_tests::later_constraints_backtrack_to_the_highest_jointly_compatible_version ... ok
test package_resolution_tests::package_catalog_and_root_work_have_explicit_finite_admission_bounds ... ok
test package_resolution_tests::cycles_conflicts_and_duplicate_content_refuse_distinctly ... ok
test generic_plot_tests::specialization_expands_without_a_generic_runtime_gear ... ok
test package_check_tests::explicit_local_import_resolves_a_pool_member_plot ... ok
test package_resolution_tests::resolver_selects_highest_matching_version_and_locks_exact_content ... ok
test package_check_tests::package_check_retains_checked_codes ... ok
test canonical_expansion_tests::type_laws_mark_only_proven_integer_arithmetic_unchecked ... ok
test package_check_tests::explicit_local_glyph_import_checks_as_the_exact_ordinary_plot ... ok
test package_check_tests::local_source_path_does_not_replace_the_canonical_plot_name ... ok
test refinement_tests::canonical_anchors_select_prefix_suffix_and_whole_value_profiles ... ok
test rust_binding::bounded::tests::sequence_and_text_are_fixed_capacity_and_fail_closed ... ok
test rust_binding::generate::names::tests::reserved_words_escape_without_changing_semantic_spelling ... ok
test refinement_tests::ieee_float_refinements_are_exact_finite_and_identity_bearing ... ok
test rust_binding::generate_tests::byte_bindings_retain_the_full_checked_structured_capacity ... ok
test rust_binding::generate_tests::constrained_integer_nominal_validates_without_structured_allocation ... ok
test rust_binding::generate_tests::checked_form_generates_the_only_rust_discriminant_table ... ok
test rust_binding::generate_tests::constrained_copy_record_validation_does_not_clone_the_candidate ... ok
test refinement_tests::missing_range_ends_remain_semantically_open ... ok
test refinement_tests::malformed_or_incompatible_authored_refinements_refuse_during_checking ... ok
test refinement_tests::membership_is_canonical_and_composes_with_pattern_independent_of_authored_order ... ok
test rust_binding::generate_tests::generated_code_preserves_explicit_iota_origin ... ok
test rust_binding::external_binding_validation::tests::foreign_record_variant_payload_retains_exact_nested_owner_bindings ... ok
test refinement_tests::negated_membership_and_pattern_are_checked_relations ... ok
test rust_binding::generate_tests::generated_contracts_preserve_semantic_openness ... ok
test rust_binding::generate_tests::quantity_unit_fields_use_the_canonical_native_unit_vocabulary ... ok
test refinement_tests::leading_lookahead_is_checked_once_and_searches_within_the_admitted_text ... ok
test rust_binding::generate_tests::record_constructor_order_must_name_every_field_exactly_once ... ok
test rust_binding::generate_tests::exact_reference_leaves_use_validated_native_bindings ... ok
test rust_binding::generate_tests::selected_record_can_retain_established_constructor_argument_order ... ok
test rust_binding::generate_tests::selected_constrained_record_validates_direct_integer_bounds_without_structured_allocation ... ok
test rust_binding::generate_layout_tests::inline_variant_layout_is_explicit_and_preserves_semantic_identity ... ok
test structured_startup::literal::float_literal_tests::exact_float_literals_preserve_signed_zero_and_refuse_excess_precision ... ok
test structured_startup::literal::float_literal_tests::structured_text_literals_decode_source_quotes_and_escapes_once ... ok
test rust_binding::generate_tests::ordinary_generation_refuses_missing_drifted_and_unused_external_bindings ... ok
test structured_startup::tests::fixed_six_decimal_scalar_literals_refuse_precision_and_range_overflow ... ok
test rust_binding::generate_tests::locked_package_generation_revalidates_exact_source_without_network_work ... ok
test surface_tests::all_canonical_temporal_modalities_and_finite_bounds_are_retained ... ok
test surface_tests::body_wardrobe_directives_are_role_specific_lossless_syntax ... ok
test surface_tests::canonical_back_represents_values_named_arguments_and_anonymous_gears ... ok
test surface_tests::canonical_ast_spans_are_exact_utf8_byte_slices ... ok
test surface_tests::canonical_clock_plot_round_trips_with_named_and_inline_gears ... ok
test surface_tests::canonical_parser_handles_inline_plot_calls_and_quoted_punctuation ... ok
test surface_tests::canonical_document_roles_share_tokens_declarations_values_and_diagnostics ... ok
test rust_binding::generate_tests::wide_record_constructor_allows_its_generated_argument_shape ... ok
test surface_tests::canonical_front_keeps_startup_values_runtime_ports_and_shorthand_distinct ... ok
test surface_tests::canonical_negative_corpus_has_stable_diagnostics_and_exact_spans ... ok
test surface_tests::canonical_parser_rejects_unbalanced_invocation_expressions ... ok
test surface_tests::checked_pattern_refinement_is_lossless_front_syntax ... ok
test surface_tests::canonical_parser_accepts_multiple_plots_without_semantic_lowering ... ok
test surface_tests::english_completion_keyword_is_not_retained_as_an_alias ... ok
test surface_tests::data_references_and_exact_width_integer_types_are_canonical_fore_types ... ok
test surface_tests::freestanding_completion_full_stop_is_rejected ... ok
test surface_tests::canonical_duplex_front_has_auxiliary_ports_without_a_shorthand_path ... ok
test surface_tests::generic_native_type_syntax_is_lossless_and_target_neutral ... ok
test surface_tests::expression_body_is_one_lossless_sugar_for_an_explicit_cord ... ok
test surface_tests::input_tuple_record_projection_and_semantic_calls_have_distinct_syntax ... ok
test surface_tests::comparisons_do_not_become_legacy_cord_diagnostics ... ok
test surface_tests::kind_parameter_retains_its_exact_named_fore_constraint ... ok
test surface_tests::keep_parses_initializers_bounds_and_every_canonical_lifetime ... ok
test surface_tests::legacy_use_keyword_is_not_a_compatibility_spelling ... ok
test surface_tests::legacy_single_greater_than_is_not_retained_as_a_cord_alias ... ok
test surface_tests::legacy_without_glyphs_header_is_not_a_compatibility_spelling ... ok
test surface_tests::malformed_statement_before_inline_comment_keeps_its_exact_span ... ok
test surface_tests::local_plots_are_lossless_nested_source_syntax ... ok
test surface_tests::native_fixed_collection_requires_one_exact_finite_length ... ok
test surface_tests::named_type_parameters_are_not_runtime_startup_values ... ok
test surface_tests::native_sequence_type_requires_one_explicit_finite_cardinality_bound ... ok
test surface_tests::native_sequence_can_state_exact_nonzero_cardinality_bounds ... ok
test surface_tests::native_variant_case_can_carry_a_type_directly ... ok
test surface_tests::open_ended_ranges_remain_lossless_until_the_type_supplies_their_bounds ... ok
test surface_tests::inline_comments_are_lossless_trivia_across_surface_roles ... ok
test surface_tests::native_sequence_supports_large_but_finite_semantic_families ... ok
test surface_tests::native_semantic_types_are_lossless_finite_syntax_not_rust_shapes ... ok
test surface_tests::parenthesized_runtime_expression_is_one_cord_stage ... ok
test surface_tests::portable_lookahead_and_group_profiles_are_lossless_front_syntax ... ok
test surface_tests::plots_are_live_by_default_and_completion_is_explicit ... ok
test surface_tests::percentage_quantity_suffix_is_not_a_remainder_without_a_right_operand ... ok
test surface_tests::punctuation_gear_names_are_lossless_but_core_tokens_remain_grammar ... ok
test surface_tests::quoted_text_is_a_distinct_lossless_graph_stage ... ok
test surface_tests::pure_expression_precedence_and_ternary_are_structural_not_opaque_text ... ok
test surface_tests::range_membership_and_composition_are_lossless_front_syntax ... ok
test surface_tests::recursive_or_empty_data_reference_types_are_rejected ... ok
test surface_tests::temporal_markers_cannot_be_combined_or_left_without_a_value_type ... ok
test surface_tests::where_is_not_a_when_compatibility_alias ... ok
test package_check_tests::pack_can_define_ship_and_use_native_semantic_types ... ok
test surface_tests::with_headers_and_glyph_opt_out_are_lossless_document_structure ... ok
test surface_tests::when_terminal_quiescence_and_cancellation_stages_are_not_ordinary_references ... ok
test syntax_check_tests::back_bindings_cannot_shadow_fore_symbols ... ok
test syntax_check_tests::authored_with_alias_resolves_to_canonical_kind_without_changing_checked_identity ... ok
test syntax_check_tests::checked_front_canonicalizes_runtime_port_declaration_order ... ok
test syntax_check_tests::checked_front_equality_ignores_callable_name_and_back ... ok
test syntax_check_tests::checked_front_equality_binds_startup_ports_and_shorthand ... ok
test syntax_check_tests::completion_policy_is_exact_checked_meaning ... ok
test syntax_check_tests::delimiter_like_literal_text_is_bound_unambiguously_into_identity ... ok
test syntax_check_tests::dependent_defaults_use_explicit_caller_binding_without_mutating_signature ... ok
test syntax_check_tests::comment_only_edits_change_source_identity_but_not_checked_meaning ... ok
test syntax_check_tests::defaults_are_used_only_when_omitted_and_explicit_values_override_them ... ok
test syntax_check_tests::configured_gear_occurrence_may_have_a_glyph_name ... ok
test syntax_check_tests::duplicate_gear_and_unsupported_kind_diagnostics_are_stable ... ok
test syntax_check_tests::duplicate_named_arguments_are_conflicting_not_last_write_wins ... ok
test syntax_check_tests::duplicate_immutable_bindings_fail_without_last_write_wins ... ok
test syntax_check_tests::explicit_unary_glyph_inspection_uses_the_checked_fore_and_lossless_replacement ... ok
test syntax_check_tests::explicit_iota_order_requires_each_variant_exactly_once ... ok
test syntax_check_tests::fixed_arity_relational_glyph_binds_operands_in_checked_fore_order ... ok
test syntax_check_tests::explicit_glyph_alias_lowers_to_the_same_ordinary_inline_gear ... ok
test syntax_check_tests::finite_value_bounds_survive_in_the_exact_checked_fore ... ok
test syntax_check_tests::fixed_width_integer_defaults_are_checked_before_identity ... ok
test syntax_check_tests::form_iota_refuses_u8_overflow ... ok
test syntax_check_tests::form_iota_may_start_at_an_explicit_u8_value ... ok
test syntax_check_tests::form_is_named_bounded_and_distinct_from_type_identity ... ok
test syntax_check_tests::front_default_cycles_are_rejected_even_before_invocation ... ok
test syntax_check_tests::forward_reference_chains_resolve_to_one_canonical_value ... ok
test syntax_check_tests::form_mapping_changes_compatibility_not_semantic_type_identity ... ok
test syntax_check_tests::front_defaults_are_resolved_in_definition_scope_for_checked_identity ... ok
test syntax_check_tests::legacy_code_keyword_is_not_a_compatibility_alias ... ok
test syntax_check_tests::grouped_with_resolves_each_exact_installed_kind ... ok
test syntax_check_tests::generic_native_types_refuse_each_invalid_parameter_contract ... ok
test syntax_check_tests::fixed_width_integer_literals_are_range_checked_and_canonicalized ... ok
test syntax_check_tests::local_bindings_cannot_shadow_front_values_or_runtime_ports ... ok
test syntax_check_tests::installed_kind_glyph_requires_and_uses_its_exact_checked_fore ... ok
test syntax_check_tests::local_plot_is_checked_through_one_private_ordinary_plot_seam ... ok
test syntax_check_tests::keep_lifetime_optional_and_bound_are_exact_checked_meaning ... ok
test syntax_check_tests::generic_family_aliases_share_canonical_concrete_references ... ok
test syntax_check_tests::local_plot_captures_outer_type_parameters_only_as_exact_compile_time_identity ... ok
test syntax_check_tests::local_values_and_gears_resolve_independently_of_statement_order ... ok
test syntax_check_tests::multiple_positional_and_named_bindings_follow_one_declared_signature ... ok
test syntax_check_tests::native_fixed_collection_checks_to_exact_structured_collection_truth ... ok
test syntax_check_tests::native_text_bounds_and_negated_refinements_remain_checked_contracts ... ok
test syntax_check_tests::native_record_where_laws_must_be_boolean_and_follow_fields ... ok
test syntax_check_tests::local_plot_privacy_and_implicit_capture_fail_closed ... ok
test syntax_check_tests::generic_native_types_monomorphize_to_exact_finite_checked_meaning ... ok
test syntax_check_tests::native_type_identity_ignores_source_trivia_but_not_semantic_name ... ok
test syntax_check_tests::native_record_where_laws_are_typed_owned_and_enforced ... ok
test syntax_check_tests::native_types_resolve_forward_references_and_refuse_recursive_cycles ... ok
test syntax_check_tests::old_executable_form_spelling_is_not_a_plot_alias ... ok
test syntax_check_tests::native_types_preserve_open_semantic_range_ends_for_every_numeric_family ... ok
test syntax_check_tests::native_scalar_record_and_variant_types_own_nominal_checked_identity ... ok
test syntax_check_tests::pre_v1_representation_keyword_is_not_a_compatibility_alias ... ok
test syntax_check_tests::optional_ports_resolve_to_the_canonical_finite_variant_profile ... ok
test syntax_check_tests::positional_and_named_binding_of_one_parameter_is_rejected ... ok
test syntax_check_tests::pool_member_must_be_declared_and_size_is_a_positive_finite_bound ... ok
test syntax_check_tests::public_front_names_cannot_be_duplicated_or_shadowed_by_gears ... ok
test syntax_check_tests::positional_named_and_local_reference_bindings_are_semantically_equivalent ... ok
test syntax_check_tests::pure_expression_identity_is_structural_and_ignores_parentheses_and_trivia ... ok
test syntax_check_tests::reusable_plot_arguments_use_declared_front_startup_signature_without_expansion ... ok
test syntax_check_tests::relational_glyph_refuses_wrong_arity_and_mixed_adjacent_meanings ... ok
test syntax_check_tests::repeated_variadic_glyph_specializes_one_exact_ordinary_gear ... ok
test syntax_check_tests::pool_declaration_seals_member_front_and_bound_without_nominal_identity ... ok
test syntax_check_tests::runtime_ports_cannot_masquerade_as_startup_values ... ok
test syntax_check_tests::runtime_ports_hidden_inside_unsupported_expressions_still_fail_as_runtime_values ... ok
test syntax_check_tests::pattern_refinement_refuses_wrong_kind_and_bounds_star_by_the_text_envelope ... ok
test syntax_check_tests::scientific_quantity_defaults_and_locals_are_checked_typed_values ... ok
test syntax_check_tests::scientific_quantity_dimension_and_canonical_spelling_are_checked ... ok
test syntax_check_tests::startup_dependency_cycles_are_rejected_exactly ... ok
test syntax_check_tests::startup_aliases_canonicalize_front_identity_and_fingerprint ... ok
test syntax_check_tests::sans_glyphs_removes_only_the_standard_prelude ... ok
test syntax_check_tests::shorthand_pair_participates_in_checked_identity ... ok
test syntax_check_tests::unknown_missing_and_excess_parameters_are_distinct ... ok
test syntax_check_tests::pure_expressions_admit_only_explicit_integer_widening_and_variant_tags ... ok
test syntax_check_tests::unresolved_unused_duplicate_and_shadowing_imports_refuse ... ok
test syntax_check_tests::text_pattern_refinement_enters_the_checked_fore_and_identity ... ok
test syntax_check_tests::startup_type_and_default_semantics_have_explicit_identity_boundaries ... ok
test syntax_check_tests::variadic_glyph_refuses_an_implicit_unary_specialization ... ok
test syntax_check_tests::unsupported_expression_plots_fail_instead_of_becoming_opaque_literals ... ok
test syntax_highlight::tests::checked_pattern_spelling_is_one_lossless_language_construct ... ok
test syntax_highlight::tests::composed_refinement_words_are_language_keywords ... ok
test syntax_check_tests::native_types_work_in_keeps_and_data_refs_without_structural_interchange ... ok
test syntax_highlight::tests::incomplete_invalid_edit_still_highlights_exact_source ... ok
test syntax_highlight::tests::kind_parameter_uses_the_compile_time_keyword ... ok
test syntax_highlight::tests::inline_comments_are_distinct_from_hashes_inside_strings ... ok
test syntax_highlight::tests::named_type_parameter_uses_the_compile_time_keyword ... ok
test syntax_highlight::tests::pack_source_uses_the_shared_lossless_highlighter ... ok
test syntax_highlight::tests::canonical_source_is_lossless_and_grammar_aware ... ok
test syntax_highlight::tests::punctuation_and_literals_remain_finite_without_regex_rewriting ... ok
test syntax_highlight::tests::scientific_quantity_typography_is_one_preserved_numeric_span ... ok
test syntax_highlight::tests::unicode_comments_and_names_keep_utf8_byte_boundaries ... ok
test text_value::tests::text_startup_quoting_preserves_unicode_and_each_retained_escape ... ok
test syntax_highlight::tests::with_and_glyph_header_words_are_language_keywords ... ok
test value_pattern_tests::admitted_match_work_is_refused_before_play ... ok
test value_pattern_tests::empty_plots_have_exact_regular_language_meanings ... ok
test value_pattern_tests::canonical_bounded_regex_source_compiles_before_play ... ok
test value_pattern_tests::malformed_source_has_exact_errors ... ok
test value_pattern_tests::overlapping_choices_are_determinized_into_disjoint_ranges ... ok
test value_pattern_tests::leading_positive_and_negative_lookahead_compile_to_finite_languages ... ok
test value_pattern_tests::noncapturing_and_named_groups_compile_to_the_same_boolean_language ... ok
test value_pattern_tests::source_refuses_malformed_constructs ... ok
test value_pattern_tests::unicode_range_crossing_surrogates_is_split_canonically ... ok
test syntax_check_tests::standard_glyph_prelude_resolves_every_reviewed_binding_lazily ... ok
test value_type::tests::canonical_text_resolves_without_changing_exact_explicit_kinds ... ok
test value_pattern_tests::sequence_choice_and_finite_repeat_compile_to_full_match ... ok
test value_type::tests::data_reference_wraps_the_exact_checked_content_type_once ... ok
test value_type::tests::semantic_owner_can_register_a_value_spelling_without_plot_changes ... ok
test value_type::tests::unregistered_author_alias_refuses_before_planning ... ok
test variadic_front::tests::malformed_or_empty_family_refuses_before_catalog_truth ... ok
test value_pattern_tests::star_and_plus_are_finitely_bound_by_the_input_contract ... ok
test variadic_front::tests::semantic_kind_specialization_repeats_exact_per_input_terminal_law ... ok
test variadic_front::tests::specialization_is_finite_exact_and_canonically_named ... ok
test syntax_check_tests::variant_case_tests_resolve_against_the_exact_declared_type ... ok
test value_pattern_tests::compiled_state_ceiling_is_refused_exactly ... ok
test rust_binding::generate_tests::selected_record_can_retain_established_public_fields ... ok
test rust_binding::generate_tests::binding_only_boxing_preserves_semantic_identity_and_refuses_invalid_targets ... ok
test rust_binding::generate_tests::selected_record_retains_copy_and_serde_binding_traits ... ok
test rust_binding::generate_tests::exact_float_law_generates_semantic_wrappers_and_checked_refinements ... ok
test rust_binding::generate_tests::serde_variant_exclusion_preserves_a_non_serde_binding ... ok
test rust_binding::generate_tests::rust_only_variant_order_preserves_serde_abi_without_changing_type_identity ... ok
test rust_binding::generate_tests::selected_serde_record_can_retain_deny_unknown_fields ... ok
test rust_binding::generate_tests::colliding_or_invalid_rust_spellings_refuse_instead_of_rebinding ... ok
test rust_binding::generate_tests::generation_is_deterministic_and_keeps_rust_spelling_out_of_identity ... ok
test syntax_highlight::tests::source_and_token_pressure_refuse_distinctly ... ok
test surface_tests::authored_imports_have_one_explicit_finite_document_bound ... ok
test rust_binding::generate_tests::locked_dependency_types_come_only_from_their_exact_source_bundle ... ok
test rust_binding::generate_tests::generated_bindings_compile_as_an_independent_rust_library ... ok

test result: ok. 313 passed; 0 failed; 0 ignored; 0 measured; 0 filtered out; finished in 0.61s

     Running tests/bme280_compensation.rs (/home/dancxjo/conduit/target/debug/deps/bme280_compensation-f3050f5b0f7208fe)

running 6 tests
test every_compensation_plot_checks_and_expands ... ok
test wire_sample_masks_reserved_nibbles_and_retains_disabled_sentinels ... ok
test zero_pressure_denominator_and_humidity_clamps_are_explicit ... ok
test humidity_carries_calibration_then_applies_correction_and_clamp ... ok
test published_temperature_pressure_vector_is_carried_through_exact_stages ... ok
test wire_calibration_retains_unsigned_and_negative_packed_coefficients ... ok

test result: ok. 6 passed; 0 failed; 0 ignored; 0 measured; 0 filtered out; finished in 4.88s

     Running tests/bme280_lifecycle.rs (/home/dancxjo/conduit/target/debug/deps/bme280_lifecycle-9639b5f5703cde21)

running 11 tests
test automatic_clock_event_adapters_check_and_prepare_as_ordinary_source ... ok
test transcript::every_clock_failure_is_preserved_and_terminates_without_inventing_time ... ok
test transcript::clock_events_do_not_repeat_an_in_flight_transaction ... ok
test transcript::polling_exhaustion_and_stale_clock_are_explicit ... ok
test lifecycle_policy_is_checked_source_and_prepares_without_device_code ... ok
test preparation_footprint_is_finite_and_reported ... ok
test transcript::waiting_retains_observed_time_and_rejects_a_later_stale_event ... ok
test transcript::one_event_advances_one_phase_and_deadlines_use_monotonic_time ... ok
test transcript::source_initializer_accepts_only_the_two_protocol_addresses ... ok
test transcript::prepared_transition_reuse_never_allocates_or_grows ... ok
test transcript::identity_short_bus_loss_and_unexpected_events_refuse_without_new_requests ... ok

test result: ok. 11 passed; 0 failed; 0 ignored; 0 measured; 0 filtered out; finished in 16.03s

     Running tests/bme280_observation.rs (/home/dancxjo/conduit/target/debug/deps/bme280_observation-cf0aa0989bc7032b)

running 2 tests
test disabled_samples_and_invalid_calibration_never_publish_numeric_defaults ... ok
test complete_compensation_yields_one_exact_typed_observation ... ok

test result: ok. 2 passed; 0 failed; 0 ignored; 0 measured; 0 filtered out; finished in 13.33s

     Running tests/device_binary.rs (/home/dancxjo/conduit/target/debug/deps/device_binary-924bc36ed02518e6)

running 4 tests
test every_binary_plot_checks_and_expands ... ok
test bitfield_and_integer_overflow_refuse_instead_of_wrapping ... ok
test generic_crc_steps_match_standard_check_vectors_without_growth ... ok
test endian_decoding_and_signed_extremes_keep_exact_values ... ok

test result: ok. 4 passed; 0 failed; 0 ignored; 0 measured; 0 filtered out; finished in 3.61s

     Running tests/device_frames.rs (/home/dancxjo/conduit/target/debug/deps/device_frames-e08582e30ca71493)

running 3 tests
test concatenation_preserves_actual_bytes_and_excludes_padding ... ok
test byte_access_distinguishes_short_from_malformed_and_never_reads_padding ... ok
test repeated_frame_composition_uses_only_admitted_storage ... ok

test result: ok. 3 passed; 0 failed; 0 ignored; 0 measured; 0 filtered out; finished in 3.86s

     Running tests/ecmascript_types.rs (/home/dancxjo/conduit/target/debug/deps/ecmascript_types-48bdef041c0e5fb1)

running 1 test
test ecmascript_inspects_records_references_optionals_and_bounds ... ok

test result: ok. 1 passed; 0 failed; 0 ignored; 0 measured; 0 filtered out; finished in 0.05s

     Running tests/finite_f32_arithmetic.rs (/home/dancxjo/conduit/target/debug/deps/finite_f32_arithmetic-d0047f500917cb73)

running 2 tests
test finite_f32_ordering_and_encoded_equality_have_reference_prepared_parity ... FAILED
test finite_f32_arithmetic_preserves_selected_inputs_and_returns_bare_result ... FAILED

failures:

---- finite_f32_ordering_and_encoded_equality_have_reference_prepared_parity stdout ----

thread 'finite_f32_ordering_and_encoded_equality_have_reference_prepared_parity' (1833803) panicked at architecture/plot/tests/finite_f32_arithmetic.rs:114:39:
called `Result::unwrap()` on an `Err` value: InvalidProgram
note: run with `RUST_BACKTRACE=1` environment variable to display a backtrace

---- finite_f32_arithmetic_preserves_selected_inputs_and_returns_bare_result stdout ----

thread 'finite_f32_arithmetic_preserves_selected_inputs_and_returns_bare_result' (1833802) panicked at architecture/plot/tests/finite_f32_arithmetic.rs:67:39:
called `Result::unwrap()` on an `Err` value: InvalidProgram


failures:
    finite_f32_arithmetic_preserves_selected_inputs_and_returns_bare_result
    finite_f32_ordering_and_encoded_equality_have_reference_prepared_parity

test result: FAILED. 0 passed; 2 failed; 0 ignored; 0 measured; 0 filtered out; finished in 0.00s

error: test failed, to rerun pass `-p conduit-plot --test finite_f32_arithmetic`
