   Compiling serde v1.0.229
    Checking conduit-plot v0.1.0 (/home/dancxjo/conduit-5208-plot-journey/architecture/plot)
    Checking limine v0.5.0
   Compiling conduitos v0.1.0 (/home/dancxjo/conduit-5208-plot-journey/targets/conduitos)
   Compiling conduit-assigned-plan v0.1.0 (/home/dancxjo/conduit-5208-plot-journey/architecture/assigned-plan)
   Compiling conduit-core v0.1.0 (/home/dancxjo/conduit-5208-plot-journey/architecture/core)
    Checking conduit-composite v0.1.0 (/home/dancxjo/conduit-5208-plot-journey/architecture/composite)
   Compiling conduit-time v0.1.0 (/home/dancxjo/conduit-5208-plot-journey/semantics/time)
   Compiling conduit-audio v0.1.0 (/home/dancxjo/conduit-5208-plot-journey/semantics/audio)
   Compiling conduit-web v0.1.0 (/home/dancxjo/conduit-5208-plot-journey/semantics/web)
   Compiling conduit-human v0.1.0 (/home/dancxjo/conduit-5208-plot-journey/semantics/human)
   Compiling conduit-language v0.1.0 (/home/dancxjo/conduit-5208-plot-journey/semantics/language)
   Compiling conduit-alife v0.1.0 (/home/dancxjo/conduit-5208-plot-journey/semantics/alife)
   Compiling conduit-text v0.1.0 (/home/dancxjo/conduit-5208-plot-journey/semantics/text)
   Compiling conduit-net v0.1.0 (/home/dancxjo/conduit-5208-plot-journey/semantics/net)
   Compiling conduit-process v0.1.0 (/home/dancxjo/conduit-5208-plot-journey/semantics/process)
   Compiling conduit-robotics v0.1.0 (/home/dancxjo/conduit-5208-plot-journey/semantics/robotics)
   Compiling conduit-purpose v0.1.0 (/home/dancxjo/conduit-5208-plot-journey/semantics/purpose)
   Compiling conduit-wire v0.1.0 (/home/dancxjo/conduit-5208-plot-journey/architecture/wire)
   Compiling conduit-signal v0.1.0 (/home/dancxjo/conduit-5208-plot-journey/semantics/signal)
   Compiling conduit-tongues v0.1.0 (/home/dancxjo/conduit-5208-plot-journey/semantics/tongues)
   Compiling conduit-chat v0.1.0 (/home/dancxjo/conduit-5208-plot-journey/semantics/chat)
    Checking conduit-todo-plot v0.1.0 (/home/dancxjo/conduit-5208-plot-journey/plots/todo/model)
    Checking conduit-bluetooth v0.1.0 (/home/dancxjo/conduit-5208-plot-journey/mechanisms/protocols/bluetooth)
   Compiling conduit-tutorial-plot v0.1.0 (/home/dancxjo/conduit-5208-plot-journey/semantics/tutorial)
   Compiling conduit-plot-library v0.1.0 (/home/dancxjo/conduit-5208-plot-journey/semantics/plot-library)
   Compiling conduit-body-invitation-plot v0.1.0 (/home/dancxjo/conduit-5208-plot-journey/semantics/body-invitation)
   Compiling conduit-finance v0.1.0 (/home/dancxjo/conduit-5208-plot-journey/semantics/finance)
   Compiling conduit-home-model v0.1.0 (/home/dancxjo/conduit-5208-plot-journey/semantics/home)
   Compiling conduit-data v0.1.0 (/home/dancxjo/conduit-5208-plot-journey/semantics/data)
   Compiling conduit-presentation v0.1.0 (/home/dancxjo/conduit-5208-plot-journey/semantics/presentation)
    Checking conduit-little-seismograph-fixture v0.1.0 (/home/dancxjo/conduit-5208-plot-journey/plots/little-seismograph/fixture)
   Compiling conduit-ai v0.1.0 (/home/dancxjo/conduit-5208-plot-journey/semantics/ai)
    Checking conduit-midi v0.1.0 (/home/dancxjo/conduit-5208-plot-journey/mechanisms/protocols/midi)
    Checking conduit-synth v0.1.0 (/home/dancxjo/conduit-5208-plot-journey/mechanisms/implementations/synth)
    Checking conduit-birth-plot v0.1.0 (/home/dancxjo/conduit-5208-plot-journey/plots/birth)
   Compiling conduit-education v0.1.0 (/home/dancxjo/conduit-5208-plot-journey/semantics/education)
    Checking conduit-burn-model v0.1.0 (/home/dancxjo/conduit-5208-plot-journey/mechanisms/implementations/burn-model)
    Checking conduit-planner v0.1.0 (/home/dancxjo/conduit-5208-plot-journey/architecture/planner)
    Checking conduit-semantic-catalog v0.1.0 (/home/dancxjo/conduit-5208-plot-journey/semantics/catalog)
    Checking conduit-alife-distributed-conformance v0.1.0 (/home/dancxjo/conduit-5208-plot-journey/proof/conformance/alife-distributed)
    Checking conduit-conduitos-mask-offer v0.1.0 (/home/dancxjo/conduit-5208-plot-journey/targets/conduitos/mask-offer)
   Compiling conduit-speech v0.1.0 (/home/dancxjo/conduit-5208-plot-journey/semantics/speech)
    Checking patchbay-graph v0.1.0 (/home/dancxjo/conduit-5208-plot-journey/plots/patchbay/graph)
    Checking conduit-tour-model v0.1.0 (/home/dancxjo/conduit-5208-plot-journey/plots/tour)
    Checking conduit-host-make v0.1.0 (/home/dancxjo/conduit-5208-plot-journey/make/host)
    Checking patchbay-application v0.1.0 (/home/dancxjo/conduit-5208-plot-journey/plots/patchbay/application)
    Checking conduit-std-offers v0.1.0 (/home/dancxjo/conduit-5208-plot-journey/targets/std/offers)
    Checking conduit-signal-conformance v0.1.0 (/home/dancxjo/conduit-5208-plot-journey/proof/conformance/signal)
    Checking conduit-r1-network-conformance v0.1.0 (/home/dancxjo/conduit-5208-plot-journey/proof/conformance/network-r1)
    Checking conduit-host-browser-make v0.1.0 (/home/dancxjo/conduit-5208-plot-journey/targets/browser/make)
    Checking conduit-host-hosted v0.1.0 (/home/dancxjo/conduit-5208-plot-journey/targets/std/make)
    Checking conduit-host-orange-pi v0.1.0 (/home/dancxjo/conduit-5208-plot-journey/targets/orange-pi/make)
    Checking conduit-host-esp32-make v0.1.0 (/home/dancxjo/conduit-5208-plot-journey/targets/esp32/make)
    Checking conduit-host-rp2040 v0.1.0 (/home/dancxjo/conduit-5208-plot-journey/targets/rp2040/make)
    Checking conduit-linear-framebuffer-make v0.1.0 (/home/dancxjo/conduit-5208-plot-journey/mechanisms/implementations/linear-framebuffer-make)
    Checking conduit-host-conduitos-make v0.1.0 (/home/dancxjo/conduit-5208-plot-journey/targets/conduitos/make)
    Checking conduit-host-avr-make v0.1.0 (/home/dancxjo/conduit-5208-plot-journey/targets/avr/make)
    Checking conduit-host-raspberry-pi v0.1.0 (/home/dancxjo/conduit-5208-plot-journey/targets/raspberry-pi/make)
    Checking conduit-browser-mask-offer v0.1.0 (/home/dancxjo/conduit-5208-plot-journey/targets/browser/mask-offer)
    Checking conduit-body-make v0.1.0 (/home/dancxjo/conduit-5208-plot-journey/make/body)
    Checking conduit-workspace-make v0.1.0 (/home/dancxjo/conduit-5208-plot-journey/make/workspace)
    Checking conduit-browser-runtime v0.1.0 (/home/dancxjo/conduit-5208-plot-journey/targets/browser/runtime)
    Checking conduit-std-host v0.1.0 (/home/dancxjo/conduit-5208-plot-journey/targets/std)
    Finished `dev` profile [unoptimized] target(s) in 3m 30s
