full original proposer owner reservation: RevisionReceipt { retained_bytes_bound: 53843871, preparation_peak_bytes_bound: 85218180, admission_peak_bytes_bound: 396500333, response_retained_bytes_bound: 100978792 }
distinct411 original numerical Source/Plan preparation start
numeric Source Plan journal structural input: lowered_sign_items=7, active_nodes=2, active_cords=3, additional_model_calls=Some(2); full Kernel factory admission follows
distinct411 original numerical Source/Plan preparation complete
actual original411 Source/model target vocative all76scores exact
actual original411 Source/model target object all76scores exact
PASS two exact numeric target calls; pinned fullmodel/dictionary/proposer/Source; no corpus or publicSession claim
	Command being timed: "work/beam-training-candidate/numeric --ignored --exact exact_proposal_v2_source_model_outputs_match_full_resource --nocapture"
	User time (seconds): 63.07
	System time (seconds): 0.10
	Percent of CPU this job got: 99%
	Elapsed (wall clock) time (h:mm:ss or m:ss): 1:03.23
	Average shared text size (kbytes): 0
	Average unshared data size (kbytes): 0
	Average stack size (kbytes): 0
	Average total size (kbytes): 0
	Maximum resident set size (kbytes): 285192
	Average resident set size (kbytes): 0
	Major (requiring I/O) page faults: 0
	Minor (reclaiming a frame) page faults: 70319
	Voluntary context switches: 138
	Involuntary context switches: 335
	Swaps: 0
	File system inputs: 3312
	File system outputs: 32
	Socket messages sent: 0
	Socket messages received: 0
	Signals delivered: 0
	Page size (bytes): 4096
	Exit status: 0
