   Compiling conduit-plot v0.1.0 (/home/dancxjo/conduit-4907-native-reuse/architecture/plot)
error[E0308]: mismatched types
    --> architecture/plot/src/rust_binding/generate_tests.rs:1392:43
     |
1392 |     assert!(PreparedNativeFamily::prepare(&[descriptor; 16], limits).is_ok());
     |             ----------------------------- ^^^^^^^^^^^^^^^^^ expected `&[&NativeFamilyTypeDescriptor]`, found `&[&mut NativeFamilyTypeDescriptor; 16]`
     |             |
     |             arguments to this function are incorrect
     |
     = note: expected reference `&[&'static prepared_family::NativeFamilyTypeDescriptor]`
                found reference `&[&mut prepared_family::NativeFamilyTypeDescriptor; 16]`
note: associated function defined here
    --> architecture/plot/src/rust_binding/prepared_family.rs:89:12
     |
  89 |     pub fn prepare(
     |            ^^^^^^^
  90 |         roots: &[&'static NativeFamilyTypeDescriptor],
     |         ---------------------------------------------

error[E0308]: mismatched types
    --> architecture/plot/src/rust_binding/generate_tests.rs:1394:39
     |
1394 |         PreparedNativeFamily::prepare(&[descriptor; 17], limits),
     |         ----------------------------- ^^^^^^^^^^^^^^^^^ expected `&[&NativeFamilyTypeDescriptor]`, found `&[&mut NativeFamilyTypeDescriptor; 17]`
     |         |
     |         arguments to this function are incorrect
     |
     = note: expected reference `&[&'static prepared_family::NativeFamilyTypeDescriptor]`
                found reference `&[&mut prepared_family::NativeFamilyTypeDescriptor; 17]`
note: associated function defined here
    --> architecture/plot/src/rust_binding/prepared_family.rs:89:12
     |
  89 |     pub fn prepare(
     |            ^^^^^^^
  90 |         roots: &[&'static NativeFamilyTypeDescriptor],
     |         ---------------------------------------------

error[E0277]: the trait bound `&mut prepared_family::NativeFamilyTypeDescriptor: Copy` is not satisfied
    --> architecture/plot/src/rust_binding/generate_tests.rs:1392:45
     |
1392 |     assert!(PreparedNativeFamily::prepare(&[descriptor; 16], limits).is_ok());
     |                                             ^^^^^^^^^^ the trait `Copy` is not implemented for `&mut prepared_family::NativeFamilyTypeDescriptor`
     |
     = note: `Copy` is implemented for `&prepared_family::NativeFamilyTypeDescriptor`, but not for `&mut prepared_family::NativeFamilyTypeDescriptor`
     = note: the `Copy` trait is required because this value will be copied for each element of the array
     = help: consider using `core::array::from_fn` to initialize the array
     = help: see https://doc.rust-lang.org/stable/std/array/fn.from_fn.html for more information

Some errors have detailed explanations: E0277, E0308.
For more information about an error, try `rustc --explain E0277`.
error: could not compile `conduit-plot` (lib test) due to 3 previous errors
