numeric Source Plan journal structural input: lowered_sign_items=7, active_nodes=2, active_cords=3, additional_model_calls=Some(4096); full Kernel factory admission follows
scoped_merge_preparation_native=PreparedNativeFamilyStorageReceipt { types: 11, retained_heap_bytes_bound: 19919, preparation_peak_heap_bytes_bound: 754801, conversion_requested_bytes_bound: 196870190 } composer=ParserCompositionReceipt { preparation_requested_bytes_bound: 1457725, retained_requested_bytes_bound: 703908 }
scoped_merge_receipt=Stats { merges: 1718, encode_nanos: 17354327890, cap_issuance_nanos: 43309285762, canonical_source_native_nanos: 439288752251, final_native_nanos: 24150741650, maximum5cap_retained_bytes: 61778 }
	Command being timed: "work/beam-candidate-actual/corpus --ignored --exact actual_proposal_window8_corpus --nocapture"
	User time (seconds): 781.51
	System time (seconds): 0.11
	Percent of CPU this job got: 99%
	Elapsed (wall clock) time (h:mm:ss or m:ss): 13:05.10
	Average shared text size (kbytes): 0
	Average unshared data size (kbytes): 0
	Average stack size (kbytes): 0
	Average total size (kbytes): 0
	Maximum resident set size (kbytes): 328240
	Average resident set size (kbytes): 0
	Major (requiring I/O) page faults: 0
	Minor (reclaiming a frame) page faults: 75300
	Voluntary context switches: 137
	Involuntary context switches: 11427
	Swaps: 0
	File system inputs: 3248
	File system outputs: 2056
	Socket messages sent: 0
	Socket messages received: 0
	Signals delivered: 0
	Page size (bytes): 4096
	Exit status: 0
