   Compiling serde v1.0.229
   Compiling conduit-assigned-plan v0.1.0 (/home/dancxjo/conduit-4907-native-reuse/architecture/assigned-plan)
   Compiling conduit-core v0.1.0 (/home/dancxjo/conduit-4907-native-reuse/architecture/core)
   Compiling conduit-plot v0.1.0 (/home/dancxjo/conduit-4907-native-reuse/architecture/plot)
   Compiling conduit-time v0.1.0 (/home/dancxjo/conduit-4907-native-reuse/semantics/time)
   Compiling conduit-data v0.1.0 (/home/dancxjo/conduit-4907-native-reuse/semantics/data)
   Compiling byteorder v1.5.0
   Compiling semver v1.0.28
   Compiling rustc_version v0.4.1
   Compiling stable_deref_trait v1.2.1
   Compiling scopeguard v1.2.0
   Compiling lock_api v0.4.14
   Compiling heapless v0.7.17
   Compiling conduit-human v0.1.0 (/home/dancxjo/conduit-4907-native-reuse/semantics/human)
   Compiling spin v0.9.9
   Compiling hash32 v0.2.1
   Compiling conduit-audio v0.1.0 (/home/dancxjo/conduit-4907-native-reuse/semantics/audio)
   Compiling postcard v1.1.3
   Compiling conduit-presentation v0.1.0 (/home/dancxjo/conduit-4907-native-reuse/semantics/presentation)
   Compiling minicbor v2.3.0
   Compiling conduit-body v0.1.0 (/home/dancxjo/conduit-4907-native-reuse/architecture/body)
   Compiling conduit-web v0.1.0 (/home/dancxjo/conduit-4907-native-reuse/semantics/web)
   Compiling conduit-net v0.1.0 (/home/dancxjo/conduit-4907-native-reuse/semantics/net)
   Compiling conduit-text v0.1.0 (/home/dancxjo/conduit-4907-native-reuse/semantics/text)
   Compiling conduit-education v0.1.0 (/home/dancxjo/conduit-4907-native-reuse/semantics/education)
   Compiling conduit-alife v0.1.0 (/home/dancxjo/conduit-4907-native-reuse/semantics/alife)
   Compiling conduit-purpose v0.1.0 (/home/dancxjo/conduit-4907-native-reuse/semantics/purpose)
   Compiling conduit-process v0.1.0 (/home/dancxjo/conduit-4907-native-reuse/semantics/process)
   Compiling conduit-robotics v0.1.0 (/home/dancxjo/conduit-4907-native-reuse/semantics/robotics)
   Compiling conduit-kernel v0.1.0 (/home/dancxjo/conduit-4907-native-reuse/architecture/kernel)
   Compiling heapless v0.8.0
   Compiling conduit-plan-lowering v0.1.0 (/home/dancxjo/conduit-4907-native-reuse/architecture/plan-lowering)
   Compiling conduit-ai v0.1.0 (/home/dancxjo/conduit-4907-native-reuse/semantics/ai)
   Compiling hash32 v0.3.1
   Compiling conduit-language v0.1.0 (/home/dancxjo/conduit-4907-native-reuse/semantics/language)
