Publication history: {"stage":"before-acquisition","git":"git version 2.53.0","head":"0acf94d2f105c45b95e0e0b60def7c6bbfaa832e","shallow":"false","commonDir":"/home/dancxjo/conduit/.git","boundary":null}
Publication history: {"stage":"post-acquisition","git":"git version 2.53.0","head":"0acf94d2f105c45b95e0e0b60def7c6bbfaa832e","shallow":"false","commonDir":"/home/dancxjo/conduit/.git","boundary":null}
{
  "root": "site/evidence/todo-browser-development",
  "sourceCommit": "99399c157c6e1d7d7fe740a312315b4709dccafd",
  "browserRuntimeCommit": "f7778c323e1ffdc4c939ba27e59ca58cf0da7195",
  "bodyId": "335e956d4370f3373b62cdef8a6990b4a1ed414cd693f3d8ee92403b5fcff287",
  "continuousBodyId": "1c98eda18c73b70d5a22bba685a02910b4b098530979c0b4d1034217d5476033",
  "continuousCommit": "78510e96269ed1c7f40565b8b0083456d6060e4d",
  "longListActionsCommit": "88f187fdb2263dee9cfca49b7e3182fd7df8a7dd",
  "longListBrowserCommit": "459e672cbb83495f4677a3cff60be18be55a8a04",
  "spokenCommit": "801c83b46cb46296f0a198df2b0b7538bada09c3",
  "detailCommit": "c49b89b58170762299cbceb36c4e52ea7d71eb9b",
  "nativeCommit": "2924980b11a30466aa110904472e4659cd7439cc",
  "nativeHarnessCommit": "2086faa0c866bcc85d1de6cd5389bc3bc96d72eb",
  "nativeAcknowledgedCommit": "b962715e2a022603f6fe7d07e7b0ef12832111b6",
  "nativeActionCommit": "56481bf14857bdc62f54d30b1c424cfe5c92f896",
  "browserAfterNativeCommit": "459e672cbb83495f4677a3cff60be18be55a8a04"
}
PASS actual complete-history admission and retained Todo gate
