   Compiling serde v1.0.229
   Compiling conduit-core v0.1.0 (/home/dancxjo/conduit-5208-plot-journey/architecture/core)
   Compiling thiserror v2.0.20
   Compiling curve25519-dalek v4.1.3
   Compiling cipher v0.4.4
   Compiling cobs v0.3.0
   Compiling static-automata-macros v1.0.3
   Compiling chacha20 v0.9.1
   Compiling static-automata v1.0.3
   Compiling chacha20poly1305 v0.10.1
   Compiling langtag v1.1.0
   Compiling noise-rust-crypto v0.6.2
   Compiling conduit-assigned-plan v0.1.0 (/home/dancxjo/conduit-5208-plot-journey/architecture/assigned-plan)
   Compiling postcard v1.1.3
   Compiling conduit-kernel v0.1.0 (/home/dancxjo/conduit-5208-plot-journey/architecture/kernel)
   Compiling ed25519-dalek v2.2.0
   Compiling toml_datetime v0.6.11
   Compiling serde_spanned v0.6.9
   Compiling heapless v0.8.0
   Compiling toml_edit v0.22.27
   Compiling speaking v0.1.0 (https://github.com/dancxjo/tongues.git?rev=b5d7535b2ccd3730b4db878fb61b2e4e48ae89c9#b5d7535b)
   Compiling serde-json-core v0.6.0
   Compiling x25519-dalek v2.0.1
   Compiling patchbay-control v0.1.0 (/home/dancxjo/conduit-5208-plot-journey/plots/patchbay)
   Compiling conduit-protected-line v0.1.0 (/home/dancxjo/conduit-5208-plot-journey/architecture/protected-line)
   Compiling toml v0.8.23
   Compiling conduit-plot v0.1.0 (/home/dancxjo/conduit-5208-plot-journey/architecture/plot)
   Compiling conduit-body v0.1.0 (/home/dancxjo/conduit-5208-plot-journey/architecture/body)
   Compiling conduit-plan-lowering v0.1.0 (/home/dancxjo/conduit-5208-plot-journey/architecture/plan-lowering)
   Compiling conduit-composite v0.1.0 (/home/dancxjo/conduit-5208-plot-journey/architecture/composite)
   Compiling conduit-time v0.1.0 (/home/dancxjo/conduit-5208-plot-journey/semantics/time)
   Compiling conduit-human v0.1.0 (/home/dancxjo/conduit-5208-plot-journey/semantics/human)
   Compiling conduit-audio v0.1.0 (/home/dancxjo/conduit-5208-plot-journey/semantics/audio)
   Compiling conduit-web v0.1.0 (/home/dancxjo/conduit-5208-plot-journey/semantics/web)
   Compiling conduit-text v0.1.0 (/home/dancxjo/conduit-5208-plot-journey/semantics/text)
   Compiling conduit-language v0.1.0 (/home/dancxjo/conduit-5208-plot-journey/semantics/language)
   Compiling conduit-net v0.1.0 (/home/dancxjo/conduit-5208-plot-journey/semantics/net)
   Compiling conduit-process v0.1.0 (/home/dancxjo/conduit-5208-plot-journey/semantics/process)
   Compiling conduit-alife v0.1.0 (/home/dancxjo/conduit-5208-plot-journey/semantics/alife)
   Compiling conduit-purpose v0.1.0 (/home/dancxjo/conduit-5208-plot-journey/semantics/purpose)
   Compiling conduit-robotics v0.1.0 (/home/dancxjo/conduit-5208-plot-journey/semantics/robotics)
   Compiling conduit-chat v0.1.0 (/home/dancxjo/conduit-5208-plot-journey/semantics/chat)
   Compiling conduit-tongues v0.1.0 (/home/dancxjo/conduit-5208-plot-journey/semantics/tongues)
   Compiling conduit-signal v0.1.0 (/home/dancxjo/conduit-5208-plot-journey/semantics/signal)
   Compiling conduit-wire v0.1.0 (/home/dancxjo/conduit-5208-plot-journey/architecture/wire)
   Compiling conduit-body-invitation-plot v0.1.0 (/home/dancxjo/conduit-5208-plot-journey/semantics/body-invitation)
   Compiling conduit-tutorial-plot v0.1.0 (/home/dancxjo/conduit-5208-plot-journey/semantics/tutorial)
   Compiling conduit-data v0.1.0 (/home/dancxjo/conduit-5208-plot-journey/semantics/data)
   Compiling conduit-presentation v0.1.0 (/home/dancxjo/conduit-5208-plot-journey/semantics/presentation)
   Compiling conduit-plot-library v0.1.0 (/home/dancxjo/conduit-5208-plot-journey/semantics/plot-library)
   Compiling conduit-bluetooth v0.1.0 (/home/dancxjo/conduit-5208-plot-journey/mechanisms/protocols/bluetooth)
   Compiling conduit-little-seismograph-fixture v0.1.0 (/home/dancxjo/conduit-5208-plot-journey/plots/little-seismograph/fixture)
   Compiling conduit-education v0.1.0 (/home/dancxjo/conduit-5208-plot-journey/semantics/education)
   Compiling conduit-ai v0.1.0 (/home/dancxjo/conduit-5208-plot-journey/semantics/ai)
   Compiling conduit-midi v0.1.0 (/home/dancxjo/conduit-5208-plot-journey/mechanisms/protocols/midi)
   Compiling conduit-synth v0.1.0 (/home/dancxjo/conduit-5208-plot-journey/mechanisms/implementations/synth)
   Compiling conduit-birth-plot v0.1.0 (/home/dancxjo/conduit-5208-plot-journey/plots/birth)
   Compiling conduit-planner v0.1.0 (/home/dancxjo/conduit-5208-plot-journey/architecture/planner)
   Compiling conduit-semantic-catalog v0.1.0 (/home/dancxjo/conduit-5208-plot-journey/semantics/catalog)
   Compiling conduit-host-make v0.1.0 (/home/dancxjo/conduit-5208-plot-journey/make/host)
   Compiling patchbay-graph v0.1.0 (/home/dancxjo/conduit-5208-plot-journey/plots/patchbay/graph)
   Compiling conduit-tour-model v0.1.0 (/home/dancxjo/conduit-5208-plot-journey/plots/tour)
   Compiling patchbay-application v0.1.0 (/home/dancxjo/conduit-5208-plot-journey/plots/patchbay/application)
   Compiling conduit-std-offers v0.1.0 (/home/dancxjo/conduit-5208-plot-journey/targets/std/offers)
   Compiling conduit-signal-conformance v0.1.0 (/home/dancxjo/conduit-5208-plot-journey/proof/conformance/signal)
   Compiling conduit-host-browser-make v0.1.0 (/home/dancxjo/conduit-5208-plot-journey/targets/browser/make)
   Compiling conduit-body-make v0.1.0 (/home/dancxjo/conduit-5208-plot-journey/make/body)
   Compiling conduit-host-hosted v0.1.0 (/home/dancxjo/conduit-5208-plot-journey/targets/std/make)
   Compiling conduit-browser-mask-offer v0.1.0 (/home/dancxjo/conduit-5208-plot-journey/targets/browser/mask-offer)
   Compiling conduit-host-orange-pi v0.1.0 (/home/dancxjo/conduit-5208-plot-journey/targets/orange-pi/make)
   Compiling conduit-host-raspberry-pi v0.1.0 (/home/dancxjo/conduit-5208-plot-journey/targets/raspberry-pi/make)
   Compiling conduit-host-rp2040 v0.1.0 (/home/dancxjo/conduit-5208-plot-journey/targets/rp2040/make)
   Compiling conduit-linear-framebuffer-make v0.1.0 (/home/dancxjo/conduit-5208-plot-journey/mechanisms/implementations/linear-framebuffer-make)
   Compiling conduit-host-conduitos-make v0.1.0 (/home/dancxjo/conduit-5208-plot-journey/targets/conduitos/make)
   Compiling conduit-host-esp32-make v0.1.0 (/home/dancxjo/conduit-5208-plot-journey/targets/esp32/make)
   Compiling conduit-host-avr-make v0.1.0 (/home/dancxjo/conduit-5208-plot-journey/targets/avr/make)
   Compiling conduit-browser-runtime v0.1.0 (/home/dancxjo/conduit-5208-plot-journey/targets/browser/runtime)
    Finished `test` profile [unoptimized] target(s) in 37.52s
     Running unittests src/lib.rs (/home/dancxjo/conduit/target/debug/deps/conduit_browser_runtime-f30090387cbe7bdb)

running 1 test
test installed_browser::catalogs::conversation_tests::browser_workspace_can_check_model_authoring_without_offering_training ... ok

test result: ok. 1 passed; 0 failed; 0 ignored; 0 measured; 362 filtered out; finished in 0.03s

