   Compiling syn v3.0.6
   Compiling zeroize v1.9.0
   Compiling curve25519-dalek v4.1.3
   Compiling ed25519-dalek v2.2.0
   Compiling stable_deref_trait v1.2.1
   Compiling thiserror-impl v1.0.69
   Compiling thiserror v1.0.69
   Compiling str-newtype-derive v2.0.0
   Compiling getrandom v0.2.17
   Compiling dirs-sys v0.5.0
   Compiling str-newtype v2.0.0
   Compiling synstructure v0.14.0
   Compiling dirs v6.0.0
   Compiling smallvec v1.16.1
   Compiling rand_core v0.6.4
   Compiling serde_derive v1.0.229
   Compiling thiserror-impl v2.0.20
   Compiling thiserror v2.0.20
   Compiling cobs v0.3.0
   Compiling static-automata-macros v1.0.3
   Compiling static-automata v1.0.3
   Compiling langtag v1.1.0
   Compiling zerofrom-derive v0.1.8
   Compiling serde v1.0.229
   Compiling conduit-assigned-plan v0.1.0 (/home/dancxjo/conduit-5208-plot-journey/architecture/assigned-plan)
   Compiling conduit-core v0.1.0 (/home/dancxjo/conduit-5208-plot-journey/architecture/core)
   Compiling conduit-plot v0.1.0 (/home/dancxjo/conduit-5208-plot-journey/architecture/plot)
   Compiling conduit-time v0.1.0 (/home/dancxjo/conduit-5208-plot-journey/semantics/time)
   Compiling conduit-kernel v0.1.0 (/home/dancxjo/conduit-5208-plot-journey/architecture/kernel)
   Compiling conduit-human v0.1.0 (/home/dancxjo/conduit-5208-plot-journey/semantics/human)
   Compiling postcard v1.1.3
   Compiling conduit-body v0.1.0 (/home/dancxjo/conduit-5208-plot-journey/architecture/body)
   Compiling conduit-presentation v0.1.0 (/home/dancxjo/conduit-5208-plot-journey/semantics/presentation)
   Compiling conduit-data v0.1.0 (/home/dancxjo/conduit-5208-plot-journey/semantics/data)
   Compiling conduit-audio v0.1.0 (/home/dancxjo/conduit-5208-plot-journey/semantics/audio)
   Compiling conduit-language v0.1.0 (/home/dancxjo/conduit-5208-plot-journey/semantics/language)
   Compiling conduit-web v0.1.0 (/home/dancxjo/conduit-5208-plot-journey/semantics/web)
   Compiling conduit-net v0.1.0 (/home/dancxjo/conduit-5208-plot-journey/semantics/net)
   Compiling conduit-text v0.1.0 (/home/dancxjo/conduit-5208-plot-journey/semantics/text)
   Compiling conduit-alife v0.1.0 (/home/dancxjo/conduit-5208-plot-journey/semantics/alife)
   Compiling conduit-education v0.1.0 (/home/dancxjo/conduit-5208-plot-journey/semantics/education)
   Compiling conduit-purpose v0.1.0 (/home/dancxjo/conduit-5208-plot-journey/semantics/purpose)
   Compiling conduit-process v0.1.0 (/home/dancxjo/conduit-5208-plot-journey/semantics/process)
   Compiling conduit-robotics v0.1.0 (/home/dancxjo/conduit-5208-plot-journey/semantics/robotics)
   Compiling conduit-midi v0.1.0 (/home/dancxjo/conduit-5208-plot-journey/mechanisms/protocols/midi)
   Compiling toml_datetime v0.6.11
   Compiling serde_spanned v0.6.9
   Compiling toml_edit v0.22.27
   Compiling toml v0.8.23
   Compiling conduit-ai v0.1.0 (/home/dancxjo/conduit-5208-plot-journey/semantics/ai)
   Compiling conduit-planner v0.1.0 (/home/dancxjo/conduit-5208-plot-journey/architecture/planner)
   Compiling conduit-semantic-catalog v0.1.0 (/home/dancxjo/conduit-5208-plot-journey/semantics/catalog)
   Compiling conduit-host-make v0.1.0 (/home/dancxjo/conduit-5208-plot-journey/make/host)
   Compiling conduit-plan-lowering v0.1.0 (/home/dancxjo/conduit-5208-plot-journey/architecture/plan-lowering)
   Compiling conduit-signal v0.1.0 (/home/dancxjo/conduit-5208-plot-journey/semantics/signal)
   Compiling conduit-chat v0.1.0 (/home/dancxjo/conduit-5208-plot-journey/semantics/chat)
   Compiling conduit-tongues v0.1.0 (/home/dancxjo/conduit-5208-plot-journey/semantics/tongues)
   Compiling heapless v0.8.0
   Compiling speaking v0.1.0 (https://github.com/dancxjo/tongues.git?rev=b5d7535b2ccd3730b4db878fb61b2e4e48ae89c9#b5d7535b)
   Compiling serde-json-core v0.6.0
   Compiling zerofrom v0.1.8
   Compiling yoke-derive v0.8.3
   Compiling yoke v0.8.3
   Compiling zerovec-derive v0.11.6
   Compiling zerovec v0.11.8
   Compiling conduit-wire v0.1.0 (/home/dancxjo/conduit-5208-plot-journey/architecture/wire)
   Compiling displaydoc v0.2.7
   Compiling log v0.4.34
   Compiling cipher v0.4.4
   Compiling universal-hash v0.5.1
   Compiling simd-adler32 v0.3.10
   Compiling writeable v0.6.4
   Compiling poly1305 v0.8.0
   Compiling chacha20 v0.9.1
   Compiling zerocopy v0.8.57
   Compiling crc32fast v1.5.2
   Compiling chacha20poly1305 v0.10.1
   Compiling ring v0.17.14
   Compiling tinystr v0.8.4
   Compiling conduit-tutorial-plot v0.1.0 (/home/dancxjo/conduit-5208-plot-journey/semantics/tutorial)
   Compiling rustls-pki-types v1.15.1
   Compiling tongues-pipeline v0.1.0 (https://github.com/dancxjo/tongues.git?rev=b5d7535b2ccd3730b4db878fb61b2e4e48ae89c9#b5d7535b)
   Compiling conduit-std-offers v0.1.0 (/home/dancxjo/conduit-5208-plot-journey/targets/std/offers)
   Compiling litemap v0.8.3
   Compiling icu_locale_fallback_data v2.3.0
   Compiling num-traits v0.2.19
   Compiling icu_locale_core v2.3.0
   Compiling noise-rust-crypto v0.6.2
   Compiling miniz_oxide v0.9.1
   Compiling conduit-bluetooth v0.1.0 (/home/dancxjo/conduit-5208-plot-journey/mechanisms/protocols/bluetooth)
   Compiling potential_utf v0.1.6
   Compiling zerotrie v0.2.5
   Compiling conduit-host-browser-make v0.1.0 (/home/dancxjo/conduit-5208-plot-journey/targets/browser/make)
   Compiling conduit-composite v0.1.0 (/home/dancxjo/conduit-5208-plot-journey/architecture/composite)
   Compiling patchbay-graph v0.1.0 (/home/dancxjo/conduit-5208-plot-journey/plots/patchbay/graph)
   Compiling conduit-body-invitation-plot v0.1.0 (/home/dancxjo/conduit-5208-plot-journey/semantics/body-invitation)
   Compiling conduit-plot-library v0.1.0 (/home/dancxjo/conduit-5208-plot-journey/semantics/plot-library)
   Compiling patchbay-control v0.1.0 (/home/dancxjo/conduit-5208-plot-journey/plots/patchbay)
   Compiling x25519-dalek v2.0.1
   Compiling icu_segmenter_data v2.3.0
   Compiling float-cmp v0.9.0
   Compiling bytemuck v1.25.2
   Compiling strict-num v0.1.1
   Compiling conduit-protected-line v0.1.0 (/home/dancxjo/conduit-5208-plot-journey/architecture/protected-line)
   Compiling patchbay-application v0.1.0 (/home/dancxjo/conduit-5208-plot-journey/plots/patchbay/application)
   Compiling ppv-lite86 v0.2.21
   Compiling icu_provider v2.3.1
   Compiling conduit-signal-conformance v0.1.0 (/home/dancxjo/conduit-5208-plot-journey/proof/conformance/signal)
   Compiling flate2 v1.1.10
   Compiling conduit-host-hosted v0.1.0 (/home/dancxjo/conduit-5208-plot-journey/targets/std/make)
   Compiling conduit-host-esp32-make v0.1.0 (/home/dancxjo/conduit-5208-plot-journey/targets/esp32/make)
   Compiling conduit-host-avr-make v0.1.0 (/home/dancxjo/conduit-5208-plot-journey/targets/avr/make)
   Compiling conduit-host-orange-pi v0.1.0 (/home/dancxjo/conduit-5208-plot-journey/targets/orange-pi/make)
   Compiling conduit-host-conduitos-make v0.1.0 (/home/dancxjo/conduit-5208-plot-journey/targets/conduitos/make)
   Compiling conduit-host-raspberry-pi v0.1.0 (/home/dancxjo/conduit-5208-plot-journey/targets/raspberry-pi/make)
   Compiling conduit-host-rp2040 v0.1.0 (/home/dancxjo/conduit-5208-plot-journey/targets/rp2040/make)
   Compiling conduit-linear-framebuffer-make v0.1.0 (/home/dancxjo/conduit-5208-plot-journey/mechanisms/implementations/linear-framebuffer-make)
   Compiling conduit-tour-model v0.1.0 (/home/dancxjo/conduit-5208-plot-journey/plots/tour)
   Compiling conduit-synth v0.1.0 (/home/dancxjo/conduit-5208-plot-journey/mechanisms/implementations/synth)
   Compiling conduit-birth-plot v0.1.0 (/home/dancxjo/conduit-5208-plot-journey/plots/birth)
   Compiling conduit-observatory v0.1.0 (/home/dancxjo/conduit-5208-plot-journey/architecture/observatory)
   Compiling utf8parse v0.2.2
   Compiling portable-atomic v1.15.0
   Compiling once_cell v1.21.4
   Compiling futures-sink v0.3.34
   Compiling arrayref v0.3.9
   Compiling tiny-skia-path v0.11.4
   Compiling anstyle-parse v1.0.0
   Compiling rustls v0.23.45
   Compiling icu_collections v2.3.0
   Compiling icu_locale_fallback v2.3.0
   Compiling rand_chacha v0.3.1
   Compiling rustls-webpki v0.103.15
   Compiling parking_lot_core v0.9.12
   Compiling conduit-browser-mask-offer v0.1.0 (/home/dancxjo/conduit-5208-plot-journey/targets/browser/mask-offer)
   Compiling miniz_oxide v0.8.9
   Compiling fdeflate v0.3.7
   Compiling conduit-body-make v0.1.0 (/home/dancxjo/conduit-5208-plot-journey/make/body)
   Compiling conduit-little-seismograph-fixture v0.1.0 (/home/dancxjo/conduit-5208-plot-journey/plots/little-seismograph/fixture)
   Compiling conduit-finance v0.1.0 (/home/dancxjo/conduit-5208-plot-journey/semantics/finance)
   Compiling conduit-home-model v0.1.0 (/home/dancxjo/conduit-5208-plot-journey/semantics/home)
   Compiling conduit-speech v0.1.0 (/home/dancxjo/conduit-5208-plot-journey/semantics/speech)
   Compiling kurbo v0.11.3
   Compiling heapless v0.7.17
   Compiling strsim v0.11.1
   Compiling anstyle-query v1.1.5
   Compiling futures-task v0.3.34
   Compiling is_terminal_polyfill v1.70.2
   Compiling colorchoice v1.0.5
   Compiling anstyle v1.0.14
   Compiling png v0.17.16
   Compiling anstream v1.0.0
   Compiling conduit-browser-runtime v0.1.0 (/home/dancxjo/conduit-5208-plot-journey/targets/browser/runtime)
   Compiling futures-util v0.3.34
   Compiling ureq-proto v0.6.4
   Compiling svgtypes v0.15.3
   Compiling rand v0.10.3
   Compiling icu_segmenter v2.3.0
   Compiling parking_lot v0.12.5
   Compiling rand v0.8.8
   Compiling ordered-float v3.9.2
   Compiling futures-channel v0.3.34
   Compiling console v0.16.6
   Compiling webpki-roots v1.0.9
   Compiling simplecss v0.2.2
   Compiling num_cpus v1.17.0
   Compiling conduitos v0.1.0 (/home/dancxjo/conduit-5208-plot-journey/targets/conduitos)
   Compiling data-url v0.3.2
   Compiling imagesize v0.13.0
   Compiling heck v0.5.0
   Compiling conduit-create-oi v0.1.0 (/home/dancxjo/conduit-5208-plot-journey/mechanisms/devices/create-oi)
   Compiling unit-prefix v0.5.2
   Compiling roxmltree v0.20.0
   Compiling futures-io v0.3.34
   Compiling pulldown-cmark v0.12.2
   Compiling smawk v0.3.3
   Compiling xmlwriter v0.1.0
   Compiling pico-args v0.5.0
   Compiling clap_lex v1.1.1
   Compiling clap_builder v4.6.7
   Compiling usvg v0.45.1
   Compiling textwrap v0.16.4
   Compiling ureq v3.4.2
   Compiling futures v0.3.34
   Compiling indicatif v0.18.6
   Compiling clap_derive v4.6.7
   Compiling tungstenite v0.30.0
   Compiling instant-distance v0.6.1
   Compiling getrandom v0.3.4
   Compiling tiny-skia v0.11.4
   Compiling conduit-workspace-make v0.1.0 (/home/dancxjo/conduit-5208-plot-journey/make/workspace)
   Compiling conduit-r1-network-conformance v0.1.0 (/home/dancxjo/conduit-5208-plot-journey/proof/conformance/network-r1)
   Compiling rgb v0.8.53
   Compiling getopts v0.2.24
   Compiling conduit-patchbay-workbench-conformance v0.1.0 (/home/dancxjo/conduit-5208-plot-journey/proof/conformance/patchbay-workbench)
   Compiling rustls-pemfile v2.2.0
   Compiling conduit-alife-distributed-conformance v0.1.0 (/home/dancxjo/conduit-5208-plot-journey/proof/conformance/alife-distributed)
   Compiling conduit-conduitos-mask-offer v0.1.0 (/home/dancxjo/conduit-5208-plot-journey/targets/conduitos/mask-offer)
   Compiling patchbay-workbench-host-contract v0.1.0 (/home/dancxjo/conduit-5208-plot-journey/plots/patchbay/workbench/host-contract)
   Compiling conduit-rp2040-network-realization v0.1.0 (/home/dancxjo/conduit-5208-plot-journey/targets/rp2040/network-realization)
   Compiling sha1 v0.10.7
   Compiling pulldown-cmark-escape v0.11.0
   Compiling unicase v2.9.0
   Compiling conduit-mpu6050 v0.1.0 (/home/dancxjo/conduit-5208-plot-journey/mechanisms/devices/mpu6050)
   Compiling base64 v0.13.1
   Compiling embedded-websocket v0.9.5
   Compiling conduit-pete v0.1.0 (/home/dancxjo/conduit-5208-plot-journey/bodies/pete)
   Compiling conduit-patchbay-workbench v0.1.0 (/home/dancxjo/conduit-5208-plot-journey/plots/patchbay/workbench/model)
   Compiling resvg v0.45.1
   Compiling clap v4.6.7
   Compiling cliclack v0.5.6
   Compiling conduit-embedded-build v0.1.0 (/home/dancxjo/conduit-5208-plot-journey/make/embedded-build)
   Compiling conduit-std-host v0.1.0 (/home/dancxjo/conduit-5208-plot-journey/targets/std)
   Compiling xtask v0.1.0 (/home/dancxjo/conduit-5208-plot-journey/tools/xtask)
    Finished `test` profile [unoptimized] target(s) in 4m 15s
     Running unittests src/main.rs (/home/dancxjo/conduit/target/debug/deps/xtask-05ef20fa878d9cfc)

running 18 tests
test commands::plots::browser::batch::tests::plan_and_play_identities_are_nonempty_bounded_and_printable ... ok
test commands::plots::browser::batch::tests::local_tooling_is_exact_and_never_uses_npx ... ok
test commands::plots::browser::tests::missing_repository_playwright_is_unavailable_without_network_fallback ... ok
test commands::plots::deterministic::tests::absence_inapplicability_and_conflicting_declarations_remain_distinct ... ok
test commands::plots::browser::batch::tests::malformed_duplicate_and_unknown_evidence_fail_closed ... ok
test commands::plots::browser::batch::tests::parses_multiple_records_and_preserves_individual_failure ... ok
test commands::plots::deterministic::tests::failure_reason_keeps_the_bounded_diagnostic_tail ... ok
test commands::plots::tests::quiet_check_suppresses_human_output_without_hiding_json ... ok
test commands::plots::browser::tests::absence_inapplicability_and_conflicting_declarations_remain_distinct ... ok
test commands::plots::tests::reusable_entries_refuse_empty_duplicate_and_root_identities ... ok
test commands::plots::deterministic::tests::exact_plan_and_play_evidence_is_required_when_declared ... ok
test commands::plots::tests::initial_body_bundle_is_selected_by_the_shared_inventory ... ok
test commands::plots::tests::standard_catalog_checks_the_current_house_model_contract ... ok
test commands::plots::tests::one_source_failure_does_not_prevent_later_inventory_results ... ok
test commands::plots::tests::composition_check_refuses_an_inexact_occurrence_declaration ... ok
test commands::plots::tests::combined_workload_is_projected_without_static_execution_claims ... ok
test commands::plots::report::tests::static_report_has_every_mode_without_execution_claims ... ok
test commands::plots::tests::explicit_inventory_covers_canonical_sources_and_checks_every_entry ... ok

test result: ok. 18 passed; 0 failed; 0 ignored; 0 measured; 459 filtered out; finished in 4.86s

