    Checking serde v1.0.229
    Checking zeroize v1.9.0
   Compiling conduit-time v0.1.0 (/home/dancxjo/conduit-integer-categorical-foundation/semantics/time)
    Checking thiserror v2.0.20
    Checking cobs v0.3.0
    Checking curve25519-dalek v4.1.3
   Compiling conduit-data v0.1.0 (/home/dancxjo/conduit-integer-categorical-foundation/semantics/data)
    Checking conduit-assigned-plan v0.1.0 (/home/dancxjo/conduit-integer-categorical-foundation/architecture/assigned-plan)
    Checking conduit-core v0.1.0 (/home/dancxjo/conduit-integer-categorical-foundation/architecture/core)
    Checking conduit-kernel v0.1.0 (/home/dancxjo/conduit-integer-categorical-foundation/architecture/kernel)
    Checking ed25519-dalek v2.2.0
    Checking postcard v1.1.3
    Checking hashbrown v0.17.1
    Checking serde_spanned v0.6.9
    Checking toml_datetime v0.6.11
   Compiling conduit-ai v0.1.0 (/home/dancxjo/conduit-integer-categorical-foundation/semantics/ai)
    Checking indexmap v2.14.2
    Checking str-newtype v2.0.0
    Checking static-automata v1.0.3
   Compiling find-msvc-tools v0.1.13
   Compiling cc v1.4.7
    Checking toml_edit v0.22.27
    Checking toml v0.8.23
    Checking heapless v0.8.0
    Checking langtag v1.1.0
   Compiling conduit-tongues v0.1.0 (/home/dancxjo/conduit-integer-categorical-foundation/semantics/tongues)
    Checking serde-json-core v0.6.0
    Checking speaking v0.1.0 (https://github.com/dancxjo/tongues.git?rev=b5d7535b2ccd3730b4db878fb61b2e4e48ae89c9#b5d7535b)
   Compiling ring v0.17.14
   Compiling conduit-wire v0.1.0 (/home/dancxjo/conduit-integer-categorical-foundation/architecture/wire)
    Checking cipher v0.4.4
    Checking rustls-pki-types v1.15.1
    Checking chacha20 v0.9.1
    Checking zerocopy v0.8.57
    Checking conduit-plot v0.1.0 (/home/dancxjo/conduit-integer-categorical-foundation/architecture/plot)
    Checking conduit-body v0.1.0 (/home/dancxjo/conduit-integer-categorical-foundation/architecture/body)
    Checking conduit-plan-lowering v0.1.0 (/home/dancxjo/conduit-integer-categorical-foundation/architecture/plan-lowering)
    Checking ppv-lite86 v0.2.21
    Checking chacha20poly1305 v0.10.1
   Compiling conduit-language v0.1.0 (/home/dancxjo/conduit-integer-categorical-foundation/semantics/language)
    Checking conduit-human v0.1.0 (/home/dancxjo/conduit-integer-categorical-foundation/semantics/human)
    Checking conduit-web v0.1.0 (/home/dancxjo/conduit-integer-categorical-foundation/semantics/web)
    Checking conduit-net v0.1.0 (/home/dancxjo/conduit-integer-categorical-foundation/semantics/net)
    Checking conduit-presentation v0.1.0 (/home/dancxjo/conduit-integer-categorical-foundation/semantics/presentation)
    Checking conduit-audio v0.1.0 (/home/dancxjo/conduit-integer-categorical-foundation/semantics/audio)
    Checking conduit-text v0.1.0 (/home/dancxjo/conduit-integer-categorical-foundation/semantics/text)
    Checking conduit-alife v0.1.0 (/home/dancxjo/conduit-integer-categorical-foundation/semantics/alife)
    Checking conduit-robotics v0.1.0 (/home/dancxjo/conduit-integer-categorical-foundation/semantics/robotics)
    Checking conduit-midi v0.1.0 (/home/dancxjo/conduit-integer-categorical-foundation/mechanisms/protocols/midi)
    Checking conduit-education v0.1.0 (/home/dancxjo/conduit-integer-categorical-foundation/semantics/education)
    Checking conduit-process v0.1.0 (/home/dancxjo/conduit-integer-categorical-foundation/semantics/process)
    Checking conduit-purpose v0.1.0 (/home/dancxjo/conduit-integer-categorical-foundation/semantics/purpose)
    Checking conduit-todo-plot v0.1.0 (/home/dancxjo/conduit-integer-categorical-foundation/plots/todo/model)
    Checking conduit-bluetooth v0.1.0 (/home/dancxjo/conduit-integer-categorical-foundation/mechanisms/protocols/bluetooth)
   Compiling conduit-tutorial-plot v0.1.0 (/home/dancxjo/conduit-integer-categorical-foundation/semantics/tutorial)
   Compiling conduit-body-invitation-plot v0.1.0 (/home/dancxjo/conduit-integer-categorical-foundation/semantics/body-invitation)
   Compiling conduit-plot-library v0.1.0 (/home/dancxjo/conduit-integer-categorical-foundation/semantics/plot-library)
    Checking smallvec v1.16.1
    Checking parking_lot_core v0.9.12
   Compiling rustls v0.23.45
    Checking num-traits v0.2.19
    Checking noise-rust-crypto v0.6.2
    Checking rand_chacha v0.3.1
    Checking rustls-webpki v0.103.15
    Checking x25519-dalek v2.0.1
    Checking patchbay-control v0.1.0 (/home/dancxjo/conduit-integer-categorical-foundation/plots/patchbay)
   Compiling conduit-finance v0.1.0 (/home/dancxjo/conduit-integer-categorical-foundation/semantics/finance)
    Checking conduit-protected-line v0.1.0 (/home/dancxjo/conduit-integer-categorical-foundation/architecture/protected-line)
    Checking rand v0.10.2
    Checking rand v0.8.8
    Checking ordered-float v3.9.2
    Checking parking_lot v0.12.5
    Checking conduit-birth-plot v0.1.0 (/home/dancxjo/conduit-integer-categorical-foundation/plots/birth)
    Checking conduit-synth v0.1.0 (/home/dancxjo/conduit-integer-categorical-foundation/mechanisms/implementations/synth)
    Checking conduit-little-seismograph-fixture v0.1.0 (/home/dancxjo/conduit-integer-categorical-foundation/plots/little-seismograph/fixture)
    Checking conduit-composite v0.1.0 (/home/dancxjo/conduit-integer-categorical-foundation/architecture/composite)
    Checking webpki-roots v1.0.9
    Checking ureq v3.4.2
    Checking conduit-chat v0.1.0 (/home/dancxjo/conduit-integer-categorical-foundation/semantics/chat)
    Checking tungstenite v0.30.0
    Checking instant-distance v0.6.1
    Checking conduit-rp2040-network-realization v0.1.0 (/home/dancxjo/conduit-integer-categorical-foundation/targets/rp2040/network-realization)
    Checking rustls-pemfile v2.2.0
    Checking conduit-emergency-keyword-spotter v0.1.0 (/home/dancxjo/conduit-integer-categorical-foundation/mechanisms/implementations/emergency-keyword-spotter)
   Compiling conduit-speech v0.1.0 (/home/dancxjo/conduit-integer-categorical-foundation/semantics/speech)
    Checking conduit-planner v0.1.0 (/home/dancxjo/conduit-integer-categorical-foundation/architecture/planner)
    Checking conduit-semantic-catalog v0.1.0 (/home/dancxjo/conduit-integer-categorical-foundation/semantics/catalog)
    Checking conduit-alife-distributed-conformance v0.1.0 (/home/dancxjo/conduit-integer-categorical-foundation/proof/conformance/alife-distributed)
    Checking conduit-host-make v0.1.0 (/home/dancxjo/conduit-integer-categorical-foundation/make/host)
    Checking conduit-signal v0.1.0 (/home/dancxjo/conduit-integer-categorical-foundation/semantics/signal)
    Checking patchbay-graph v0.1.0 (/home/dancxjo/conduit-integer-categorical-foundation/plots/patchbay/graph)
    Checking patchbay-application v0.1.0 (/home/dancxjo/conduit-integer-categorical-foundation/plots/patchbay/application)
    Checking conduit-std-offers v0.1.0 (/home/dancxjo/conduit-integer-categorical-foundation/targets/std/offers)
    Checking conduit-signal-conformance v0.1.0 (/home/dancxjo/conduit-integer-categorical-foundation/proof/conformance/signal)
    Checking conduit-tour-model v0.1.0 (/home/dancxjo/conduit-integer-categorical-foundation/plots/tour)
    Checking conduit-host-browser-make v0.1.0 (/home/dancxjo/conduit-integer-categorical-foundation/targets/browser/make)
    Checking conduit-host-orange-pi v0.1.0 (/home/dancxjo/conduit-integer-categorical-foundation/targets/orange-pi/make)
    Checking conduit-browser-mask-offer v0.1.0 (/home/dancxjo/conduit-integer-categorical-foundation/targets/browser/mask-offer)
    Checking conduit-host-hosted v0.1.0 (/home/dancxjo/conduit-integer-categorical-foundation/targets/std/make)
    Checking conduit-host-avr-make v0.1.0 (/home/dancxjo/conduit-integer-categorical-foundation/targets/avr/make)
    Checking conduit-linear-framebuffer-make v0.1.0 (/home/dancxjo/conduit-integer-categorical-foundation/mechanisms/implementations/linear-framebuffer-make)
    Checking conduit-host-esp32-make v0.1.0 (/home/dancxjo/conduit-integer-categorical-foundation/targets/esp32/make)
    Checking conduit-host-raspberry-pi v0.1.0 (/home/dancxjo/conduit-integer-categorical-foundation/targets/raspberry-pi/make)
    Checking conduit-host-conduitos-make v0.1.0 (/home/dancxjo/conduit-integer-categorical-foundation/targets/conduitos/make)
    Checking conduit-host-rp2040 v0.1.0 (/home/dancxjo/conduit-integer-categorical-foundation/targets/rp2040/make)
    Checking conduit-body-make v0.1.0 (/home/dancxjo/conduit-integer-categorical-foundation/make/body)
    Checking conduit-r1-network-conformance v0.1.0 (/home/dancxjo/conduit-integer-categorical-foundation/proof/conformance/network-r1)
    Checking conduit-browser-runtime v0.1.0 (/home/dancxjo/conduit-integer-categorical-foundation/targets/browser/runtime)
    Checking conduit-std-host v0.1.0 (/home/dancxjo/conduit-integer-categorical-foundation/targets/std)
    Finished `dev` profile [unoptimized] target(s) in 3m 13s
