	Command being timed: "work/coherent-merged-beam/fixture /home/dancxjo/conduit-4907-production-custody/target/debug/build/conduit-language-4dd0a68dfcbdd7e1/out"
	User time (seconds): 85.27
	System time (seconds): 0.01
	Percent of CPU this job got: 99%
	Elapsed (wall clock) time (h:mm:ss or m:ss): 1:25.34
	Average shared text size (kbytes): 0
	Average unshared data size (kbytes): 0
	Average stack size (kbytes): 0
	Average total size (kbytes): 0
	Maximum resident set size (kbytes): 66008
	Average resident set size (kbytes): 0
	Major (requiring I/O) page faults: 0
	Minor (reclaiming a frame) page faults: 17378
	Voluntary context switches: 11
	Involuntary context switches: 869
	Swaps: 0
	File system inputs: 1040
	File system outputs: 16
	Socket messages sent: 0
	Socket messages received: 0
	Signals delivered: 0
	Page size (bytes): 4096
	Exit status: 0
