numeric Source Plan journal structural input: lowered_sign_items=7, active_nodes=2, active_cords=3, additional_model_calls=Some(4096); full Kernel factory admission follows
	Command being timed: "work/corrected411-runtime/corpus --ignored --exact actual_proposal_window8_corpus --nocapture"
	User time (seconds): 4879.31
	System time (seconds): 0.21
	Percent of CPU this job got: 99%
	Elapsed (wall clock) time (h:mm:ss or m:ss): 1:21:38
	Average shared text size (kbytes): 0
	Average unshared data size (kbytes): 0
	Average stack size (kbytes): 0
	Average total size (kbytes): 0
	Maximum resident set size (kbytes): 326404
	Average resident set size (kbytes): 0
	Major (requiring I/O) page faults: 0
	Minor (reclaiming a frame) page faults: 75169
	Voluntary context switches: 157
	Involuntary context switches: 58654
	Swaps: 0
	File system inputs: 3272
	File system outputs: 22472
	Socket messages sent: 0
	Socket messages received: 0
	Signals delivered: 0
	Page size (bytes): 4096
	Exit status: 0
