   Compiling syn v3.0.6
   Compiling serde_core v1.0.229
   Compiling typenum v1.20.1
   Compiling generic-array v0.14.7
   Compiling crypto-common v0.1.7
   Compiling block-buffer v0.10.4
   Compiling digest v0.10.7
   Compiling memchr v2.8.3
   Compiling libc v0.2.189
   Compiling serde_derive v1.0.229
   Compiling sha2 v0.10.9
   Compiling thiserror-impl v2.0.20
   Compiling thiserror v2.0.20
   Compiling serde_json v1.0.151
   Compiling serde v1.0.229
   Compiling conduit-assigned-plan v0.1.0 (/home/dancxjo/conduit-5208-plot-journey/architecture/assigned-plan)
   Compiling conduit-core v0.1.0 (/home/dancxjo/conduit-5208-plot-journey/architecture/core)
   Compiling conduit-plot v0.1.0 (/home/dancxjo/conduit-5208-plot-journey/architecture/plot)
   Compiling conduit-time v0.1.0 (/home/dancxjo/conduit-5208-plot-journey/semantics/time)
   Compiling zeroize v1.9.0
   Compiling conduit-kernel v0.1.0 (/home/dancxjo/conduit-5208-plot-journey/architecture/kernel)
   Compiling subtle v2.6.1
   Compiling zerocopy v0.8.57
   Compiling curve25519-dalek v4.1.3
   Compiling conduit-human v0.1.0 (/home/dancxjo/conduit-5208-plot-journey/semantics/human)
   Compiling allocator-api2 v0.2.21
   Compiling equivalent v1.0.2
   Compiling foldhash v0.2.0
   Compiling conduit-data v0.1.0 (/home/dancxjo/conduit-5208-plot-journey/semantics/data)
   Compiling signature v2.2.0
   Compiling ed25519 v2.2.3
   Compiling hashbrown v0.17.1
   Compiling cobs v0.3.0
   Compiling postcard v1.1.3
   Compiling conduit-presentation v0.1.0 (/home/dancxjo/conduit-5208-plot-journey/semantics/presentation)
   Compiling num-traits v0.2.19
   Compiling ed25519-dalek v2.2.0
   Compiling conduit-body v0.1.0 (/home/dancxjo/conduit-5208-plot-journey/architecture/body)
   Compiling conduit-audio v0.1.0 (/home/dancxjo/conduit-5208-plot-journey/semantics/audio)
   Compiling bytemuck_derive v1.12.1
   Compiling bytemuck v1.25.2
   Compiling conduit-language v0.1.0 (/home/dancxjo/conduit-5208-plot-journey/semantics/language)
   Compiling cpufeatures v0.3.1
   Compiling smallvec v1.16.1
   Compiling conduit-web v0.1.0 (/home/dancxjo/conduit-5208-plot-journey/semantics/web)
   Compiling pin-project-lite v0.2.17
   Compiling half v2.7.1
   Compiling once_cell v1.21.4
   Compiling conduit-net v0.1.0 (/home/dancxjo/conduit-5208-plot-journey/semantics/net)
   Compiling conduit-alife v0.1.0 (/home/dancxjo/conduit-5208-plot-journey/semantics/alife)
   Compiling conduit-text v0.1.0 (/home/dancxjo/conduit-5208-plot-journey/semantics/text)
   Compiling bytes v1.12.1
   Compiling conduit-education v0.1.0 (/home/dancxjo/conduit-5208-plot-journey/semantics/education)
   Compiling conduit-process v0.1.0 (/home/dancxjo/conduit-5208-plot-journey/semantics/process)
   Compiling conduit-robotics v0.1.0 (/home/dancxjo/conduit-5208-plot-journey/semantics/robotics)
   Compiling conduit-purpose v0.1.0 (/home/dancxjo/conduit-5208-plot-journey/semantics/purpose)
   Compiling futures-core v0.3.34
   Compiling crossbeam-utils v0.8.23
   Compiling parking_lot_core v0.9.12
   Compiling rand_core v0.10.1
   Compiling log v0.4.34
   Compiling parking_lot v0.12.5
   Compiling conduit-midi v0.1.0 (/home/dancxjo/conduit-5208-plot-journey/mechanisms/protocols/midi)
   Compiling portable-atomic v1.15.0
   Compiling getrandom v0.4.3
   Compiling futures-io v0.3.34
   Compiling bitflags v2.13.2
   Compiling parking v2.2.1
   Compiling chacha20 v0.10.2
   Compiling fastrand v2.5.0
   Compiling rand v0.10.3
   Compiling event-listener v5.4.2
   Compiling adler2 v2.0.1
   Compiling winnow v1.0.4
   Compiling gimli v0.32.3
   Compiling conduit-planner v0.1.0 (/home/dancxjo/conduit-5208-plot-journey/architecture/planner)
   Compiling ciborium-io v0.2.2
   Compiling ciborium-ll v0.2.2
   Compiling addr2line v0.25.1
   Compiling toml_parser v1.1.4+spec-1.1.0
   Compiling miniz_oxide v0.8.9
   Compiling event-listener-strategy v0.5.4
   Compiling object v0.37.3
   Compiling conduit-semantic-catalog v0.1.0 (/home/dancxjo/conduit-5208-plot-journey/semantics/catalog)
   Compiling raw-cpuid v11.6.0
   Compiling concurrent-queue v2.5.0
   Compiling num-complex v0.4.6
   Compiling serde_spanned v1.1.2
   Compiling toml_datetime v1.1.2+spec-1.1.0
   Compiling byteorder v1.5.0
   Compiling toml_writer v1.1.3+spec-1.1.0
   Compiling pulp-wasm-simd-flag v0.1.1
   Compiling reborrow v0.5.5
   Compiling rustc-demangle v0.1.28
   Compiling backtrace v0.3.76
   Compiling pulp v0.22.3
   Compiling dyn-stack v0.13.2
   Compiling toml v1.1.7+spec-1.1.0
   Compiling async-channel v2.5.0
   Compiling ciborium v0.2.2
   Compiling futures-lite v2.6.1
   Compiling spin v0.12.3
   Compiling nom v8.0.0
   Compiling serde_bytes v0.11.19
   Compiling etcetera v0.11.0
   Compiling embassy-futures v0.1.2
   Compiling oneshot v0.2.1
   Compiling web-time v1.1.0
   Compiling cubecl-environment v0.11.0
   Compiling tynm v0.2.0
   Compiling gemm-common v0.19.0
   Compiling derive_more v2.1.1
   Compiling float8 v0.7.0
   Compiling indexmap v2.14.2
   Compiling hashbrown v0.16.1
   Compiling serde_spanned v0.6.9
   Compiling toml_datetime v0.6.11
   Compiling toml_write v0.1.2
   Compiling winnow v0.7.15
   Compiling data-encoding v2.11.1
   Compiling cubecl-common v0.11.0
   Compiling toml_edit v0.22.27
   Compiling ahash v0.8.12
   Compiling cubecl-zspace v0.11.0
   Compiling rand_distr v0.6.0
   Compiling uuid v1.26.1
   Compiling burn-std v0.22.0
   Compiling toml v0.8.23
   Compiling getrandom v0.2.17
   Compiling hybrid-array v0.4.15
   Compiling enumset v1.1.14
   Compiling conduit-host-make v0.1.0 (/home/dancxjo/conduit-5208-plot-journey/make/host)
   Compiling burn-backend v0.22.0
   Compiling block-buffer v0.12.1
   Compiling crypto-common v0.2.2
   Compiling gemm-f32 v0.19.0
   Compiling conduit-ai v0.1.0 (/home/dancxjo/conduit-5208-plot-journey/semantics/ai)
   Compiling const-oid v0.10.2
   Compiling digest v0.11.3
   Compiling gemm-f16 v0.19.0
   Compiling gemm-f64 v0.19.0
   Compiling gemm-c64 v0.19.0
   Compiling gemm-c32 v0.19.0
   Compiling siphasher v1.0.3
   Compiling phf_shared v0.11.3
   Compiling gemm v0.19.0
   Compiling burn-ir v0.22.0
   Compiling static-automata-macros v1.0.3
   Compiling option-ext v0.2.0
   Compiling dirs-sys v0.5.0
   Compiling static-automata v1.0.3
   Compiling str-newtype v2.0.0
   Compiling burn-flex v0.22.0
   Compiling phf v0.11.3
   Compiling burn-autodiff v0.22.0
   Compiling hash32 v0.3.1
   Compiling burn-backend-extension v0.22.0
   Compiling aho-corasick v1.1.5
   Compiling regex-syntax v0.8.11
   Compiling tinyvec v1.13.3
   Compiling unicode-normalization v0.1.25
   Compiling burn-derive v0.22.0
   Compiling regex-automata v0.4.18
   Compiling burn-dispatch v0.22.0
   Compiling heapless v0.8.0
   Compiling isolang v2.4.0
   Compiling langtag v1.1.0
   Compiling anyhow v1.0.104
   Compiling dirs v6.0.0
   Compiling sha2 v0.11.0
   Compiling ppv-lite86 v0.2.21
   Compiling conduit-plan-lowering v0.1.0 (/home/dancxjo/conduit-5208-plot-journey/architecture/plan-lowering)
   Compiling conduit-signal v0.1.0 (/home/dancxjo/conduit-5208-plot-journey/semantics/signal)
   Compiling conduit-chat v0.1.0 (/home/dancxjo/conduit-5208-plot-journey/semantics/chat)
   Compiling conduit-tongues v0.1.0 (/home/dancxjo/conduit-5208-plot-journey/semantics/tongues)
   Compiling getrandom v0.3.4
   Compiling colored v3.1.1
   Compiling burn-tensor v0.22.0
   Compiling serde-json-core v0.6.0
   Compiling speaking v0.1.0 (https://github.com/dancxjo/tongues.git?rev=b5d7535b2ccd3730b4db878fb61b2e4e48ae89c9#b5d7535b)
   Compiling regex v1.13.1
   Compiling burn-pack v0.22.0
   Compiling untrusted v0.9.0
   Compiling ring v0.17.14
   Compiling burn-core v0.22.0
   Compiling rand_core v0.6.4
   Compiling rustls-pki-types v1.15.1
   Compiling conduit-wire v0.1.0 (/home/dancxjo/conduit-5208-plot-journey/architecture/wire)
   Compiling inout v0.1.4
   Compiling linux-raw-sys v0.12.1
   Compiling rustix v1.1.5
   Compiling cipher v0.4.4
   Compiling universal-hash v0.5.1
   Compiling opaque-debug v0.3.1
   Compiling percent-encoding v2.3.2
   Compiling poly1305 v0.8.0
   Compiling chacha20 v0.9.1
   Compiling crossbeam-epoch v0.9.21
   Compiling conduit-std-offers v0.1.0 (/home/dancxjo/conduit-5208-plot-journey/targets/std/offers)
   Compiling tempfile v3.27.0
   Compiling aead v0.5.2
   Compiling synstructure v0.14.0
   Compiling arrayvec v0.7.8
   Compiling base64 v0.23.1
   Compiling noise-protocol v0.2.1
   Compiling chacha20poly1305 v0.10.1
   Compiling safetensors v0.8.0
   Compiling crossbeam-deque v0.8.8
   Compiling conduit-bluetooth v0.1.0 (/home/dancxjo/conduit-5208-plot-journey/mechanisms/protocols/bluetooth)
   Compiling httparse v1.10.1
   Compiling burn-linalg v0.22.0
   Compiling conduit-host-browser-make v0.1.0 (/home/dancxjo/conduit-5208-plot-journey/targets/browser/make)
   Compiling http v1.5.0
   Compiling conduit-body-invitation-plot v0.1.0 (/home/dancxjo/conduit-5208-plot-journey/semantics/body-invitation)
   Compiling conduit-tutorial-plot v0.1.0 (/home/dancxjo/conduit-5208-plot-journey/semantics/tutorial)
   Compiling conduit-plot-library v0.1.0 (/home/dancxjo/conduit-5208-plot-journey/semantics/plot-library)
   Compiling memmap2 v0.9.11
   Compiling textdistance v1.1.1
   Compiling burn-store v0.22.0
   Compiling burn-nn v0.22.0
   Compiling conduit-signal-conformance v0.1.0 (/home/dancxjo/conduit-5208-plot-journey/proof/conformance/signal)
   Compiling rayon-core v1.13.0
   Compiling noise-rust-crypto v0.6.2
   Compiling zerofrom-derive v0.1.8
   Compiling conduit-host-hosted v0.1.0 (/home/dancxjo/conduit-5208-plot-journey/targets/std/make)
   Compiling rustls-webpki v0.103.15
   Compiling rand_chacha v0.3.1
   Compiling x25519-dalek v2.0.1
   Compiling burn-optim v0.22.0
   Compiling conduit-speech v0.1.0 (/home/dancxjo/conduit-5208-plot-journey/semantics/speech)
   Compiling conduit-linear-framebuffer-make v0.1.0 (/home/dancxjo/conduit-5208-plot-journey/mechanisms/implementations/linear-framebuffer-make)
   Compiling conduit-host-raspberry-pi v0.1.0 (/home/dancxjo/conduit-5208-plot-journey/targets/raspberry-pi/make)
   Compiling conduit-host-conduitos-make v0.1.0 (/home/dancxjo/conduit-5208-plot-journey/targets/conduitos/make)
   Compiling conduit-host-orange-pi v0.1.0 (/home/dancxjo/conduit-5208-plot-journey/targets/orange-pi/make)
   Compiling conduit-host-rp2040 v0.1.0 (/home/dancxjo/conduit-5208-plot-journey/targets/rp2040/make)
   Compiling conduit-host-avr-make v0.1.0 (/home/dancxjo/conduit-5208-plot-journey/targets/avr/make)
   Compiling conduit-host-esp32-make v0.1.0 (/home/dancxjo/conduit-5208-plot-journey/targets/esp32/make)
   Compiling patchbay-graph v0.1.0 (/home/dancxjo/conduit-5208-plot-journey/plots/patchbay/graph)
   Compiling conduit-finance v0.1.0 (/home/dancxjo/conduit-5208-plot-journey/semantics/finance)
   Compiling patchbay-control v0.1.0 (/home/dancxjo/conduit-5208-plot-journey/plots/patchbay)
   Compiling either v1.18.0
   Compiling rayon v1.12.0
   Compiling patchbay-application v0.1.0 (/home/dancxjo/conduit-5208-plot-journey/plots/patchbay/application)
   Compiling burn v0.22.0
   Compiling conduit-protected-line v0.1.0 (/home/dancxjo/conduit-5208-plot-journey/architecture/protected-line)
   Compiling rand v0.8.8
   Compiling rustls v0.23.45
   Compiling zerofrom v0.1.8
   Compiling ureq-proto v0.6.4
   Compiling conduit-browser-mask-offer v0.1.0 (/home/dancxjo/conduit-5208-plot-journey/targets/browser/mask-offer)
   Compiling yoke-derive v0.8.3
   Compiling webpki-roots v1.0.9
   Compiling conduit-composite v0.1.0 (/home/dancxjo/conduit-5208-plot-journey/architecture/composite)
   Compiling sha1 v0.11.0
   Compiling conduit-body-make v0.1.0 (/home/dancxjo/conduit-5208-plot-journey/make/body)
   Compiling conduit-tour-model v0.1.0 (/home/dancxjo/conduit-5208-plot-journey/plots/tour)
   Compiling conduit-synth v0.1.0 (/home/dancxjo/conduit-5208-plot-journey/mechanisms/implementations/synth)
   Compiling conduit-birth-plot v0.1.0 (/home/dancxjo/conduit-5208-plot-journey/plots/birth)
   Compiling conduit-little-seismograph-fixture v0.1.0 (/home/dancxjo/conduit-5208-plot-journey/plots/little-seismograph/fixture)
   Compiling ordered-float v3.9.2
   Compiling num_cpus v1.17.0
   Compiling utf8-zero v0.8.1
   Compiling qrcode v0.14.1
   Compiling conduit-browser-runtime v0.1.0 (/home/dancxjo/conduit-5208-plot-journey/targets/browser/runtime)
   Compiling ureq v3.4.2
   Compiling instant-distance v0.6.1
   Compiling tungstenite v0.30.0
   Compiling yoke v0.8.3
   Compiling conduit-burn-model v0.1.0 (/home/dancxjo/conduit-5208-plot-journey/mechanisms/implementations/burn-model)
   Compiling conduit-r1-network-conformance v0.1.0 (/home/dancxjo/conduit-5208-plot-journey/proof/conformance/network-r1)
   Compiling rustls-pemfile v2.2.0
   Compiling conduit-alife-distributed-conformance v0.1.0 (/home/dancxjo/conduit-5208-plot-journey/proof/conformance/alife-distributed)
   Compiling conduit-rp2040-network-realization v0.1.0 (/home/dancxjo/conduit-5208-plot-journey/targets/rp2040/network-realization)
   Compiling conduit-emergency-keyword-spotter v0.1.0 (/home/dancxjo/conduit-5208-plot-journey/mechanisms/implementations/emergency-keyword-spotter)
   Compiling zerovec-derive v0.11.6
   Compiling zerovec v0.11.8
   Compiling displaydoc v0.2.7
   Compiling tinystr v0.8.4
   Compiling litemap v0.8.3
   Compiling writeable v0.6.4
   Compiling icu_locale_core v2.3.0
   Compiling zerotrie v0.2.5
   Compiling potential_utf v0.1.6
   Compiling icu_properties_data v2.3.0
   Compiling utf8_iter v1.0.4
   Compiling icu_normalizer_data v2.3.0
   Compiling icu_collections v2.3.0
   Compiling icu_provider v2.3.1
   Compiling memoffset v0.7.1
   Compiling errno v0.3.14
   Compiling futures-sink v0.3.34
   Compiling signal-hook-registry v1.4.8
   Compiling icu_normalizer v2.3.0
   Compiling icu_properties v2.3.0
   Compiling rand_core v0.9.5
   Compiling mio v1.2.3
   Compiling socket2 v0.6.5
   Compiling tokio-macros v2.7.2
   Compiling tokio v1.53.1
   Compiling rand_chacha v0.9.0
   Compiling idna_adapter v1.2.2
   Compiling futures-channel v0.3.34
   Compiling futures-macro v0.3.34
   Compiling slab v0.4.12
   Compiling bitflags v1.3.2
   Compiling pin-utils v0.1.0
   Compiling futures-task v0.3.34
   Compiling futures-util v0.3.34
   Compiling nix v0.26.4
   Compiling idna v1.1.0
   Compiling rand v0.9.5
   Compiling form_urlencoded v1.2.2
   Compiling async-trait v0.1.92
   Compiling crc-catalog v2.5.0
   Compiling deranged v0.5.8
   Compiling num-conv v0.2.2
   Compiling powerfmt v0.2.0
   Compiling leb128fmt v0.1.0
   Compiling lazy_static v1.5.0
   Compiling time-core v0.1.9
   Compiling ipnet v2.12.2
   Compiling webrtc-util v0.17.2
   Compiling time v0.3.55
   Compiling wasm-encoder v0.259.0
   Compiling crc v3.4.0
   Compiling url v2.5.8
   Compiling futures-executor v0.3.34
   Compiling md-5 v0.10.6
   Compiling unicode-width v0.2.2
   Compiling bumpalo v3.20.3
   Compiling base64 v0.22.1
   Compiling stun v0.17.2
   Compiling wast v259.0.0
   Compiling futures v0.3.34
   Compiling yasna v0.6.0
   Compiling tokio-util v0.7.19
   Compiling pem v4.0.0
   Compiling conduit-observatory v0.1.0 (/home/dancxjo/conduit-5208-plot-journey/architecture/observatory)
   Compiling conduit-workspace-make v0.1.0 (/home/dancxjo/conduit-5208-plot-journey/make/workspace)
   Compiling rcgen v0.14.10
   Compiling turn v0.17.2
   Compiling wat v1.259.0
   Compiling conduit-std-host v0.1.0 (/home/dancxjo/conduit-5208-plot-journey/targets/std)
    Finished `test` profile [unoptimized] target(s) in 4m 31s
     Running tests/burn_plot_journey.rs (/home/dancxjo/conduit/target/debug/deps/burn_plot_journey-ec03032f313bcde4)

running 1 test

thread 'ordinary_plot_trains_saves_reloads_and_infers' (1813426) panicked at targets/std/tests/burn_plot_journey.rs:84:6:
called `Result::unwrap()` on an `Err` value: InvalidPlotIdentity("external Fore port 'request' value contract does not match its selected Back")
note: run with `RUST_BACKTRACE=1` environment variable to display a backtrace
test ordinary_plot_trains_saves_reloads_and_infers ... FAILED

failures:

failures:
    ordinary_plot_trains_saves_reloads_and_infers

test result: FAILED. 0 passed; 1 failed; 0 ignored; 0 measured; 0 filtered out; finished in 0.03s

error: test failed, to rerun pass `-p conduit-std-host --test burn_plot_journey`
