   Compiling serde v1.0.229
   Compiling bytemuck v1.25.2
   Compiling memchr v2.8.3
   Compiling half v2.7.1
   Compiling libc v0.2.189
   Compiling crossbeam-utils v0.8.23
   Compiling smallvec v1.16.1
   Compiling serde_json v1.0.151
   Compiling getrandom v0.4.3
   Compiling futures-core v0.3.34
   Compiling ciborium-ll v0.2.2
   Compiling concurrent-queue v2.5.0
   Compiling portable-atomic v1.15.0
   Compiling rand v0.10.3
   Compiling parking_lot_core v0.9.12
   Compiling object v0.37.3
   Compiling num-complex v0.4.6
   Compiling dyn-stack v0.13.2
   Compiling futures-lite v2.6.1
   Compiling pulp v0.22.3
   Compiling backtrace v0.3.76
   Compiling parking_lot v0.12.5
   Compiling spin v0.12.3
   Compiling async-channel v2.5.0
   Compiling ciborium v0.2.2
   Compiling nom v8.0.0
   Compiling bytes v1.12.1
   Compiling cubecl-environment v0.11.0
   Compiling gemm-common v0.19.0
   Compiling tynm v0.2.0
   Compiling float8 v0.7.0
   Compiling thiserror v2.0.20
   Compiling cubecl-common v0.11.0
   Compiling cubecl-zspace v0.11.0
   Compiling rand_distr v0.6.0
   Compiling data-encoding v2.11.1
   Compiling gemm-f32 v0.19.0
   Compiling burn-std v0.22.0
   Compiling gemm-f16 v0.19.0
   Compiling gemm-f64 v0.19.0
   Compiling burn-backend v0.22.0
   Compiling gemm-c64 v0.19.0
   Compiling gemm-c32 v0.19.0
   Compiling gemm v0.19.0
   Compiling burn-ir v0.22.0
   Compiling burn-autodiff v0.22.0
   Compiling aho-corasick v1.1.5
   Compiling burn-flex v0.22.0
   Compiling regex-automata v0.4.18
   Compiling crypto-common v0.1.7
   Compiling burn-pack v0.22.0
   Compiling digest v0.10.7
   Compiling regex v1.13.1
   Compiling sha2 v0.10.9
   Compiling burn-dispatch v0.22.0
   Compiling burn-tensor v0.22.0
   Compiling conduit-assigned-plan v0.1.0 (/home/dancxjo/conduit-5208-plot-journey/architecture/assigned-plan)
   Compiling burn-core v0.22.0
   Compiling conduit-core v0.1.0 (/home/dancxjo/conduit-5208-plot-journey/architecture/core)
   Compiling tempfile v3.27.0
   Compiling conduit-ai v0.1.0 (/home/dancxjo/conduit-5208-plot-journey/semantics/ai)
   Compiling safetensors v0.8.0
   Compiling burn-linalg v0.22.0
   Compiling memmap2 v0.9.11
   Compiling burn-store v0.22.0
   Compiling burn-nn v0.22.0
   Compiling conduit-plot v0.1.0 (/home/dancxjo/conduit-5208-plot-journey/architecture/plot)
   Compiling conduit-time v0.1.0 (/home/dancxjo/conduit-5208-plot-journey/semantics/time)
   Compiling conduit-data v0.1.0 (/home/dancxjo/conduit-5208-plot-journey/semantics/data)
   Compiling burn-optim v0.22.0
   Compiling burn v0.22.0
warning: unused import: `ToString`
  --> semantics/ai/src/model_work_contract.rs:11:22
   |
11 |     string::{String, ToString},
   |                      ^^^^^^^^
   |
   = note: `#[warn(unused_imports)]` (part of `#[warn(unused)]`) on by default

   Compiling conduit-burn-model v0.1.0 (/home/dancxjo/conduit-5208-plot-journey/mechanisms/implementations/burn-model)
warning: `conduit-ai` (lib) generated 1 warning (run `cargo fix --lib -p conduit-ai` to apply 1 suggestion)
    Finished `test` profile [unoptimized] target(s) in 39.79s
     Running unittests src/lib.rs (/home/dancxjo/conduit/target/debug/deps/conduit_burn_model-88a542fe30c8ed74)

running 0 tests

test result: ok. 0 passed; 0 failed; 0 ignored; 0 measured; 0 filtered out; finished in 0.00s

     Running tests/authoring_contract.rs (/home/dancxjo/conduit/target/debug/deps/authoring_contract-37cbd8039c93108c)

running 3 tests
test authoring_contract_refuses_invalid_profiles ... ok
test fresh_initialization_refuses_unrelated_base_weights ... ok
test signature_batch_bound_cannot_exceed_realization_admission ... ok

test result: ok. 3 passed; 0 failed; 0 ignored; 0 measured; 0 filtered out; finished in 0.06s

     Running tests/checkpoint_contract.rs (/home/dancxjo/conduit/target/debug/deps/checkpoint_contract-703e3f8582549fce)

running 9 tests
test cancellation_and_stale_resume_preserve_live_and_durable_progress ... ok
test checkpoint_failure_retains_durable_cursor ... ok
test checkpoint_reload_preserves_inference ... ok
test corrupt_weight_member_refuses_without_replacing_model ... ok
test failed_pointer_replacement_never_advertises_partial_bundle ... ok
test fresh_runtime_resumes_recorded_step_cursor ... ok
test incompatible_recipe_and_corrupt_checkpoint_refuse_without_mutation ... ok
test inference_off_ramp_has_no_resume_authority ... ok
test inference_reexport_preserves_checkpoint_generation_and_identity ... ok

test result: ok. 9 passed; 0 failed; 0 ignored; 0 measured; 0 filtered out; finished in 0.45s

     Running tests/checkpoint_record_compatibility.rs (/home/dancxjo/conduit/target/debug/deps/checkpoint_record_compatibility-87bfff91bce08508)

running 2 tests
test foreign_optimizer_parameter_ids_refuse_even_with_valid_content_digests ... ok
test incompatible_optimizer_shapes_refuse_even_with_valid_content_digests ... ok

test result: ok. 2 passed; 0 failed; 0 ignored; 0 measured; 0 filtered out; finished in 0.11s

     Running tests/device_contract.rs (/home/dancxjo/conduit/target/debug/deps/device_contract-87feb0ef666c98cc)

running 1 test
test cuda_request_refuses_when_not_compiled ... ok

test result: ok. 1 passed; 0 failed; 0 ignored; 0 measured; 0 filtered out; finished in 0.00s

     Running tests/inference_only.rs (/home/dancxjo/conduit/target/debug/deps/inference_only-492c5379b478d0b5)

running 2 tests
test inference_export_reloads_without_dataset_session_or_optimizer ... ok
test training_adapter_conversion_discards_training_contract ... ok

test result: ok. 2 passed; 0 failed; 0 ignored; 0 measured; 0 filtered out; finished in 0.06s

     Running tests/parameter_policy.rs (/home/dancxjo/conduit/target/debug/deps/parameter_policy-ffe7b1ab852c121e)

running 1 test
test frozen_parameter_group_remains_frozen_after_resume ... ok

test result: ok. 1 passed; 0 failed; 0 ignored; 0 measured; 0 filtered out; finished in 0.07s

     Running tests/retained_journey.rs (/home/dancxjo/conduit/target/debug/deps/retained_journey-b57ddea1e32fd05e)

running 1 test
test retained_cpu_train_resume_export_reload_journey ... ok

test result: ok. 1 passed; 0 failed; 0 ignored; 0 measured; 0 filtered out; finished in 0.21s

     Running tests/state_safety.rs (/home/dancxjo/conduit/target/debug/deps/state_safety-f799b63c437e52f6)

running 7 tests
test cancellation_during_forward_discards_output_and_preserves_state ... ok
test cancellation_during_objective_discards_candidate ... ok
test candidate_storage_exhaustion_retains_committed_state ... ok
test finite_loss_with_nonfinite_gradient_never_commits_candidate ... ok
test frozen_model_never_advertises_or_enters_training ... ok
test invalid_evaluation_batch_refuses_before_objective_execution ... ok
test stale_generation_and_insufficient_work_refuse_before_mutation ... ok

test result: ok. 7 passed; 0 failed; 0 ignored; 0 measured; 0 filtered out; finished in 0.19s

     Running tests/training_contract.rs (/home/dancxjo/conduit/target/debug/deps/training_contract-a827887e466517e3)

running 3 tests
test burn_cpu_loss_decreases ... ok
test cancelled_step_retains_parameters_and_optimizer ... ok
test evaluation_preserves_training_state ... ok

test result: ok. 3 passed; 0 failed; 0 ignored; 0 measured; 0 filtered out; finished in 0.25s

   Doc-tests conduit_burn_model

running 5 tests
test mechanisms/implementations/burn-model/src/checkpoint.rs - checkpoint::BurnAdapter<D>::checkpoint (line 21) - compile fail ... ok
test mechanisms/implementations/burn-model/src/checkpoint.rs - checkpoint::BurnAdapter<D>::export_inference (line 114) - compile fail ... ok
test mechanisms/implementations/burn-model/src/lib.rs - (line 115) - compile ... ok
test mechanisms/implementations/burn-model/src/lib.rs - (line 128) ... ignored
test mechanisms/implementations/burn-model/src/lib.rs - (line 88) - compile ... ok

test result: ok. 4 passed; 0 failed; 1 ignored; 0 measured; 0 filtered out; finished in 0.12s

