   Compiling conduit-ai v0.1.0 (/home/dancxjo/conduit-unicode-ipa/semantics/ai)
   Compiling conduit-chat v0.1.0 (/home/dancxjo/conduit-unicode-ipa/semantics/chat)
   Compiling conduit-tongues v0.1.0 (/home/dancxjo/conduit-unicode-ipa/semantics/tongues)
   Compiling conduit-tutorial-plot v0.1.0 (/home/dancxjo/conduit-unicode-ipa/semantics/tutorial)
   Compiling conduit-std-offers v0.1.0 (/home/dancxjo/conduit-unicode-ipa/targets/std/offers)
   Compiling conduit-host-hosted v0.1.0 (/home/dancxjo/conduit-unicode-ipa/targets/std/make)
   Compiling conduit-signal-conformance v0.1.0 (/home/dancxjo/conduit-unicode-ipa/proof/conformance/signal)
   Compiling conduit-workspace-make v0.1.0 (/home/dancxjo/conduit-unicode-ipa/make/workspace)
   Compiling conduit-r1-network-conformance v0.1.0 (/home/dancxjo/conduit-unicode-ipa/proof/conformance/network-r1)
   Compiling conduit-browser-runtime v0.1.0 (/home/dancxjo/conduit-unicode-ipa/targets/browser/runtime)
   Compiling conduit-std-host v0.1.0 (/home/dancxjo/conduit-unicode-ipa/targets/std)
    Finished `test` profile [unoptimized] target(s) in 30.38s
     Running unittests src/lib.rs (/home/dancxjo/conduit/target/debug/deps/conduit_std_host-2b4e69bcbf111f93)

running 667 tests
test body_clock_line::tests::real_process_clock_responder ... ignored
test acoustic_emergency::tests::admission_requires_current_unmuted_provider_and_exact_birth_contract ... ok
test body_causal_evidence::tests::successful_recovery_metadata_never_implies_a_semantic_terminal ... ok
test body_execution::tests::continuing_body_clock_refuses_regression_and_basis_replacement ... ok
test body_causal_evidence::tests::only_failed_unrecovered_semantic_abnormal_accepts_terminal_correlation ... ok
test body_causal_evidence::tests::lookup_is_exact_and_honors_bounded_visitor_refusal ... ok
test browser_admission::selected_speech_tests::selected_speech_status_requires_a_bounded_correlated_operation ... ok
test acoustic_emergency::tests::recurring_corpus_refuses_partial_wrong_order_and_replay_but_accepts_bounded_noise ... ok
test browser_admission::tests::egress_refuses_wrong_protocol_and_too_small_output ... ok
test browser_admission::tests::bounded_advertisement_round_trips_without_creating_membership ... ok
test body_coordination::conformance::tests::wire_failures_remain_distinct_machine_outcomes ... ok
test browser_admission::tests::acquired_media_truth_and_later_use_plan_are_exact_bounded_frames ... ok
test body_clock_line::tests::adapter_without_identified_monotonic_sample_is_refused ... ok
test body_clock_line::tests::malformed_or_extended_frame_is_refused ... ok
test acoustic_emergency::tests::exact_phrase_requests_only_admitted_authority_reductions_once ... ok
test acoustic_emergency::tests::independent_reduction_proof_does_not_trust_unresponsive_ordinary_work ... ok
test browser_admission::tests::biography_evidence_tests::bounded_validated_biography_evidence_round_trips_separately_from_admission ... ok
test acoustic_emergency::tests::mute_loss_replacement_and_overflow_fail_closed_without_retry ... ok
test browser_admission::tests::exact_return_frames_decode_and_malformed_proof_remains_distinct ... ok
test browser_admission::tests::offer_evidence_tests::admitted_offer_evidence_round_trips_without_becoming_planning_detail ... ok
test browser_admission::tests::offer_evidence_tests::planning_disclosure_request_requires_current_identity_and_canonical_selection ... ok
test browser_admission::tests::presence_renewal_round_trips_and_zero_sequence_is_refused ... ok
test browser_admission::tests::webrtc_bootstrap_bounds_ephemeral_turn_without_making_it_line_authority ... ok
test civil_deadline_wait::tests::rebooted_clock_cannot_satisfy_the_old_deadline ... ok
test browser_admission::tests::malformed_oversized_and_bad_key_frames_are_distinct ... ok
test civil_deadline_wait::tests::wall_steps_do_not_change_an_admitted_monotonic_wait ... ok
test browser_admission::tests::owner_face_frames_require_one_exact_credential_basis_and_bounded_response ... ok
test body_causal_evidence::tests::causal_send_receive_survives_overlapping_inverted_physical_estimates ... ok
test browser_admission::webrtc_signaling::tests::stale_target_wrong_direction_and_duplicate_stage_refuse_without_relay ... ok
test browser_admission::wardrobe_wire_tests::wardrobe_request_uses_correlated_revision_bound_action_shape ... ok
test browser_admission::webrtc_signaling::tests::failed_candidate_preflight_preserves_exact_prior_grant ... ok
test browser_admission::webrtc_signaling::tests::exact_available_pair_routes_offer_then_answer_and_invalidates_on_boot_loss ... ok
test body_clock_line::tests::tcp_clock_handshake_refuses_wrong_preshared_key ... ok
test civil_deadline_wait::tests::resolved_fold_runs_on_one_monotonic_deadline_despite_wall_step ... ok
test browser_admission::tests::bounded_webrtc_grant_request_and_reply_round_trip ... ok
test browser_admission::tests::loopback_socket_carries_one_exact_inert_advertisement_and_refusal ... ok
test body_coordination::tests::two_production_kernel_fragments_exchange_message_and_reply ... ok
test body_clock_line::tests::protected_clock_exchange_crosses_bounded_tcp_frames ... ok
test composition::tests::a_selected_family_contributes_only_its_exact_operation_offers ... ok
test deadline_reactor::tests::equal_deadlines_are_key_ordered_and_cancel_is_exact ... ok
test deadline_reactor::tests::full_duplicate_overflow_and_clock_failure_are_distinct ... ok
test deadline_reactor::tests::hosted_monotonic_clock_uses_the_same_zero_duration_contract ... ok
test deadline_reactor::tests::virtual_clock_uses_the_same_arm_wait_and_wake_contract_without_allocation ... ok
test body_clock_line::tests::protected_two_host_exchange_reconciles_only_admitted_source ... ok
test composition::tests::planner_cannot_obtain_an_unselected_family_from_a_category_prefix ... ok
test direct_spoken_mask::tests::installed_espeak_admits_the_direct_face_mask_without_terminal_attachment ... ignored, requires installed eSpeak NG and data; proves live-provider planning, not audio playback
test direct_spoken_mask_runtime::tests::pre_show_direct_wording_is_an_explicit_bounded_opening ... ok
test distributed_signal::tests::missing_and_stale_observed_links_fail_planning ... ok
test distributed_signal::tests::source_cancellation_releases_in_flight_values_and_rejects_late_acknowledgement ... ok
test composition::tests::external_websocket_listener_is_an_explicit_capability_and_resource_family ... ok
test composition::tests::hosted_http_is_opt_in_and_seals_resources_operations_and_authority ... ok
test direct_spoken_mask::tests::attached_spoken_output_advertises_the_installed_face_tee ... ok
test distributed_toggle::physical_light_switch_tests::planned_kernel_emits_off_on_off ... ok
test distributed_signal::tests::unchanged_plot_prepares_exact_independent_remote_fragments ... ok
test distributed_toggle::source::tests::complete_trigger_wait_rejects_eof ... ok
test distributed_toggle::source::tests::missing_link_binding_fails_toggle_planning ... ok
test direct_spoken_mask::tests::direct_face_artifact_graph_is_an_ordinary_checked_mask ... ok
test distributed_toggle::source::tests::complete_trigger_wait_rejects_read_error ... ok
test external_websocket::tests::peer_message_and_shape_limits_fail_explicitly ... ok
test external_websocket::tests::two_actual_clients_exchange_in_order_and_one_survives_the_other_closing ... ok
test flow_activation::tests::each_allocates_nothing_after_receipt_backed_installation ... ok
test distributed_toggle::source::tests::full_admitted_trigger_sequence_flips_then_closes_exactly ... ok
test flow_activation::tests::production_todo_child_factory_refuses_substituted_plan_facts ... ok
test distributed_toggle::source::tests::unchanged_toggle_plot_prepares_exact_independent_remote_fragments ... ok
test flow_activation::tests::each_and_select_execute_with_pressure_terminal_and_cancellation_truth ... ok
test flow_activation::tests::installation_rejects_stale_identity_and_consumed_receipts ... ok
test flow_activation::tests::fold_and_scan_execute_from_exact_receipt_backed_children ... ok
test flow_activation::tests::pure_todo_scan_handoff_refuses_non_exact_or_effectful_children ... ok
test flow_activation::tests::production_todo_scan_preserves_queue_pressure_and_cancellation ... ok
test flow_activation::tests::todo_commands_advance_one_receipt_backed_scan ... ok
test flow_activation::tests::pure_todo_scan_handoff_preserves_receipts_pressure_and_child_signs ... ok
test flow_activation::todo_scan_offer::tests::offer_refuses_out_of_range_and_distinct_initial_forms ... ok
test host_execution::reporting::tests::terminal_identity_cannot_be_borrowed_from_another_execution ... ok
test hosted_audio::alsa_aplay::tests::exact_pcm_and_continuity_are_validated_before_open ... ok
test hosted_audio::alsa_aplay::tests::wrong_profile_refuses_before_open ... ok
test hosted_audio::discovery::tests::malformed_device_rows_fail_closed ... ok
test hosted_audio::discovery::tests::no_playback_device_is_an_exact_empty_observation_set ... ok
test flow_activation::todo_combine::tests::child_step_bound_refuses_a_second_gear_even_when_its_plan_is_sealed ... ok
test hosted_audio::discovery::tests::parses_only_exact_playback_device_rows_without_opening ... ok
test hosted_audio::fake::tests::injected_cleanup_failure_is_not_clean_completion ... ok
test hosted_audio::fake::tests::cancellation_closes_exactly_from_each_nonterminal_lifecycle ... ok
test hosted_audio::fake::tests::provider_loss_after_first_block_is_active_pcm_loss ... ok
test hosted_audio::fake::tests::unsupported_representation_rate_and_layout_refuse_before_open ... ok
test hosted_audio::profile_tests::playback_profile_is_reusable_without_claiming_a_device ... ok
test hosted_audio::staged::tests::below_lead_pcm_waits_for_input_close_and_drains_to_selected_sink ... ok
test hosted_audio::staged::tests::overflowing_source_position_is_refused_before_queueing_pcm ... ok
test flow_activation::todo_scan_offer::tests::authored_todo_selects_exact_production_offer_and_child ... ok
test hosted_audio::staged::tests::selected_provider_loss_at_drain_is_not_playback_completion ... ok
test hosted_audio::staged::tests::staged_speech_admits_declared_duration_and_refuses_the_next_frame ... ok
test hosted_audio::staged::tests::stop_before_lead_discards_queued_pcm_without_opening_sink ... ok
test hosted_body_conversation_context::tests::line_workload_and_new_wake_replace_current_truth_while_prior_wake_is_stale ... ok
test hosted_body_conversation_context::tests::replacement_is_basis_checked_coalesced_and_loss_is_distinct ... ok
test hosted_body_conversation_context::tests::retained_chat_uses_replacement_host_and_plan_truth_on_the_next_turn ... ok
test hosted_calendar::plan_contract::tests::google_realizations_preserve_every_owner_issued_calendar_front ... ok
test hosted_calendar::tests::all_day_and_recurrence_values_survive_the_provider_request_boundary ... ok
test hosted_calendar::tests::credentials_are_redacted_and_never_enter_request_values ... ok
test hosted_calendar::tests::invitation_authority_failure_is_not_collapsed_into_general_write_denial ... ok
test hosted_calendar::tests::provider_failures_remain_distinct_and_requests_are_bounded ... ok
test hosted_calendar::tests::provider_normalization_cannot_silently_rewrite_time_or_recurrence ... ok
test hosted_history::tests::clear_reclaims_capacity_without_restarting_sequence_identity ... ok
test hosted_history::tests::exhausted_sequence_cannot_publish_or_retain_content ... ok
test hosted_history::tests::invalid_resource_and_time_scale_do_not_publish_content ... ok
test hosted_calendar::tests::read_free_busy_create_update_and_cancel_are_exact_distinct_exchanges ... ok
test hosted_history::tests::item_and_byte_pressure_preserve_prior_content_and_sequence ... ok
test hosted_history::tests::profile_clock_extent_and_version_failures_are_distinct_and_atomic ... ok
test hosted_history::tests::retains_exact_ordered_samples_without_hot_path_allocations ... ok
test hosted_http::release::tests::release_transport_refuses_ambient_or_insecure_sources_before_io ... ok
test hosted_http::tests::real_loopback_preserves_status_body_and_correlation ... ok
test hosted_http::tests::listener_refuses_more_than_the_admitted_pending_capacity ... ok
test hosted_http::tests::unsupported_tls_and_unreachable_provider_are_distinct ... ok
test hosted_language::tests::language_refusals_keep_distinct_finite_host_call_details ... ok
test hosted_local_model::ollama_present::schema::tests::schema_binds_source_identity_and_requires_tagged_claims ... ok
test hosted_local_model::ollama_present::tests::exact_orifina_policy_is_admitted_without_entering_semantic_data ... ok
test hosted_local_model::ollama_present::tests::exported_finite_wording_policy_is_exactly_the_admitted_ollama_policy ... ok
test hosted_local_model::ollama_present::tests::finite_model_choice_retains_raw_output_and_emits_only_face_grounded_wording ... ok
test hosted_local_model::ollama_present::tests::provider_cannot_invent_an_action_or_change_the_template ... ok
test hosted_local_model::ollama_present::tests::provider_cannot_invent_or_paraphrase_face_wording ... ok
test hosted_local_model::ollama_present::tests::finite_wording_refuses_a_result_before_context_or_body_only_wording ... ok
test hosted_local_model::ollama_present::tests::reviewed_policy_and_semantic_data_cross_separate_provider_roles ... ok
test hosted_local_model::ollama_present::tests::spoken_action_itself_produces_one_current_affordance ... ok
test hosted_local_model::ollama_present::tests::valid_face_without_spoken_items_refuses_before_provider ... ok
test hosted_local_model::ollama_stream::tests::incremental_lines_cross_the_boundary_before_completion ... ok
test hosted_audio::staged::tests::full_queue_applies_pressure_without_growing_or_dropping_ordered_pcm ... ok
test hosted_local_model::ollama_vision::tests::base64_uses_prepared_storage_and_exact_padding ... ok
test hosted_local_model::ollama_stream::tests::pressure_cancellation_bounds_and_missing_close_remain_distinct ... ok
test hosted_local_model::ollama_vision::tests::request_contains_one_exact_image_and_tentative_context ... ok
test hosted_local_model::ollama_present::tests::stale_invented_and_malformed_model_claims_become_retained_refusals ... ok
test hosted_local_model::tests::local_model_pool_observation_binds_current_provider_and_resource_truth ... ok
test hosted_local_model::tests::house_prompt_projection_plans_the_exact_std_realization ... ok
test body_chat_tests::generic_host_cannot_offer_body_truth_until_supervisor_installs_canonical_context ... ok
test body_chat_tests::installed_supervisor_source_accepts_only_fresh_current_truth ... ok
test copy_task::tests::issued_play_refuses_a_different_immutable_plan_before_effects ... ok
test composition::tests::reference_host_browser_and_pico_have_different_exact_offer_sets ... ok
test composition::tests::compiled_families_are_not_ambient_runtime_promises ... ok
test hosted_messaging::tests::exact_portable_request_maps_only_to_provider_acknowledged_sent_state ... ok
test hosted_messaging::tests::github_offer_preserves_portable_front_with_exact_resource_and_authority ... ok
test hosted_local_model::tests::ordinary_plot_planning_selects_only_the_exact_local_model_offer ... ok
test hosted_messaging::tests::authority_recipient_attachment_retry_and_provider_failures_stay_distinct ... ok
test hosted_microphone::tests::malformed_rows_and_invalid_limits_fail_closed ... ok
test hosted_microphone::tests::parses_exact_capture_rows_and_empty_inventory ... ok
test hosted_microphone::tests::short_capture_fails_closed ... ok
test hosted_microphone::tests::stale_selection_and_oversized_capture_are_distinct ... ok
test hosted_midi::discovery::tests::empty_listing_is_exactly_no_endpoint ... ok
test hosted_midi::discovery::tests::malformed_identity_fails_closed ... ok
test hosted_midi::discovery::tests::parses_exact_ports_but_excludes_alsa_system_services ... ok
test hosted_midi::input::tests::exact_missing_or_wrong_direction_selection_refuses_preparation ... ok
test hosted_local_model::tests::only_initialized_adapter_capabilities_enter_the_host_advertisement ... ok
test hosted_midi::input::tests::malformed_clock_capacity_and_cancel_are_distinct ... ok
test copy_task::tests::revoked_handle_identity_cannot_be_reissued_to_revive_an_old_plan ... ok
test hosted_midi::input::tests::nonblocking_pressure_waits_without_consumption_then_observes_loss ... ok
test hosted_midi::input::tests::one_bounded_read_retains_order_and_one_read_timestamp ... ok
test hosted_midi::output::tests::exact_but_missing_raw_device_refuses_during_pre_play_preparation ... ok
test hosted_midi::output::tests::dropping_an_open_session_attempts_all_notes_off_before_close ... ok
test hosted_midi::output::tests::pressure_and_provider_loss_remain_distinct ... ok
test hosted_midi::output_fake::provider_loss_does_not_make_successful_all_notes_off ... ok
test hosted_midi::output::tests::raw_session_writes_exact_messages_and_cleanup_before_close ... ok
test hosted_midi::raw_discovery::tests::duplex_row_becomes_two_exact_directional_observations ... ok
test hosted_midi::raw_discovery::tests::subdevice_does_not_alias_a_direct_device_node ... ok
test hosted_midi::raw_selection::tests::absent_or_wrong_direction_endpoint_refuses_selection ... ok
test hosted_midi::raw_selection::tests::advertisement_names_raw_backend_and_refuses_unopenable_subdevice ... ok
test copy_task::tests::public_stop_token_cancels_the_kernel_before_any_chunk_is_copied ... ok
test hosted_midi::raw_discovery::tests::malformed_coordinate_direction_and_capacity_fail_closed ... ok
test hosted_midi::raw_selection::tests::input_host_refuses_output_direction_or_stale_identity ... ok
test hosted_midi::raw_selection::tests::readable_advertisement_is_exact_bounded_and_distinct_from_output ... ok
test hosted_midi::raw_selection::tests::reconnect_requires_a_fresh_generation_scoped_resource_identity ... ok
test copy_task::tests::grant_change_after_prepare_refuses_at_use_without_mutating_the_plan ... ok
test hosted_midi::raw_selection::tests::selection_pins_exact_direction_boot_generation_and_coordinates ... ok
test hosted_midi::tests::output_profile_is_reusable_without_claiming_an_endpoint ... ok
test flow_activation::todo_combine::tests::exact_todo_child_takes_two_steps_per_item_even_with_output_held ... ok
test hosted_midi::raw_selection::tests::host_construction_advertises_without_opening_the_observed_device ... ok
test hosted_midi::raw_selection::tests::input_host_construction_offers_exact_resource_and_independent_authority ... ok
test hosted_midi::tests::selection_is_exact_directional_and_boot_scoped ... ok
test hosted_process::tests::oversized_stdin_refuses_before_spawn ... ok
test hosted_process::tests::pipe_failure_invalidates_apparent_success ... ok
test hosted_process::tests::prelaunch_cancellation_does_not_start_a_process ... ok
test hosted_process::tests::retirement_pipe_failure_preserves_the_established_terminal_cause ... ok
test composition::tests::pulse_observation_is_an_explicit_effect_free_family ... ok
test hosted_process::tests::successful_parent_cannot_leave_pipe_readers_hanging ... ok
test hosted_process::stream::tests::stdout_and_stderr_overflow_refuse_completion ... ok
test hosted_process::tests::output_pressure_retains_bound_and_observes_full_stream ... ok
test hosted_speech_recognition::tests::another_artifact_cannot_lend_coverage_and_source_drift_is_distinct ... ok
test hosted_speech_recognition::tests::bare_discovery_and_wrong_language_never_start_the_provider ... ok
test hosted_speech_recognition::tests::profile_bounds_and_cancellation_fail_distinctly ... ok
test body_clock_line::tests::protected_tcp_bootstrap_uses_distinct_real_process_clocks ... ok
test hosted_speech_synthesis::streaming::tests::process_pcm_budget_failure_keeps_its_work_exhaustion_identity ... ok
test hosted_speech_synthesis::streaming::tests::stream_contract_admits_explicit_total_work_without_changing_single_shot ... ok
test flow_activation::todo_scan_offer::tests::live_reference_host_does_not_advertise_unplayable_scan ... ok
test hosted_speech_synthesis::tests::discovery_refuses_symlinks_and_engine_replacement ... ok
test hosted_speech_synthesis::tests::failures_keep_authority_cancellation_and_capacity_distinct ... ok
test hosted_speech_synthesis::tests::installed_espeak_produces_real_bounded_pcm_from_parameter_like_text ... ignored, requires explicitly selected installed eSpeak NG and English voice data; creates audio bytes but never playback
test hosted_process::tests::writes_bounded_stdin_and_clears_environment ... ok
test hosted_speech_recognition::tests::exact_provider_emits_canonical_recognition_and_receipt ... ok
test body_clock_line::tests::tcp_clock_framing_rejects_oversize_and_slow_peer ... ok
test hosted_speech_synthesis::tests::wav_requires_exact_bounded_mono_pcm_or_espeak_streaming_header ... ok
test hosted_speech_synthesis::tests::retained_provider_accepts_new_offer_generation_but_old_placement_stays_stale ... ok
test hosted_speech_synthesis::tests::text_is_stdin_only_and_cancelled_request_never_launches ... ok
test hosted_process::stream::tests::cancellation_and_timeout_reap_process_without_successful_eof ... ok
test hosted_synth::tests::invalid_profile_cannot_become_a_conformance_claim ... ok
test hosted_synth::tests::profile_is_derived_from_validated_plan_sealed_synth_facts ... ok
test hosted_speech_synthesis::tests::selected_voice_needs_exact_artifact_mapping_and_coverage ... ok
test hosted_speech_synthesis::tests::exact_provider_admission_rejects_forged_placement_and_changed_content ... ok
test hosted_local_model::tests::all_six_l3_profiles_execute_through_ordinary_plan_and_play ... ok
test composition::tests::reference_host_advertises_every_supported_std_revision_and_no_legacy_revision ... ok
test hosted_vector_index::offer::tests::offer_keeps_every_reviewed_backend_fact_outside_the_portable_front ... ok
test hosted_vector_search::tests::one_active_request_refuses_pressure_and_cancel_rejects_late_completion ... ok
test hosted_vision::describe::tests::four_exact_inputs_emit_one_provenance_bearing_impression ... ok
test hosted_spoken_output_host::tests::selected_speaker_attaches_to_existing_host_without_inventing_a_boot ... ok
test hosted_spoken_output_host::tests::stale_speaker_never_changes_the_installed_host_offer ... ok
test hosted_vision::tests::exact_generation_resolves_once_and_reuses_one_continuous_observation ... ok
test hosted_vision::tests::object_output_is_typed_and_reuses_the_exact_cached_observation ... ok
test hosted_vision::tests::unknown_generation_and_shape_mismatch_refuse_without_fallback ... ok
test copy_task::tests::create_and_replace_copy_through_bounded_kernel_steps_with_exact_receipt ... ok
test hosted_wav_artifact::tests::cancelled_play_releases_reservation_without_publishing_partial ... ok
test hosted_wav_artifact::tests::concurrent_preparations_cannot_reserve_the_same_play_twice ... ok
test hosted_microphone::tests::authorized_microphone_clip_runs_through_whisper_in_one_plan_play ... ok
test hosted_vision::ocr::tests::output_retains_exact_image_and_provider_provenance ... ok
test hosted_wav_artifact::tests::explicitly_admitted_birth_pool_refuses_byte_pressure ... ok
test hosted_wav_artifact::tests::malformed_or_unfinished_pcm_never_creates_an_artifact ... ok
test hosted_wav_artifact::tests::stale_quota_lock_withdraws_route_without_removing_evidence ... ok
test hosted_microphone::tests::cancellation_kills_and_reaps_the_provider ... ok
test hosted_vision::experience::tests::five_typed_inputs_become_one_checked_experience ... ok
test hosted_spoken_output_host::tests::conflicting_resource_cannot_be_adopted_as_selected_playback ... ok
test installed_std::address_detect_back::tests::exact_inputs_produce_the_same_detection_in_either_arrival_order ... ok
test installed_std::address_detect_back::tests::unaddressed_text_is_an_explicit_value_and_malformed_addresses_refuse ... ok
test hosted_terminal_mask_host::tests::closed_peer_is_never_advertised ... ok
test installed_std::audio_play_back::tests::input_is_serialized_and_close_requests_exact_drain ... ok
test installed_std::alife_backs::tests::value_closure_then_ordered_tick_is_the_only_accepted_lifecycle ... ok
test installed_std::alife_backs::tests::reordered_tick_and_completion_after_cancel_remain_machine_readable_failures ... ok
test installed_std::audio_stream_budget::tests::unsupported_profile_is_refused_before_it_can_undercharge_duration ... ok
test installed_std::audio_tone_back::tests::current_frequency_changes_subsequent_contiguous_pcm ... ok
test installed_std::audio_tone_back::tests::back_declares_the_exact_lowered_terminal_contract ... ok
test installed_std::audio_tone_back::tests::every_checked_frequency_encoding_crosses_the_back_boundary ... ok
test installed_std::body_conversation_context_back::tests::current_source_requests_each_replacement_and_never_completes_after_first_value ... ok
test image_binding_tests::running_std_host_exposes_exact_image_identity_and_truthful_offer_subset ... ok
test installed_std::body_chat_prompt_back::tests::installed_prompt_host_owns_bounded_history_across_stateless_model_requests ... ok
test installed_std::body_kernel::activation_binding_tests::installed_body_preparation_retains_exact_todo_scan_entry ... ok
test hosted_microphone::tests::discovery_overflow_fails_closed ... ok
test hosted_terminal_mask_host::tests::terminal_offer_changes_keep_retained_spoken_resources_current ... ok
test hosted_terminal_mask_host::tests::lost_attached_peer_retires_its_offers_and_plan_basis ... ok
test installed_std::body_kernel::clock_observation::tests::captures_each_new_event_once_and_refuses_changed_or_regressed_basis ... ok
test installed_std::body_kernel::clock_observation::tests::wrong_boot_never_enters_host_observations ... ok
test installed_std::body_kernel::fore_route::tests::unplanned_sequence_refuses_in_fore_preparation ... ok
test installed_std::body_kernel::fore_route::tests::unplanned_value_refuses_in_fore_preparation ... ok
test image_binding_tests::rebuild_keeps_the_old_plan_bound_to_the_old_boot ... ok
test hosted_wav_artifact::tests::exact_plays_publish_separately_and_refuse_stale_or_full_pool ... ok
test hosted_microphone::tests::exact_discovery_selection_and_bounded_capture_produce_a_receipt ... ok
test installed_std::body_kernel::scan_route::tests::fixture_scan_owner_is_not_a_production_offer ... ok
test installed_std::combine_latest_back::tests::closed_inventory_preserves_both_all_close_contracts ... ok
test installed_std::combine_latest_back::tests::early_close_retains_latest_and_last_close_completes ... ok
test installed_std::combine_latest_back::tests::waits_for_initialization_then_emits_each_replacement_with_retained_peer ... ok
test installed_std::distance_frequency_back::tests::descending_theremin_range_reaches_both_exact_endpoints ... ok
test installed_std::distance_frequency_back::tests::exact_bounds_map_to_exact_bounded_frequency_payloads ... ok
test installed_std::external_fore_feeder::tests::full_retries_same_value_and_sequence_then_closes_once ... ok
test hosted_terminal_mask_host::tests::only_a_live_attachment_can_plan_on_the_actual_host_offer ... ok
test installed_std::external_fore_feeder::tests::sixty_four_values_fit_the_finite_fore_envelope_and_sixty_five_refuse ... ok
test hosted_wav_artifact::tests::explicitly_admitted_birth_pool_passes_64_and_refuses_its_finite_limit ... ok
test installed_std::flow_collect_back::tests::exact_offer_prepares_the_shared_back_and_finite_budget ... ok
test installed_std::flow_first_back::tests::both_normal_closures_complete_without_winner_or_cancellation ... ok
test installed_std::flow_first_back::tests::left_and_right_winners_emit_once_and_cancel_only_the_loser ... ok
test installed_std::flow_first_back::tests::simultaneous_values_choose_left_and_discard_right_deterministically ... ok
test installed_std::flow_gate_back::tests::gate_cancellation_clears_pending_decode_and_update_bound_fails_closed ... ok
test installed_std::flow_gate_back::tests::gate_defaults_closed_then_tracks_exact_false_and_true_completions ... ok
test installed_std::flow_collect_back::tests::preparation_refuses_identity_law_and_bound_drift ... ok
test installed_std::flow_gate_back::tests::gate_waits_for_both_closures_and_bool_codec_rejects_noncanonical_bytes ... ok
test installed_std::external_fore_feeder::tests::live_queue_retains_full_value_then_closes_once_after_drain ... ok
test installed_std::flow_join_by_key_back::tests::closed_inventory_preserves_both_all_close_profiles ... ok
test installed_std::flow_join_by_key_back::tests::duplicate_keys_pair_oldest_with_oldest ... ok
test installed_std::flow_join_by_key_back::tests::full_unmatched_side_backpressures_without_eviction ... ok
test installed_std::flow_join_by_key_back::tests::early_close_discards_impossible_side_but_retains_matchable_side ... ok
test installed_std::flow_pressure_backs::tests::flow_pressure_operation_passes_values_and_closure ... ok
test installed_std::flow_state_backs::tests::latest_replaces_one_retained_value_and_releases_on_close ... ok
test installed_std::flow_state_backs::tests::tee_exposes_both_outputs_in_one_operation_transaction ... ok
test installed_std::flow_zip_back::tests::closed_installed_inventory_preserves_both_terminal_contracts ... ok
test installed_std::flow_join_by_key_back::tests::opposite_arrival_completes_one_exact_join ... ok
test installed_std::generated_speech_commit_back::tests::cancellation_discards_pending_unsaid_text ... ok
test installed_std::generated_speech_commit_back::tests::closing_completion_retains_input_until_its_explicit_discard_commits ... ok
test installed_std::generated_speech_commit_back::tests::stable_boundaries_flow_in_order_and_close_flushes_the_tail ... ok
test installed_std::house_prompt_back::tests::not_addressed_refuses_after_context_without_output ... ok
test installed_std::house_prompt_back::tests::either_input_order_emits_only_after_both_canonical_values ... ok
test installed_std::audio_stream_budget::tests::duration_counts_consumed_frames_not_absolute_clock_position ... ok
test installed_std::image_text_back::tests::malformed_inputs_refuse_without_manufacturing_a_record ... ok
test installed_std::image_text_back::tests::host_composes_after_either_exact_input_order ... ok
test installed_std::http::tests::installed_http_realizations_preserve_owner_issued_fronts ... ok
test installed_std::image_text_record_back::tests::adapter_emits_the_shared_exact_typed_record_value ... ok
test installed_std::input_semantic_backs::tests::cancellation_clears_one_pending_semantic_request_without_a_duplicate ... ok
test installed_std::input_semantic_backs::tests::host_semantics_share_the_core_state_machine_and_refuse_malformed_input ... ok
test installed_std::instrument_map_back::tests::admitted_event_bound_fails_closed_before_consuming_more_input ... ok
test installed_std::image_text_record_back::tests::adapter_rejects_malformed_exact_type_payload ... ok
test installed_std::instrument_map_back::tests::eight_buttons_map_to_portable_frequencies_and_preserve_identity_and_time ... ok
test installed_std::instrument_map_back::tests::invalid_indices_values_and_occurrences_are_refused ... ok
test installed_std::instrument_map_back::tests::operation_waits_for_pressure_release_and_only_closes_when_idle ... ok
test installed_std::instrument_map_back::tests::wrong_profile_and_malformed_canonical_input_fail_closed ... ok
test installed_std::instrument_map_back::tests::sustain_modulation_and_expression_use_the_distinct_control_port ... ok
test hosted_local_model::tests::selected_model_and_todo_checkpoint_share_one_host_across_checkpoint_generation ... ok
test installed_std::instrument_map_back::tests::factory_accepts_only_the_exact_planned_offer_and_structured_mapping ... ok
test copy_task::tests::stale_denied_oversized_and_destination_exists_remain_distinct ... ok
test hosted_process::tests::endless_output_cannot_starve_cancellation ... ok
test copy_task::tests::partial_cancellation_and_cleanup_failure_are_distinct_and_never_commit ... ok
test installed_std::kernel_preparation::tests::generic_tables_retain_lowered_remote_cord_endpoints ... ok
test installed_std::keyboard_input_back::button::tests::malformed_failure_and_late_completion_remain_distinct ... ok
test installed_std::keyboard_input_back::button::tests::transitions_continue_in_one_play_until_explicit_stop ... ok
test installed_std::local_model_back::tests::streaming_operation_pulls_one_chunk_only_after_prior_delivery ... ok
test installed_std::local_vision_back::tests::operation_can_process_repeated_current_images_and_close ... ok
test installed_std::logic_backs::tests::cancellation_clears_all_operation_owned_decision_state ... ok
test installed_std::logic_backs::tests::compare_implements_the_complete_finite_operator_set_at_scalar_boundaries ... ok
test installed_std::logic_backs::tests::not_rejects_noncanonical_bool_and_closure_releases_both_prepared_decisions ... ok
test installed_std::logic_backs::tests::select_retains_unknown_candidates_then_transfers_only_the_selected_identity ... ok
test installed_std::logic_backs::tests::select_unknown_selector_closure_releases_both_retained_candidates_atomically ... ok
test installed_std::math_backs::tests::cancellation_clears_pending_transform_without_inventing_output ... ok
test installed_std::math_backs::tests::operation_requires_one_exact_completion_and_closure_is_terminal ... ok
test installed_std::math_backs::tests::quantity_completion_checks_output_bound_and_preserves_failure_detail ... ok
test installed_std::math_backs::tests::transform_vectors_match_the_portable_no_std_semantics ... ok
test installed_std::midi_input_back::tests::overlap_retrigger_velocity_zero_and_order_are_deterministic ... ok
test installed_std::midi_input_back::tests::sustain_modulation_and_pitch_bend_use_the_control_port ... ok
test installed_std::midi_input_back::tests::unsupported_protocol_observation_and_cancellation_fail_closed ... ok
test installed_std::midi_output_back::tests::exact_portable_events_cross_the_bounded_host_boundary_in_order ... ok
test installed_std::midi_output_back::tests::provider_loss_remains_a_host_failure ... ok
test installed_std::midi_output_back::tests::scheduler_operation_keeps_note_and_control_bindings_distinct ... ok
test installed_std::midi_output_back::tests::stale_authority_and_unrepresentable_pitch_fail_closed ... ok
test installed_std::model_host::tests::malformed_structure_and_provider_loss_keep_distinct_machine_details ... ok
test installed_std::model_work_host::tests::provider_loss_and_malformed_input_remain_distinct ... ok
test installed_std::pacing_backs::tests::delay_retains_finite_values_and_drains_them_in_order_after_close ... ok
test installed_std::pacing_backs::tests::leading_throttle_drops_during_interval_and_cancels_exact_timer_on_close ... ok
test installed_std::pacing_backs::tests::leading_throttle_reopens_only_after_correlated_completion ... ok
test installed_std::pcm_profile_conversion_back::tests::malformed_wrong_profile_and_discontinuity_fail_before_state_moves ... ok
test installed_std::pcm_profile_conversion_back::tests::rational_mapping_is_contiguous_across_source_blocks ... ok
test installed_std::json_backs::collection_tests::todo_unknown_index_refuses_without_emitting_a_success_snapshot ... ok
test installed_std::body_kernel::activation_binding_tests::internal_preloaded_todo_body_cancels_after_first_delivery ... ok
test installed_std::body_kernel::activation_binding_tests::scoped_todo_host_refuses_preloaded_inputs_above_selected_bound_before_play ... ok
test installed_std::preparation::body_workload_tests::cancellation::release_failure_retains_the_original_pre_play_refusal ... ok
test installed_std::body_kernel::live_fore_tests::stop_wakes_idle_live_body_without_synthetic_close ... ok
test installed_std::json_backs::summary_tests::todo_restore_decodes_the_actual_edited_snapshot_before_counting ... ok
test installed_std::json_backs::summary_tests::todo_summary_refuses_missing_or_non_boolean_completion ... ok
test installed_std::body_kernel::live_fore_tests::cancellation_reports_staged_command_not_admitted_to_kernel ... ok
test hosted_process::tests::timeout_and_cancellation_retire_descendant_held_pipes ... ok
test installed_std::pulse_observation_back::tests::closure_requires_no_minimum_count_and_refuses_late_values ... ok
test installed_std::flow_pressure_plot_tests::scalar_source_can_use_coalesce_latest_as_a_continuous_std_plot ... ok
test installed_std::pulse_observation_back::tests::factory_checks_exact_identity_and_needs_no_lifetime_output_allocation ... ok
test installed_std::pulse_observation_back::tests::malformed_order_and_cancel_have_distinct_terminal_details ... ok
test installed_std::body_kernel::live_fore_tests::later_typed_actions_share_one_live_body_play_until_explicit_close ... ok
test installed_std::pulse_observation_back::tests::kernel::installed_pulse_stream_runs_in_production_kernel_with_capacity_one_cords ... ok
test installed_std::quantity_mapping::tests::host_encoding_preserves_quantity_unit_and_distinct_refusals ... ok
test installed_std::recognized_turn_commit_back::tests::only_tongues_committed_recognition_emits_a_body_turn ... ok
test installed_std::remote_fragment_kernel::terminal_tests::remote_abnormal_truth_must_inhabit_the_exact_planned_kind_and_bound ... ok
test installed_std::rhythm_compare_back::tests::exact_ports_request_admitted_host_calls_without_retaining_inputs ... ok
test installed_std::rhythm_compare_back::tests::oversized_value_and_wrong_completion_fail_closed ... ok
test installed_std::rhythm_compare_back::tests::performance_close_drains_missed_feedback_before_exact_completion ... ok
test installed_std::rhythm_compare_host::tests::exact_vectors_report_early_late_recovery_and_deliberate_displacement ... ok
test installed_std::rhythm_compare_host::tests::malformed_identity_and_finite_capacity_refuse_without_output ... ok
test installed_std::recorded_speech_back::tests::recorded_fixture_realization_preserves_owner_issued_front ... ok
test installed_std::simple_presentation_host::tests::text_output_retains_its_exact_wire_marker_and_human_line ... ok
test installed_std::simple_presentation_host::tests::unsupported_and_malformed_inputs_never_write_success_output ... ok
test installed_std::rhythm_compare_host::tests::note_off_is_ignored_and_drain_emits_each_missed_beat ... ok
test installed_std::speech_synthesis_back::tests::fake_provider_emits_three_canonical_contiguous_profile_blocks ... ok
test installed_std::speech_synthesis_back::tests::operation_pulls_one_block_only_after_each_emit_commits ... ok
test installed_std::speech_synthesis_back::tests::operation_refuses_a_provider_block_beyond_the_admitted_count ... ok
test installed_std::speech_synthesis_back::tests::streaming_operation_synthesizes_ordered_segments_until_input_closes ... ok
test installed_std::spoken_mask_backs::tee_tests::long_face_needs_its_admitted_cord_and_never_panics_on_pressure ... ok
test installed_std::state_select_back::tests::emits_canonical_current_values_without_retaining_input_references ... ok
test installed_std::speech_recognition_adapter_back::tests::browser_shaped_pcm_normalizes_to_one_canonical_whisper_clip ... ok
test installed_std::streaming_speech_tests::installed_espeak_narrates_a_chapter_through_incremental_plan_and_play ... ignored, requires installed eSpeak NG and data; produces a substantive real WAV, no playback/model inference
test installed_std::body_kernel::activation_binding_tests::authored_todo_prepares_typed_body_fore_with_exact_preloaded_gate ... ok
test installed_std::synth_render::tests::clock_origin_global_order_and_render_continuity_are_exact ... ok
test installed_std::synth_render::tests::event_inside_a_block_starts_at_its_exact_sample_offset ... ok
test installed_std::streaming_speech_tests::external_value_is_not_an_implicit_closing_flow ... ok
test installed_std::synth_render::tests::exact_render_demand_applies_queued_events_at_sample_offsets ... ok
test installed_std::text_backs_tests::text_transforms_reject_invalid_utf8_and_combined_overflow ... ok
test installed_std::text_backs_tests::text_transforms_reuse_the_preallocated_adapter_buffer ... ok
test installed_std::tick_backs::tests::cancelled_tick_rejects_a_late_timer_completion ... ok
test installed_std::tick_backs::tests::recurring_every_rearms_fixed_storage_past_tick_four ... ok
test installed_std::timing_backs::tests::armed_deadline_ignores_input_close_and_emits_request_only_after_completion ... ok
test installed_std::timing_backs::tests::deadline_close_before_arm_completes_without_request ... ok
test installed_std::timing_backs::tests::debounce_burst_resets_exact_request_and_flushes_pending_value_on_close ... ok
test installed_std::streaming_speech_tests::text_flow_enters_canonical_committed_segments_with_explicit_work_limits ... ok
test installed_std::timing_backs::tests::timeout_distinguishes_expiry_recovery_reset_and_terminal_cancellation ... ok
test installed_std::todo_combine_back::tests::production_catalog_prepares_exact_todo_combine ... ok
test installed_std::todo_combine_back::tests::production_preparation_refuses_identity_drift ... ok
test installed_std::toggle_back::tests::emits_exact_initial_value_then_alternates_until_input_closes ... ok
test installed_std::toggle_back::tests::stages_initial_delivery_before_input_and_refuses_malformed_ticks ... ok
test installed_std::json_backs::collection_tests::todo_add_toggle_remove_execute_composed_plots_through_production_kernel ... ok
test installed_std::vector_search_host::tests::provider_loss_and_malformed_input_remain_distinct ... ok
test installed_std::typed_record_back::tests::text_decoder_refuses_a_quantity_record ... ok
test installed_std::vision_describe_back::tests::early_provider_output_and_missing_final_output_fail_closed ... ok
test installed_std::typed_record_back::tests::all_four_hosts_round_trip_exact_text_without_growing_buffers ... ok
test installed_std::vision_describe_back::tests::four_exact_inputs_complete_one_impression_without_early_output ... ok
test installed_std::vision_experience_back::tests::five_inputs_complete_exactly_once ... ok
test installed_std::json_backs::summary_tests::todo_restore_refuses_corrupt_or_invalid_snapshot_content ... ok
test installed_std::pulse_observation_back::tests::plot::reusable_pulse_plot_plans_and_executes_outside_choir ... ok
test installed_std::preparation::body_workload_tests::body_time_qualified_play_fails_when_local_clock_disappears ... ok
test installed_std::json_backs::summary_tests::todo_summary_counts_remaining_and_completed_after_kernel_edits ... ok
test hosted_wav_artifact::tests::bounded_long_artifact_is_incremental_and_unfinished_output_is_not_published ... ok
test installed_std::preparation::tests::wrong_partition_and_out_of_range_nodes_refuse_before_value_preparation ... ok
test installed_std::preparation::body_workload_tests::body_time_qualified_plan_requires_ready_monotonic_correlation_before_execution ... ok
test installed_std::preparation::tests::real_partition_operations_use_global_slots_and_original_placement_identity ... ok
test installed_std::preparation::tests::two_real_clock_partitions_remain_live_then_stop_through_the_shared_kernel_installation ... ok
test installed_std_tests::audio_playback_conformance::stale_selection_and_wrong_grant_fail_before_play ... ok
test installed_std_tests::audio_playback_conformance::cancellation_before_open_never_commits_pcm_and_closes_the_session ... ok
test installed_std_tests::audio_playback_conformance::discovery_offer_without_independent_authority_refuses_planning ... ok
test installed_std_tests::authored_tone_cancellation_routes_exact_observed_terminal_truth ... ok
test installed_std::body_kernel::activation_binding_tests::internal_preloaded_todo_body_play_delivers_before_complete_with_child_signs ... ok
test installed_std::preparation::body_workload_tests::canonical_button_clock_and_telegraph_share_admission_and_one_installed_kernel ... ok
test installed_std::preparation::body_workload_tests::cancellation::pending_keyboard_cancellation_releases_the_whole_workload_for_another_play ... ok
test installed_std_tests::body_causal_evidence_conformance::real_body_failure_correlates_typed_terminal_with_exact_execution_evidence ... ok
test installed_std_tests::audio_playback_conformance::speech_conversion_feeds_the_selected_playback_base_through_plan_and_play ... ok
test installed_std::wav_artifact_back::budget_tests::sparse_speech_pipeline_retains_host_inputs_for_entire_long_stream ... ok
test installed_std_tests::body_causal_evidence_conformance::real_body_recovery_retains_exact_execution_evidence_without_a_semantic_terminal ... ok
test installed_std_tests::bool_presentation_conformance::mutated_std_presenter_identity_refuses_before_play ... ok
test installed_std_tests::bool_presentation_conformance::current_booleans_manifest_through_the_admitted_std_operation ... ok
test installed_std_tests::audio_playback_conformance::exact_grant_and_resource_run_bounded_specimen_through_production_kernel ... ok
test installed_std::preparation::body_workload_tests::production_body_entry_executes_and_preserves_failed_and_refused_outcomes ... ok
test installed_std_tests::canonical_clock_has_zero_successful_post_play_start_allocations ... ok
test installed_std_tests::canonical_greet_has_zero_successful_post_play_start_allocations ... ok
test installed_std_tests::canonical_text_pipeline_has_zero_successful_post_play_start_allocations ... ok
test installed_std_tests::calendar_provider_conformance::authorized_create_update_and_cancel_chain_exact_receipts_through_plan_and_play ... ok
test installed_std_tests::body_causal_evidence_conformance::production_timer_observes_retained_events_on_exact_host_boot_and_basis ... ok
test installed_std_tests::canonical_state_count_executes_current_values_with_bounded_sign ... ok
test installed_std_tests::current_frequency_drives_bounded_pcm_through_one_ordinary_play ... ok
test installed_std_tests::data_text_conformance::fifth_publication_is_one_exact_recovered_typed_terminal ... ok
test installed_std_tests::data_text_conformance::text_save_then_load_uses_one_shared_pool_and_no_play_allocations ... ok
test installed_std_tests::external_fore_conformance::ordinary_open_plot_runs_through_sealed_fore_and_observed_terminal ... ok
test installed_std_tests::external_fore_conformance::one_external_fore_payload_is_delivered_to_every_sealed_internal_branch ... ok
test installed_std_tests::final_normalized_pattern_conformance::final_pattern_adapter_is_reused_for_calibration_revisions ... ok
test installed_std_tests::calendar_provider_conformance::read_and_free_busy_use_distinct_authority_through_plan_and_play ... ok
test installed_std_tests::input_semantics_conformance::unsupported_layout_and_cross_plane_wiring_refuse_before_play ... ok
test installed_std_tests::json_conformance::json_is_an_explicit_composition_family ... ok
test installed_std_tests::gate_conformance::gate_zero_capacity_and_mutated_decoder_identity_fail_before_play ... ok
test installed_std_tests::gate_conformance::latest_tee_and_gate_run_together_with_closed_open_closed_and_uneven_pressure ... ok
test installed_std_tests::input_semantics_conformance::keymap_text_flows_directly_into_text_upper_without_an_adapter ... ok
test installed_std_tests::calendar_proposal_conformance::checked_calendar_request_prepares_then_emits_three_inert_candidates ... ok
test installed_std_tests::image_text_conformance::authored_image_text_runs_through_planner_and_production_kernel ... ok
test installed_std_tests::graphics_conformance::ordinary_presentation_back_lowers_through_multiple_graphics_kinds ... ok
test installed_std_tests::input_semantics_conformance::ordinary_plot_splits_text_and_chords_through_the_production_kernel ... ok
test installed_std_tests::logic_conformance::unsupported_operator_and_incompatible_select_branch_fail_as_authored_plots ... ok
test installed_std_tests::instrument_conformance::render_clock_requires_fresh_current_resource_truth ... ok
test installed_std_tests::invalid_utf8_fails_before_a_successful_text_presentation ... ok
test installed_std_tests::json_conformance::ordinary_plot_runs_shared_bounded_json_through_the_production_kernel ... ok
test installed_std_tests::layout_conformance::representative_shell_and_front_execute_as_one_ordinary_plot ... ok
test installed_std_tests::image_text_conformance::authored_image_text_plans_an_exact_remote_framed_record_session ... ok
test installed_std_tests::logic_conformance::compare_not_and_select_plan_and_execute_together_through_the_production_kernel ... ok
test installed_std_tests::logic_conformance::mutated_logic_implementation_fails_before_play ... ok
test installed_std_tests::midi_input_conformance::authored_input_reaches_portable_ports_and_output_through_one_kernel ... ok
test installed_std_tests::midi_input_conformance::provider_loss_with_an_active_note_fails_the_semantic_run ... ok
test installed_std_tests::midi_output_conformance::missing_typed_authority_refuses_before_play ... ok
test installed_std_tests::math_conformance::deadband_scale_and_clamp_execute_together_through_the_production_kernel ... ok
test installed_std_tests::midi_output_conformance::planned_portable_performance_runs_through_the_production_kernel ... ok
test installed_std_tests::math_conformance::quantity_mapping_completes_one_admitted_kernel_request ... ok
test installed_std_tests::midi_output_conformance::stop_before_first_event_closes_with_only_all_notes_off ... ok
test installed_std_tests::instrument_conformance::ordinary_plot_runs_midi_synth_and_playback_through_one_kernel ... ok
test installed_std_tests::math_conformance::authored_quantity_plots_execute_and_present_through_the_production_kernel ... ok
test installed_std_tests::math_conformance::invalid_clamp_and_mutated_math_implementation_refuse_before_play ... ok
test installed_std_tests::mutated_tick_executable_identity_fails_before_any_wait ... ok
test installed_std_tests::mutated_typed_tee_identity_fails_before_play ... ok
test installed_std_tests::math_conformance::quantity_refusals_do_not_make_a_connected_presentation ... ok
test installed_std::body_kernel::activation_binding_tests::scoped_std_host_runs_public_preloaded_todo_body_with_correlated_child_signs ... ok
test installed_std_tests::math_conformance::quantity_range_and_quantization_refusals_reach_the_production_kernel ... ok
test installed_std_tests::local_vision_conformance::authored_motion_runs_through_protected_finite_base_and_production_kernel ... ok
test installed_std_tests::presentation_composition::ordinary_plot_executes_the_canonical_composition_family ... ok
test installed_std_tests::external_fore_conformance::finite_sequence_uses_one_sealed_flow_and_delivers_in_order_under_capacity_one ... ok
test installed_std_tests::local_vision_conformance::authored_objects_run_through_protected_finite_base_and_production_kernel ... ok
test installed_std_tests::pure_expression_conformance::anonymous_record_and_tuple_plan_and_play_through_the_std_host ... ok
test installed_std_tests::pattern_comparison_conformance::reusable_pattern_comparison_executes_with_explicit_policy_through_one_play ... ok
test installed_std_tests::robotics_conformance::every_robotics_observation_contract_plans_with_distinct_exact_info ... ok
test installed_std_tests::local_vision_conformance::authored_ocr_runs_through_exact_provider_and_production_kernel ... ok
test installed_std_tests::navigation_conformance::portable_navigation_executes_as_one_bounded_production_play ... ok
test installed_std_tests::pure_expression_conformance::fixed_integer_expression_plans_and_plays_through_the_std_host ... ok
test installed_std_tests::local_vision_description_conformance::authored_description_and_experience_join_through_one_production_play ... ok
test installed_std_tests::pure_expression_conformance::scientific_quantity_comparison_plans_and_plays_through_the_std_host ... ok
test installed_std_tests::pure_expression_conformance::semantic_call_with_literal_argument_plans_and_plays_as_real_gears ... ok
test installed_std_tests::pure_expression_conformance::ternary_selects_one_exact_branch_through_the_std_host ... ok
test installed_std_tests::structured_values_conformance::malformed_or_untyped_quantity_literals_refuse_before_play ... ok
test installed_std_tests::robotics_conformance::portable_drive_meaning_has_one_effect_free_prewake_projection ... ok
test installed_std_tests::rhythm_compare_conformance::portable_lesson_executes_with_generic_structured_sources ... ok
test installed_std_tests::recurrence_conformance::checked_civil_recurrence_executes_through_the_production_kernel ... ok
test installed_std_tests::pure_expression_conformance::one_value_when_plans_and_plays_as_exact_some_or_none_through_the_std_host ... ok
test installed_std_tests::structured_values_conformance::authored_quantities_survive_plan_play_sign_and_typed_presentation ... ok
test installed_std_tests::secret_knock_conformance::secret_knock_composes_input_timing_storage_comparison_and_result_in_one_play ... ok
test installed_std_tests::remote_fragment_conformance::body_time_qualified_tick_crosses_two_host_fragments ... ok
test installed_std_tests::sequence_normalization_conformance::reusable_normalization_plot_executes_outside_secret_knock_without_play_allocations ... ok
test installed_std_tests::talking_polaroid_body::canonical_image_text_composition_coexists_in_one_body_play ... ok
test installed_std_tests::template_storage_conformance::reusable_named_template_storage_requires_a_slot_and_executes_without_play_allocations ... ok
test installed_std_tests::template_pattern_selection_conformance::found_storage_result_feeds_reusable_comparison_through_checked_selectors ... ok
test installed_std_tests::structured_selector_conformance::music_and_llm_records_execute_the_same_planned_selector_infrastructure ... ok
test installed_std_tests::audio_playback_conformance::busy_open_underrun_provider_loss_and_drain_remain_distinct ... ok
test installed_std_tests::theremin_pitch_distance_maps_near_high_and_far_low ... ok
test installed_std_tests::sound_replanning::provider_loss_requires_a_fresh_plan_and_play_for_the_new_exact_endpoint ... ok
test installed_std_tests::timing_conformance::authored_deadline_requests_typed_operation_cancellation_without_scheduler_cancellation ... ok
test installed_std_tests::timed_button_attempt_conformance::portable_button_flow_becomes_one_timed_attempt_in_the_production_kernel ... ok
test installed_std_tests::sound_replanning::replacement_refuses_old_or_absent_authority_and_loss_during_drain ... ok
test installed_std_tests::timing_conformance::early_monotonic_wake_does_not_fire_a_deadline ... ok
test installed_std_tests::timed_pattern_conformance::reusable_ordered_event_intervals_plan_and_execute_through_one_kernel_play ... ok
test installed_std_tests::remote_fragment_conformance::generic_remote_fragment_routes_through_latest_and_atomic_tee ... ok
test installed_std_tests::typed_state_conformance::canonical_four_kib_text_keep_plans_on_the_durable_back_and_larger_refuses ... ok
test installed_std_tests::typed_latest_and_tee_plan_and_execute_with_capacity_one_pressure ... ok
test installed_std_tests::typed_state_conformance::body_durable_keep_selects_and_executes_only_the_sealed_durable_back ... ok
test installed_std_tests::remote_vision_conformance::image_crosses_an_exact_line_into_the_production_vision_back ... ok
test installed_std_tests::timing_conformance::missing_or_regressed_monotonic_base_fails_deterministically ... ok
test installed_std_tests::vector_search_conformance::provider_loss_is_terminal_and_emits_no_retrieval_value ... ok
test installed_std_tests::vector_search_conformance::adapters_expose_equal_hit_semantics_but_distinct_proof_classes ... ok
test installed_std_tests::typed_tick_plans_and_executes_through_the_installed_kernel_table ... ok
test kernel_multivalue::tests::cancellation_clears_pending_work_and_terminates_without_effects ... ok
test installed_std_tests::typed_state_conformance::initialized_keep_plans_and_runs_as_installed_typed_state ... ok
test kernel_multivalue::tests::exact_multi_value_plot_executes_real_host_calls_through_kernel ... ok
test kernel_multivalue::tests::exact_multi_value_plot_plans_and_lowers_all_numeric_tables ... ok
test kernel_multivalue::tests::sign_exhaustion_fails_closed_inside_the_installed_scheduler ... ok
test installed_std_tests::vector_search_conformance::unchanged_plot_runs_through_ordinary_play_on_exact_and_hnsw ... ok
test kernel_multivalue::tests::stale_completion_identity_fails_closed_before_host_effect ... ok
test installed_std_tests::typed_text_plans_presents_and_completes_through_the_installed_kernel ... ok
test installed_std_tests::timing_conformance::delay_zero_maximum_and_late_wakes_preserve_exact_ordered_schedule ... ok
test kernel_preparation::tests::body_reservation_verifies_complete_activation_plan_before_exact_offer ... ok
test installed_std_tests::typed_state_conformance::optional_keep_plans_runs_and_retains_canonical_some_value ... ok
test kernel_preparation::tests::exact_reservation_rejects_overlap_releases_and_does_not_grow ... ok
test kernel_preparation::tests::pool_member_reservation_is_atomic_and_releases_exact_capacity ... ok
test pico_admission::tests::codec_carries_exact_advertisement_and_rejects_protocol_and_size ... ok
test microphone_whisper_proof::language_contract_tests::microphone_source_checks_with_an_explicit_language_request ... ok
test pico_control_source::tests::pulse_source_and_control_source_cannot_masquerade_as_each_other ... ok
test pico_control_source::tests::six_deliberate_inputs_cross_the_exact_control_session_with_pressure ... ok
test installed_std_tests::robotics_conformance::missing_stale_invalid_cancelled_pressure_and_unavailable_remain_distinct ... ok
test installed_std_tests::calendar_proposal_conformance::stale_missing_and_over_profile_calendar_requests_refuse_before_play ... ok
test pico_admission::tests::decoded_pico_proof_enters_only_the_canonical_admission_manager ... ok
test installed_std_tests::zero_count_tick_completes_without_wait_or_value_receipt ... ok
test pico_indicator::tests::peripheral::tests::corrupt_identity_header_or_request_poison_acquisition ... ok
test pico_indicator::tests::peripheral::tests::eight_exact_effects_then_bound_refusal ... ok
test pico_indicator::tests::peripheral::tests::replay_and_different_play_refuse ... ok
test pool_member_sessions::tests::selected_worker_prepares_only_its_exact_finite_port_sessions ... ok
test kernel_preparation::partition_tests::combined_capability_limit_refuses_even_when_each_plot_and_all_pools_fit ... ok
test kernel_preparation::partition_tests::complete_set_reserves_and_releases_each_original_plan_without_growing_live_ledger ... ok
test r1_control_input::tests::browser_frames_bind_exact_peer_width_sequence_and_level ... ok
test reaction_diffusion::tests::hosted_reference_is_repeatable ... ok
test reaction_diffusion::tests::offer_matches_portable_contract_with_finite_hosted_limits ... ok
test relay_client::tests::descriptor_is_bounded_and_debug_redacts_capability ... ok
test relay_client::tests::outcome_requires_exact_service_and_route_identity ... ok
test installed_std_tests::typed_state_conformance::optional_keep_continuity_preserves_exact_variant_and_generation ... ok
test r1_control::tests::duplicate_level_and_peer_sequence_fail_without_mutating_merge ... ok
test r1_control::tests::every_peer_independently_drives_keydown_on_and_keyup_off ... ok
test remote_cord_sessions::tests::opposite_fragments_prepare_the_same_exact_session_binding ... ok
test installed_std_tests::timing_conformance::simultaneous_input_deadline_order_is_deterministic_and_late_wakes_remain_correlated ... ok
test run_control::tests::accepted_stop_identity_is_taken_once_and_still_rejects_duplicates ... ok
test run_control::tests::activity_between_observation_and_wait_is_not_lost ... ok
test remote_emergency::tests::propagation_is_finite_evidence_after_independent_local_action ... ok
test run_control::tests::stop_notifies_an_idle_waiter_without_polling ... ok
test remote_emergency::tests::current_member_over_exact_protected_session_reduces_local_authority ... ok
test remote_emergency::tests::phrase_knowledge_and_stale_membership_never_authorize ... ok
test secure_websocket::tests::secure_remote_listener_cannot_rebrand_loopback ... ok
test sound_recovery::tests::loss_cancels_notes_and_sustain_without_claiming_device_cleanup ... ok
test sound_recovery::tests::replacement_starts_empty_and_rejects_old_play_completion ... ok
test kernel_preparation::partition_tests::duplicate_empty_and_over_bound_sets_cannot_reserve ... ok
test remote_emergency::tests::transport_and_application_replay_are_independently_refused ... ok
test spoken_face_mask::tests::accepted_navigation_retires_only_the_old_turn_and_reads_the_new_focus ... ok
test kernel_preparation::partition_tests::late_capacity_and_invalid_partition_leave_existing_reservations_unchanged ... ok
test spoken_face_mask::tests::accepted_wording_keeps_exact_text_and_current_show_in_one_bounded_flow ... ok
test spoken_face_mask::tests::direct_opening_offers_content_action_without_generic_context_navigation ... ok
test spoken_face_mask::tests::direct_opening_leads_with_context_then_result_and_leaves_detail_to_read_all ... ok
test spoken_face_mask::tests::host_owned_arrival_is_read_completely_with_one_bounded_segment_in_flight ... ok
test spoken_face_mask::tests::host_owned_text_readout_and_focus_claim_no_audio ... ok
test spoken_face_mask::tests::inward_text_edit_and_birth_request_are_exact_typed_interactions ... ok
test spoken_face_mask::tests::mechanical_projection_matches_interactive_wording_before_any_show ... ok
test spoken_face_mask::tests::long_primary_list_reads_bounded_items_and_offers_exact_detail_command ... ok
test spoken_face_mask::tests::refused_navigation_or_input_preserves_the_current_read_all_turn ... ok
test spoken_face_mask::tests::one_long_face_fact_streams_in_order_and_refresh_resets_indexed_focus ... ok
test spoken_face_mask::tests::requested_items_close_before_later_non_item_face_clauses ... ok
test installed_std_tests::timing_conformance::zero_and_maximum_duration_schedules_are_deterministic ... ok
test spoken_face_mask::tests::source_audio_receipts_refuse_wrong_text_and_preserve_chunk_order ... ok
test spoken_face_mask::tests::screen_free_reader_reaches_below_viewport_and_navigates_semantic_roles ... ok
test spoken_face_mask::tests::direct_opening_bounds_long_collections_without_losing_full_reading ... ok
test spoken_face_mask::tests::smaller_closing_flows_preserve_all_face_text_and_cancel_between_batches ... ok
test spoken_face_mask::tests::utf8_chunking_never_splits_a_character ... ok
test spoken_face_mask::tests::read_current_items_uses_the_same_show_without_completed_detail ... ok
test pico_indicator::tests::missing_and_old_firmware_fail_finitely ... ok
test spoken_face_mask::tests::stale_revision_cannot_speak_or_invoke_and_stop_requires_cancel_ack ... ok
test spoken_face_mask::tests::stop_never_turns_a_late_audio_completion_into_success ... ok
test spoken_face_stream_execution::tests::platform::installed_espeak_produces_exact_plan_play_pcm_receipt ... ignored, requires installed eSpeak NG and writes a real WAV
test spoken_face_stream_execution::tests::platform::installed_espeak_stream_drains_selected_alsa_speaker ... ignored, requires installed eSpeak NG, explicit ALSA card/device, and speaker output
test spoken_face_stream_execution::tests::selected_playback_block_admission_covers_its_declared_duration ... ok
test spoken_face_stream_execution::tests::exact_single_segment_is_admitted_and_receipt_is_terminal_only_after_audio ... ok
test spoken_face_stream_execution::tests::multiple_real_committed_segments_pass_preflight_without_creating_artifact ... ok
test pico_indicator::tests::native_provider_and_firmware_correlate_all_eight_acknowledgments ... ok
test spoken_face_stream_execution::tests::attached_host_entrance_refuses_a_missing_speech_provider ... ok
test spoken_face_mask::tests::spoken_reader_names_finite_text_choices_and_refuses_unoffered_value ... ok
test installed_std_tests::typed_state_conformance::typed_state_runs_in_the_installed_kernel_and_unsealed_state_refuses ... ok
test spoken_face_stream_execution::tests::language::english_proof_face_back_refuses_french_before_selected_playback ... ok
test spoken_mask_journey::cancellation_tests::streamed_mask_stop_reaps_provider_and_never_acknowledges_partial_audio ... ignored, requires installed eSpeak NG; observes actual PCM, cancels and verifies no completed Mask artifact
test secure_websocket::tests::native_client_verifies_exact_certificate_binding_and_bounded_frames ... ok
test installed_std_tests::timing_conformance::representative_robot_debounce_and_timeout_run_through_one_production_kernel ... ok
test spoken_mask_journey::tests::installed_espeak_mask_retains_acknowledged_wav_through_plan_and_play ... ignored, requires explicitly installed eSpeak NG, English data and shared library; produces WAV only, no playback
test spoken_mask_journey::tests::installed_espeak_streaming_mask_acknowledges_substantive_chapter ... ignored, requires installed eSpeak NG; validates real streaming Mask audio using an explicitly fixture Presenter candidate
test pico_indicator::tests::optional_device_provenance_is_boot_local_and_does_not_create_capabilities ... ok
test spoken_face_stream_execution::tests::selected_speaker_refuses_full_wav_pool_before_a_completed_play ... ok
test spoken_face_stream_execution::tests::spoken_turn_rejects_undrained_speaker_receipt_without_losing_pending_batch ... ok
test spoken_face_stream_execution::tests::selected_speaker_loss_is_not_a_completed_spoken_show ... ok
test state_value::durable::residence::tests::commit_is_idempotent_and_conflicts_are_exact ... ok
test state_value::durable::residence::tests::exact_recovery_refuses_drift_and_carries_the_full_text_bound ... ok

running 1 test
test spoken_face_stream_execution::tests::selected_speaker_play_is_distinct_from_wav_and_drains_ordered_segments ... ok
test spoken_mask_journey::tests::french_mask_request_refuses_the_english_fixture_before_play ... ok
test state_value::durable::tests::durable_binding_refuses_more_than_the_canonical_text_bound ... ok
test state_value::durable::residence::tests::residence_distinguishes_absent_corrupt_incompatible_and_lost ... ok
test installed_std_tests::typed_state_conformance::public_host_replaces_play_with_owned_state_and_fresh_boot_without_semantic_reset ... ok
test state_value::durable::tests::incomplete_candidate_is_ignored_and_commit_is_idempotent_but_not_ambiguous ... ok
test state_value::durable::tests::four_kib_recovery_is_bound_to_metadata_and_forwards_the_hosted_value ... ok
test state_value::durable::tests::mismatched_receipt_never_publishes_candidate ... ok
test state_value::durable::tests::transition_waits_for_exact_commit_receipt_before_consuming_or_emitting ... ok
test state_value::durable::tests::recovery_distinguishes_absent_corrupt_incompatible_and_lost ... ok
test terminal_face_mask::tests::document_escapes_terminal_control_bytes_in_face_wording ... ok
test spoken_face_stream_execution::tests::stopped_spoken_play_does_not_report_completed_playback ... ok
test spoken_face_stream_execution::tests::selected_playback_keeps_the_same_host_across_two_plays ... ok
test terminal_face_mask::tests::key_decoder_is_incremental_bounded_and_distinguishes_escape ... ok
test terminal_face_mask::tests::full_document_preserves_words_relationships_and_inspection ... ok
test terminal_face_mask::tests::flush_failure_cannot_produce_receipt_or_leave_input_active ... ok
test terminal_face_mask::tests::missing_or_oversized_input_is_refused_without_submission ... ok
test terminal_face_mask::tests::terminal_face_names_small_exact_text_choices_without_changing_the_contract ... ok
test terminal_face_mask::tests::read_only_owner_face_can_be_read_but_never_submitted ... ok
test terminal_face_mask::tests::controls_follow_canonical_clause_order_and_page_navigation_has_no_action ... ok
test spoken_face_stream_execution::tests::selected_speaker_and_wav_share_one_play_and_one_converted_pcm_stream ... ok
test terminal_face_mask::tests::only_latest_effect_receipt_and_available_exact_show_bind ... ok
test installed_std_tests::every_text_presentation_executable_identity_mutation_fails_before_output ... ok
test terminal_face_mask::tests::todo_default_is_a_checklist_with_exact_actions_and_full_inspection ... ok
test terminal_face_mask::tests::typed_edits_preserve_unicode_and_exact_action_correlation ... ok
test terminal_mask_execution::tests::failed_terminal_write_cancels_kernel_without_available_show ... ok
test terminal_mask_execution::tests::cancellation_and_no_input_drain_are_distinct_and_next_play_is_fresh ... ok
test terminal_mask_execution::tests::ordinary_mask_runs_to_real_renderer_call_then_show_and_interaction_fore ... ok
test spoken_mask_runtime_tests::registered_spoken_mask_executes_to_an_artifact_acknowledged_show ... ok
test secure_websocket::tests::absolute_socket_deadline_terminates_a_partial_frame ... ok
test terminal_mask_execution::tests::renderer_is_pending_until_exact_flush_receipt_and_receipt_cannot_replay ... ok
test secure_websocket::tests::wildcard_listener_requires_explicit_authorization_and_retains_exact_scope ... ok
test tests::sealed_profiles_do_not_reenter_semantic_or_allocating_preparation ... ok
test terminal_mask_execution::tests::stale_interaction_and_changed_host_retire_pending_execution ... ok
test terminal_mask_execution::tests::oversized_face_refuses_before_admitting_a_play ... ok
test todo_checkpoint_call::tests::unknown_publication_outcome_never_acknowledges_state ... ok
test todo_checkpoint_read_call::tests::unavailable_revision_outcomes_remain_distinct ... ok
test spoken_mask_runtime_tests::producer_callable_replays_a_retained_live_manifestation_through_the_spoken_mask ... ok
test usb_cdc::tests::test_1_partial_reads_assemble_one_current_stream_frame ... ok
test usb_cdc::tests::test_2_multiple_frames_arriving_in_one_read_decode_separately ... ok
test usb_cdc::tests::test_3_partial_writes_are_completed ... ok
test usb_cdc::tests::test_4_timeout_would_block_is_finite ... ok
test usb_cdc::tests::test_5_eof_disconnect_is_distinct_from_timeout ... ok
test usb_cdc::tests::test_6_malformed_length_framing_fails_closed ... ok
test usb_cdc::tests::test_7_source_sink_session_machine_exchange_works_over_line ... ok
test usb_cdc::tests::test_8_operator_terminal_initializes_and_restores_tty ... ok
test spoken_mask_runtime_tests::final_artifact_slot_still_acks_its_completed_show ... ok
test vision_ocr::tests::graymap_framing_is_exact_and_never_grows ... ok
test vision_ocr::tests::malformed_overflow_and_out_of_frame_results_refuse ... ok
test vision_ocr::tests::executable_provider_binds_identity_and_visits_exact_candidates ... ok
test vision_ocr::tests::tsv_retains_word_geometry_and_bounded_confidence ... ok
test vision_tracker::tests::overlapping_candidates_keep_only_local_continuity_and_exact_history ... ok
test websocket::tests::actual_loopback_rfc6455_is_binary_only_and_message_bounded ... ok
test terminal_mask_execution::tests::disconnected_foreground_cannot_produce_an_available_terminal_show ... ok
test tests::deterministic_boot_ids_are_injectable ... ok
test websocket::tests::planned_listener_rejects_unspecified_bind_and_peer_facts ... ok
test websocket::tests::unavailable_and_unspecified_client_endpoints_fail_distinctly ... ok
test tests::unsupported_production_std_plot_fails_closed_without_a_legacy_pump ... ok
test vision_ocr::tests::provider_that_never_reads_input_is_killed_at_the_exact_deadline ... ok
test terminal_mask_execution::tests::attached_owner_host_waits_for_actual_foreground_flush_before_available_show ... ok
test terminal_mask_execution::tests::failed_foreground_flush_never_acknowledges_a_show ... ok
test tests::streamed_output_uses_a_virtual_clock_and_retains_terminal_sign ... ok
test tests::exact_signal_fragment_lowers_to_numeric_kernel_tables ... ok
test spoken_mask_journey::tests::finite_wording_replay_uses_the_presenter_policy_and_revalidates_the_face ... ok
test tests::local_three_sink_signal_fanout_uses_only_the_sealed_kernel_profile ... ok
test installed_std_tests::typed_state_conformance::keep_duration_requires_exact_back_support_before_planning ... ok
test websocket::tests::planned_listener_admission_has_a_finite_deadline ... ok
test websocket::tests::disconnect_before_readiness_and_with_an_in_flight_frame_are_distinct ... ok
test tests::fresh_starts_get_fresh_boot_ids ... ok
test todo_checkpoint_transition::tests::checkpoint_offer_transition_keeps_selected_speaker_and_artifact_on_same_boot ... ok
test installed_std_tests::timing_conformance::identical_simulated_schedules_have_identical_normalized_output_and_signs ... ok
test spoken_mask_runtime_tests::screen_free_spoken_producer_actualizes_the_shared_ten_action_journey ... ok
test pico_indicator::tests::bad_acknowledgments_poison_provider_without_retry ... ok
test hosted_process::stream::tests::first_bytes_arrive_before_process_completion_and_consumer_drives_reads ... ok

running 1 test
test hosted_speech_recognition::tests::timeout_kills_provider_and_missing_output_is_failure ... ok
test state_value::durable::residence::tests::fresh_process_abrupt_loss_recovers_only_published_generation ... ok

test result: ok. 658 passed; 0 failed; 9 ignored; 0 measured; 0 filtered out; finished in 2.98s

     Running tests/ipa_authoring_journey.rs (/home/dancxjo/conduit/target/debug/deps/ipa_authoring_journey-c07315d9ee825bd2)

running 7 tests
test quoted_ipa_cst_highlighter_and_literal_serialization_preserve_utf8 ... ok
test quoted_unicode_constructor_runs_actual_standard_hostcall_without_inventory ... ok
test constructor_unit_and_text_bounds_refuse_without_truncation ... ok
test single_phone_keeps_unknown_identity_and_cannot_decode_as_phoneme ... ok
test explicit_syllable_boundary_cannot_be_erased_inside_one_phoneme ... ok
test orphan_mark_and_invalid_boundaries_return_located_native_outcomes ... ok
test phonemic_source_requires_exact_inventory_revision_and_membership ... ok

test result: ok. 7 passed; 0 failed; 0 ignored; 0 measured; 0 filtered out; finished in 0.87s

