    Checking serde_core v1.0.229
    Checking typenum v1.20.1
    Checking generic-array v0.14.7
    Checking serde v1.0.229
    Checking block-buffer v0.10.4
    Checking crypto-common v0.1.7
    Checking digest v0.10.7
    Checking conduit-assigned-plan v0.1.0 (/home/dancxjo/conduit-4907-decode-accounting/architecture/assigned-plan)
    Checking cpufeatures v0.2.17
    Checking cfg-if v1.0.5
    Checking sha2 v0.10.9
    Checking libm v0.2.16
    Checking zmij v1.0.23
    Checking itoa v1.0.18
    Checking memchr v2.8.3
    Checking serde_json v1.0.151
    Checking conduit-core v0.1.0 (/home/dancxjo/conduit-4907-decode-accounting/architecture/core)
    Checking conduit-kernel v0.1.0 (/home/dancxjo/conduit-4907-decode-accounting/architecture/kernel)
    Checking thiserror v2.0.20
    Checking cobs v0.3.0
    Checking postcard v1.1.3
    Checking conduit-plot v0.1.0 (/home/dancxjo/conduit-4907-decode-accounting/architecture/plot)
    Finished `dev` profile [unoptimized] target(s) in 21.29s
