   Compiling conduit-language v0.1.0 (/home/dancxjo/conduit-4907-joint/semantics/language)
warning: unused variable: `lexical`
  --> semantics/language/tests/parser_joint_decode.rs:64:9
   |
64 |         lexical: &LanguageParserJointLexical,
   |         ^^^^^^^ help: if this is intentional, prefix it with an underscore: `_lexical`
   |
   = note: `#[warn(unused_variables)]` (part of `#[warn(unused)]`) on by default

warning: `conduit-language` (test "parser_joint_decode") generated 1 warning (run `cargo fix --test "parser_joint_decode" -p conduit-language` to apply 1 suggestion)
    Finished `test` profile [unoptimized] target(s) in 1.54s
     Running tests/parser_joint_decode.rs (target/debug/deps/parser_joint_decode-cb90376f2933e6d1)

running 1 test
joint Source prepare language-parser-joint-branch elapsed_ms=3031
joint Source prepare language-parser-joint-pos elapsed_ms=16628
joint Source prepare language-parser-model-features elapsed_ms=26760
joint Source prepare language-parser-legal-mask elapsed_ms=28796
joint Source prepare language-parser-score-proposal elapsed_ms=32846
joint Source prepare language-parser-transition elapsed_ms=34850
joint Source prepare language-parser-joint-expansion elapsed_ms=38806
joint Source prepare language-parser-joint-runtime-merge elapsed_ms=52626
test learned_ambiguous_heldout_occurrence_runs_admitted_native_width_four_pipeline has been running for over 60 seconds
joint native decode email-enronsent32_01-0051 prepared_ms=93891
JOINT_NATIVE_GRAPH {"basis":[2,89,0,0,0,116,121,112,101,47,76,97,110,103,117,97,103,101,80,97,114,115,101,114,66,97,115,105,115,64,100,99,55,53,50,99,49,55,48,52,55,100,54,49,97,102,57,50,56,49,102,99,99,98,50,99,102,100,53,54,49,98,55,98,48,102,98,49,49,54,53,55,57,101,53,51,57,54,99,53,49,56,54,48,101,97,100,54,100,98,97,55,101,52,3,0,0,0,17,0,0,0,97,110,97,108,121,115,105,115,95,114,101,118,105,115,105,111,110,5,96,0,0,0,116,121,112,101,47,76,97,110,103,117,97,103,101,65,110,97,108,121,115,105,115,82,101,118,105,115,105,111,110,73,100,64,102,51,56,100,99,56,102,102,55,99,97,55,98,55,52,101,98,55,53,50,55,98,101,55,100,55,52,56,102,55,48,55,56,98,56,52,98,56,55,97,99,98,49,100,55,51,51,50,52,57,98,52,97,50,97,102,101,55,57,102,50,57,50,54,0,10,0,0,0,118,97,108,117,101,47,116,101,120,116,15,0,0,0,115,111,117,114,99,101,95,114,101,118,105,115,105,111,110,5,92,0,0,0,116,121,112,101,47,76,97,110,103,117,97,103,101,84,101,120,116,82,101,118,105,115,105,111,110,73,100,64,49,102,101,99,50,55,53,50,98,48,52,55,102,52,55,98,50,56,56,56,56,102,52,54,101,100,55,57,51,100,56,56,51,52,97,51,52,100,54,99,97,101,99,56,55,50,50,51,102,56,102,54,102,101,55,53,99,49,102,97,102,57,51,53,0,10,0,0,0,118,97,108,117,101,47,116,101,120,116,4,0,0,0,116,101,120,116,5,84,0,0,0,116,121,112,101,47,76,97,110,103,117,97,103,101,84,101,120,116,73,100,64,53,53,101,56,53,50,54,49,56,55,55,100,55,102,50,57,49,97,51,101,55,98,54,101,50,54,101,55,101,55,101,98,52,97,102,102,102,99,99,99,102,49,102,55,97,52,56,102,50,55,102,54,53,49,52,57,99,55,53,56,56,56,100,97,0,10,0,0,0,118,97,108,117,101,47,116,101,120,116,2,3,0,0,0,17,0,0,0,97,110,97,108,121,115,105,115,95,114,101,118,105,115,105,111,110,0,64,0,0,0,57,98,54,55,56,55,56,55,56,102,51,97,52,97,49,99,97,54,98,97,51,57,100,57,52,56,57,98,102,57,48,97,97,100,98,53,97,102,54,102,49,57,102,51,97,52,51,51,102,51,50,99,101,98,100,98,97,50,56,56,101,48,55,102,15,0,0,0,115,111,117,114,99,101,95,114,101,118,105,115,105,111,110,0,64,0,0,0,52,49,52,102,56,53,102,57,100,98,100,51,48,55,51,102,53,49,54,99,56,97,57,102,49,48,54,53,49,100,98,97,100,100,56,56,53,54,100,51,54,98,50,97,102,102,56,49,52,98,52,102,97,54,55,98,52,56,57,53,100,99,48,102,4,0,0,0,116,101,120,116,0,64,0,0,0,101,100,53,100,102,49,51,99,49,53,53,49,51,97,52,101,57,54,52,97,55,51,49,55,54,97,101,56,98,57,98,102,54,55,50,102,98,49,51,102,49,101,99,102,55,50,97,102,99,98,50,99,97,56,98,52,48,50,99,53,55,57,53,101],"choices":[1,0,0,0],"complete":true,"id":"email-enronsent32_01-0051","predicted":[{"base":"root","canonical_arc_identity":"f04660b9797ce771a32779baa17162ee3bee6dbf9ca2a6e0390219eb6eefe137","dependent":0,"head":4}]}
JOINT_NATIVE_METRICS {"ambiguous_pos_correct":1,"ambiguous_tokens":1,"canonical_exclusions":{},"complete_sentences":1,"conditional_gold_pos":false,"decode_max_ms":7040,"decode_ms":7040,"elapsed_ms":171231,"eligible_heldout_sentences":1,"host_memory":"VmHWM:\t 1548444 kB; VmRSS:\t 1499428 kB","last_scope_flow_timing":[{"calls":4,"entry":"language-parser-joint-branch","maximum_nanos":16017674,"nanos":62285453},{"calls":7,"entry":"language-parser-joint-pos","maximum_nanos":40581029,"nanos":269496432},{"calls":6,"entry":"language-parser-model-features","maximum_nanos":1987089,"nanos":11412362},{"calls":6,"entry":"language-parser-legal-mask","maximum_nanos":52168546,"nanos":301966241},{"calls":6,"entry":"language-parser-score-proposal","maximum_nanos":4268127,"nanos":24265157},{"calls":6,"entry":"language-parser-transition","maximum_nanos":40821616,"nanos":234498689},{"calls":6,"entry":"language-parser-joint-expansion","maximum_nanos":2291797,"nanos":12914031},{"calls":9,"entry":"language-parser-joint-runtime-merge","maximum_nanos":107440395,"nanos":875249143}],"limitations":"finite full-tape beam proof; no incremental revision, stabilization/commitment latency or broad English accuracy; score outputs are not calibrated lexical confidence","model_content_identity":"bf8770e9bd5fd425e40205c1722491d85401f4bf2e8fe12ecd510f620e17a229","ordinary_plan_preparation_ms":93891,"pos_correct":1,"profile":"TRAIN-only64 lexical entries; four-token complete immutable tape; blind learned joint decode","proof":"actual Source Flow POS/branch/features/mask/proposal/transition/score/width4 merge with recursive native admission and exact hosted learned artifact","selected_occurrence":"email-enronsent32_01-0051","sentences":1,"source_preparation_ms":68981,"tokens":1,"uas_correct":1,"universal_base_las_correct":1,"vocative_correct":0,"vocative_gold":0}
test learned_ambiguous_heldout_occurrence_runs_admitted_native_width_four_pipeline ... ok

test result: ok. 1 passed; 0 failed; 0 ignored; 0 measured; 1 filtered out; finished in 171.53s

