   Compiling proc-macro2 v1.0.107
   Compiling unicode-ident v1.0.26
   Compiling quote v1.0.47
   Compiling syn v3.0.6
   Compiling serde_core v1.0.229
   Compiling version_check v0.9.5
   Compiling generic-array v0.14.7
   Compiling typenum v1.20.1
   Compiling serde v1.0.229
   Compiling serde_derive v1.0.229
   Compiling thiserror v2.0.20
   Compiling block-buffer v0.10.4
   Compiling crypto-common v0.1.7
   Compiling thiserror-impl v2.0.20
   Compiling libm v0.2.16
   Compiling zmij v1.0.23
   Compiling digest v0.10.7
   Compiling conduit-assigned-plan v0.1.0 (/home/dancxjo/conduit-4907-decode-accounting/architecture/assigned-plan)
   Compiling cpufeatures v0.2.17
   Compiling cfg-if v1.0.5
   Compiling serde_json v1.0.151
   Compiling sha2 v0.10.9
   Compiling cobs v0.3.0
   Compiling itoa v1.0.18
   Compiling memchr v2.8.3
   Compiling conduit-core v0.1.0 (/home/dancxjo/conduit-4907-decode-accounting/architecture/core)
   Compiling postcard v1.1.3
   Compiling conduit-kernel v0.1.0 (/home/dancxjo/conduit-4907-decode-accounting/architecture/kernel)
    Finished `test` profile [unoptimized] target(s) in 18.02s
     Running tests/type_decode_storage.rs (target/debug/deps/type_decode_storage-b19f73f7c8914f59)

running 2 tests
test leaf_and_law_free_nominal_charge_the_actual_constructor_paths ... ok
test nested_shapes_and_unsorted_full_aggregate_buffers_fit_requested_bound ... ok

test result: ok. 2 passed; 0 failed; 0 ignored; 0 measured; 0 filtered out; finished in 0.00s

