   Compiling conduit-time v0.1.0 (/home/dancxjo/conduit-portable-foundations/semantics/time)
   Compiling conduit-human v0.1.0 (/home/dancxjo/conduit-portable-foundations/semantics/human)
   Compiling conduit-audio v0.1.0 (/home/dancxjo/conduit-portable-foundations/semantics/audio)
   Compiling heapless v0.7.17
   Compiling conduit-web v0.1.0 (/home/dancxjo/conduit-portable-foundations/semantics/web)
   Compiling postcard v1.1.3
   Compiling conduit-body v0.1.0 (/home/dancxjo/conduit-portable-foundations/architecture/body)
   Compiling conduit-net v0.1.0 (/home/dancxjo/conduit-portable-foundations/semantics/net)
   Compiling conduit-text v0.1.0 (/home/dancxjo/conduit-portable-foundations/semantics/text)
   Compiling conduit-purpose v0.1.0 (/home/dancxjo/conduit-portable-foundations/semantics/purpose)
   Compiling conduit-robotics v0.1.0 (/home/dancxjo/conduit-portable-foundations/semantics/robotics)
   Compiling conduit-alife v0.1.0 (/home/dancxjo/conduit-portable-foundations/semantics/alife)
   Compiling conduit-process v0.1.0 (/home/dancxjo/conduit-portable-foundations/semantics/process)
   Compiling conduit-language v0.1.0 (/home/dancxjo/conduit-portable-foundations/semantics/language)
   Compiling heapless v0.8.0
   Compiling conduit-wire v0.1.0 (/home/dancxjo/conduit-portable-foundations/architecture/wire)
   Compiling conduit-chat v0.1.0 (/home/dancxjo/conduit-portable-foundations/semantics/chat)
   Compiling conduit-data v0.1.0 (/home/dancxjo/conduit-portable-foundations/semantics/data)
   Compiling conduit-presentation v0.1.0 (/home/dancxjo/conduit-portable-foundations/semantics/presentation)
   Compiling conduit-signal v0.1.0 (/home/dancxjo/conduit-portable-foundations/semantics/signal)
   Compiling serde-json-core v0.6.0
   Compiling conduit-todo-plot v0.1.0 (/home/dancxjo/conduit-portable-foundations/plots/todo/model)
   Compiling conduit-plot v0.1.0 (/home/dancxjo/conduit-portable-foundations/architecture/plot)
   Compiling conduit-bluetooth v0.1.0 (/home/dancxjo/conduit-portable-foundations/mechanisms/protocols/bluetooth)
   Compiling conduit-ai v0.1.0 (/home/dancxjo/conduit-portable-foundations/semantics/ai)
   Compiling conduit-midi v0.1.0 (/home/dancxjo/conduit-portable-foundations/mechanisms/protocols/midi)
   Compiling conduit-education v0.1.0 (/home/dancxjo/conduit-portable-foundations/semantics/education)
   Compiling conduit-semantic-catalog v0.1.0 (/home/dancxjo/conduit-portable-foundations/semantics/catalog)
   Compiling conduit-planner v0.1.0 (/home/dancxjo/conduit-portable-foundations/architecture/planner)
   Compiling conduit-std-offers v0.1.0 (/home/dancxjo/conduit-portable-foundations/targets/std/offers)
   Compiling conduit-signal-conformance v0.1.0 (/home/dancxjo/conduit-portable-foundations/proof/conformance/signal)
    Finished `test` profile [unoptimized] target(s) in 29.26s
     Running unittests src/lib.rs (/home/dancxjo/conduit/target/debug/deps/conduit_ai-5c8b30b54dde9a8a)

running 27 tests
test dynamics::tests::public_field_compatibility_retains_accuracy_defense_in_depth ... ok
test model_signature::tests::dimension_constraint_retains_the_v1_manual_digest_bytes ... ok
test streaming_generation::tests::sequence_chunk_and_total_bounds_refuse_distinctly ... ok
test bases::tests::implementation_artifact_and_resource_vectors_are_exact_and_distinct ... ok
test bases::tests::three_materially_different_fixtures_offer_one_equal_checked_front ... ok
test provider::tests::portable_front_and_provider_protocol_keep_realization_and_failures_distinct ... ok
test training_digest::tests::missing_modality_policy_retains_the_v1_manual_digest_bytes ... ok
test streaming_generation::tests::ordered_deltas_reconstruct_exactly_without_runtime_retention ... ok
test temporal_evidence_selection::tests::complete_history_reports_missing_boundary_without_fabricating_duration ... ok
test vector_search_contract::tests::portable_contract_is_typed_finite_and_backend_neutral ... ok
test relation::digest::tests::result_profile_digest_bytes_remain_exact ... ok
test model_text::tests::generated_chunks_project_as_incremental_text_without_batching ... ok
test model_work_contract::tests::canonical_command_round_trip_and_identity_bounds ... ok
test streaming_generation::tests::generated_text_chunks_are_native_bounded_and_keep_the_exact_codec ... ok
test model_work_contract::tests::full_state_reply_round_trips ... ok
test model_work_contract::tests::oversized_noncanonical_and_unknown_payloads_refuse ... ok
test vector_search_contract::tests::ordinary_plot_checks_and_expands_without_backend_vocabulary ... ok
test temporal_evidence_selection::tests::recent_first_page_cannot_masquerade_as_project_origin ... ok
test model_text::tests::only_canonical_produced_bounded_utf8_becomes_text ... ok
test model_work_contract::tests::ordinary_plot_checks_expands_and_plans_from_portable_contract ... ok
test streaming_generation::tests::generated_text_flow_evidence_is_native_bounded_and_coherent ... ok
test temporal_evidence_selection::tests::state_interval_and_event_ordering_use_event_and_validity_truth ... ok
test temporal_evidence_selection::tests::exact_boundary_and_latest_evidence_are_selected_deterministically ... ok
test temporal_evidence_selection::tests::malformed_batch_refuses_before_selection ... ok
test temporal_evidence_selection::tests::temporal_evidence_family_is_native_and_exactly_bounded ... ok
test provider::tests::unchanged_plot_selects_direct_front_or_distributed_provider_back_exactly ... ok
test model_work_contract::tests::maximal_mutating_receipt_fits_prepared_wire_bound ... ok

test result: ok. 27 passed; 0 failed; 0 ignored; 0 measured; 0 filtered out; finished in 0.01s

     Running tests/context_selection.rs (/home/dancxjo/conduit/target/debug/deps/context_selection-1ab4e2758aec64df)

running 7 tests
test reranking_policy_is_native_and_intrinsically_bounded ... ok
test scorer_observations_are_exact_finite_and_cannot_invent_candidates ... ok
test finite_context_is_chronological_diverse_structured_and_inspectable ... ok
test finite_token_budget_makes_each_truncation_inspectable ... ok
test deterministic_and_model_reranking_keep_exact_evidence_but_distinct_proof ... ok
test retrieved_instruction_text_cannot_change_selection_policy_or_gain_authority ... ok
test every_budget_and_required_annotation_fails_closed ... ok

test result: ok. 7 passed; 0 failed; 0 ignored; 0 measured; 0 filtered out; finished in 0.00s

     Running tests/context_selection_plan.rs (/home/dancxjo/conduit/target/debug/deps/context_selection_plan-aa0c69f09fea9e88)

running 3 tests
test portable_fronts_are_typed_bounded_and_require_no_authority ... ok
test unreviewed_reranking_policy_refuses_canonical_expansion ... ok
test proof_ordering_and_redundancy_policies_are_exact_plan_facts ... ok

test result: ok. 3 passed; 0 failed; 0 ignored; 0 measured; 0 filtered out; finished in 0.00s

     Running tests/dynamics.rs (/home/dancxjo/conduit/target/debug/deps/dynamics-58f2e088cdc5bf2f)

running 3 tests
test work_exhaustion_cancellation_and_failures_never_commit_state ... ok
test two_solver_realizations_share_one_contract_and_emit_sampled_coupled_trajectory ... ok
test exact_grid_stale_state_resource_bounds_and_unsupported_sde_refuse ... ok

test result: ok. 3 passed; 0 failed; 0 ignored; 0 measured; 0 filtered out; finished in 0.00s

     Running tests/effect_proposal.rs (/home/dancxjo/conduit/target/debug/deps/effect_proposal-187106387ae4f121)

running 6 tests
test actual_effect_and_resulting_signs_remain_distinct_and_bounded ... ok
test decision_history_is_finite_without_evicting_prior_truth ... ok
test provider_names_and_injected_rationale_never_mint_authority ... ok
test same_model_proposal_requires_explicit_wiring_and_authority ... ok
test replay_cancellation_and_replan_make_pending_requests_inert ... ok
test structured_argument_bounds_shape_and_plan_are_independent_checks ... ok

test result: ok. 6 passed; 0 failed; 0 ignored; 0 measured; 0 filtered out; finished in 0.00s

     Running tests/embodiment.rs (/home/dancxjo/conduit/target/debug/deps/embodiment-0c8bc9a20fbd4e87)

running 3 tests
test graph_wiring_alone_changes_model_context_and_power ... ok
test provider_swap_plan_reuse_and_ambient_ports_refuse ... ok
test unwired_or_unauthorized_effect_cannot_be_reported_as_real ... ok

test result: ok. 3 passed; 0 failed; 0 ignored; 0 measured; 0 filtered out; finished in 0.00s

     Running tests/fixed_neural.rs (/home/dancxjo/conduit/target/debug/deps/fixed_neural-bbc26f7a3dade4eb)

running 5 tests
test activation_profiles_match_independent_f64_functions_and_saturate ... ok
test embedding_refuses_outside_fixed_table_without_touching_output ... ok
test affine_row_order_matches_independent_double_precision_oracle ... ok
test overflow_and_nonfinite_inputs_do_not_publish_partial_output ... ok
test quantized_scales_are_per_output_and_missing_or_bad_metadata_refuses ... ok

test result: ok. 5 passed; 0 failed; 0 ignored; 0 measured; 0 filtered out; finished in 0.00s

     Running tests/fixed_numeric_back.rs (/home/dancxjo/conduit/target/debug/deps/fixed_numeric_back-68a875a124657c23)

running 6 tests
test prepared_codec_rejects_nonfinite_wrong_schema_and_truncation_atomically ... ok
test every_owned_conditioning_vector_fits_selected_envelope ... ok
test planned_factory_refuses_wrong_identity_and_lost_or_stale_resource ... ok
test blocked_output_does_not_consume_inputs_or_commit_private_completion ... ok
test ordinary_scheduler_storage_refusal_does_not_commit_and_cancellation_is_distinct ... ok
test ordinary_plan_play_executes_exact_owned_tensor_affine ... ok

test result: ok. 6 passed; 0 failed; 0 ignored; 0 measured; 0 filtered out; finished in 0.40s

     Running tests/fixed_tensor.rs (/home/dancxjo/conduit/target/debug/deps/fixed_tensor-a1a7f339aff5b238)

running 3 tests
test corrupted_truncated_or_nonfinite_resources_refuse_before_execution ... ok
test input_major_and_output_major_share_one_exact_affine_meaning ... ok
test exact_resource_embedding_has_generic_indices_and_atomic_refusal ... ok

test result: ok. 3 passed; 0 failed; 0 ignored; 0 measured; 0 filtered out; finished in 0.00s

     Running tests/fixed_tensor_linear.rs (/home/dancxjo/conduit/target/debug/deps/fixed_tensor_linear-9f4a5926b040ab54)

running 2 tests
test unbiased_projection_refuses_nonfinite_input_weight_and_overflow_atomically ... ok
test unbiased_projection_has_no_synthetic_bias_and_exact_layout ... ok

test result: ok. 2 passed; 0 failed; 0 ignored; 0 measured; 0 filtered out; finished in 0.00s

     Running tests/fixed_tensor_resource.rs (/home/dancxjo/conduit/target/debug/deps/fixed_tensor_resource-ab86afdd32fbfa06)

running 4 tests
test resource_adoption_refuses_changed_content_and_lost_authority ... ok
test exact_disjoint_slices_share_one_retained_blob_and_outlive_loader ... ok
test owned_resource_custody_outlives_loader_without_copying_content ... ok
test shared_slices_refuse_bad_ranges_changed_bytes_extent_and_authority ... ok

test result: ok. 4 passed; 0 failed; 0 ignored; 0 measured; 0 filtered out; finished in 0.00s

     Running tests/grounded_answer.rs (/home/dancxjo/conduit/target/debug/deps/grounded_answer-28c03fb5ba0b1dab)

running 6 tests
test grounded_answer_policy_is_native_and_intrinsically_bounded ... ok
test terminal_model_outcomes_and_request_mismatch_stay_distinct ... ok
test hallucinated_or_mutated_non_context_citations_refuse ... ok
test forged_context_accounting_and_every_policy_bound_fail_closed ... ok
test ordinary_model_replacement_preserves_exact_portable_grounding ... ok
test unsupported_claims_and_evidence_dispositions_remain_explicit ... ok

test result: ok. 6 passed; 0 failed; 0 ignored; 0 measured; 0 filtered out; finished in 0.00s

     Running tests/grounded_answer_plan.rs (/home/dancxjo/conduit/target/debug/deps/grounded_answer_plan-6f2b140c1f3aa03f)

running 3 tests
test ordinary_answer_front_consumes_query_and_structured_context_without_prompt_semantics ... ok
test opaque_provider_citation_policy_refuses_canonical_expansion ... ok
test retrieval_context_answer_chain_and_grounding_bounds_are_exact_plan_facts ... ok

test result: ok. 3 passed; 0 failed; 0 ignored; 0 measured; 0 filtered out; finished in 0.00s

     Running tests/house_context.rs (/home/dancxjo/conduit/target/debug/deps/house_context-0ce64d0a7dd31316)

running 4 tests
test admits_only_the_context_explicitly_supplied_by_the_plot ... ok
test provenance_classes_remain_distinct_and_affect_exact_identity ... ok
test complete_house_request_round_trips_through_its_native_owner ... ok
test refuses_missing_implicit_or_unbounded_context ... ok

test result: ok. 4 passed; 0 failed; 0 ignored; 0 measured; 0 filtered out; finished in 0.00s

     Running tests/hybrid_retrieval.rs (/home/dancxjo/conduit/target/debug/deps/hybrid_retrieval-bb0d7519a71ea987)

running 7 tests
test retriever_identity_is_native_and_exactly_bounded ... ok
test required_mechanisms_stage_bounds_and_work_pressure_fail_closed ... ok
test deduplication_preserves_changed_source_versions_as_distinct_truth ... ok
test provider_scores_remain_local_and_do_not_define_fusion_order ... ok
test vector_lexical_metadata_and_temporal_paths_fuse_with_exact_provenance ... ok
test malformed_ranks_duplicate_stage_chunks_and_temporal_identity_leaks_refuse ... ok
test recent_semantic_page_cannot_masquerade_as_historical_origin ... ok

test result: ok. 7 passed; 0 failed; 0 ignored; 0 measured; 0 filtered out; finished in 0.00s

     Running tests/hybrid_retrieval_codec.rs (/home/dancxjo/conduit/target/debug/deps/hybrid_retrieval_codec-e6a29f6101d2ef2e)

running 3 tests
test terminal_boundary_outcomes_retain_exact_policy_identity ... ok
test malformed_trailing_oversized_and_zero_rank_values_fail_closed ... ok
test every_stage_and_fused_provenance_round_trip_canonically ... ok

test result: ok. 3 passed; 0 failed; 0 ignored; 0 measured; 0 filtered out; finished in 0.00s

     Running tests/hybrid_retrieval_kernel.rs (/home/dancxjo/conduit/target/debug/deps/hybrid_retrieval_kernel-b1035cd2762bea9e)

running 2 tests
test cancellation_and_malformed_stage_are_distinct_kernel_terminals ... ok
test exact_policy_fuses_four_canonical_inputs_through_the_production_kernel_and_sign ... ok

test result: ok. 2 passed; 0 failed; 0 ignored; 0 measured; 0 filtered out; finished in 0.01s

     Running tests/hybrid_retrieval_plan.rs (/home/dancxjo/conduit/target/debug/deps/hybrid_retrieval_plan-7292e69cc199a284)

running 3 tests
test portable_front_names_four_explicit_paths_and_no_realization_facts ... ok
test unreviewed_policy_refuses_during_canonical_expansion ... ok
test fusion_policy_and_temporal_behavior_are_exact_plan_configuration ... ok

test result: ok. 3 passed; 0 failed; 0 ignored; 0 measured; 0 filtered out; finished in 0.00s

     Running tests/interpretation.rs (/home/dancxjo/conduit/target/debug/deps/interpretation-7ea73a2cc427c89b)

running 7 tests
test fabricated_references_fail_and_unknown_references_can_be_marked_unresolved ... ok
test exact_input_sign_identities_are_referenced_without_becoming_output_signs ... ok
test insufficient_and_contradictory_evidence_and_modest_scores_are_explicit ... ok
test model_request_carries_typed_reference_and_retrieval_intent ... ok
test invalid_clock_and_query_window_refuse_before_interpretation ... ok
test profile_reported_confidence_is_native_and_exactly_bounded ... ok
test prompt_text_cannot_change_model_derived_provenance_or_mint_authority ... ok

test result: ok. 7 passed; 0 failed; 0 ignored; 0 measured; 0 filtered out; finished in 0.00s

     Running tests/learned_lifecycle.rs (/home/dancxjo/conduit/target/debug/deps/learned_lifecycle-603f4e59c6a53e12)

running 6 tests
test stale_candidate_disagreement_and_mutated_plan_refuse_distinctly ... ok
test shadow_requires_exact_shared_input_and_stays_within_finite_resources ... ok
test rollback_is_separately_authorized_bounded_and_cannot_revive_another_target ... ok
test favorable_metrics_do_not_grant_promotion_authority ... ok
test shadow_candidate_cannot_share_a_protected_effect_route ... ok
test harmless_candidate_shadows_promotes_by_replacement_plan_and_rolls_back ... ok

test result: ok. 6 passed; 0 failed; 0 ignored; 0 measured; 0 filtered out; finished in 0.00s

     Running tests/llm_semantic_contracts.rs (/home/dancxjo/conduit/target/debug/deps/llm_semantic_contracts-234c9fc0b868944a)

running 11 tests
test exact_revision_and_front_compatibility_rejects_mutation ... ok
test implementation_controls_and_determinism_claims_stay_outside_portable_semantics ... ok
test generative_presentation_is_structured_and_distinct_from_input_interpretation ... ok
test confidence_and_work_accounting_are_native_values ... ok
test llm_work_bounds_are_native_and_exactly_bounded ... ok
test refusal_failure_cancellation_and_provider_loss_are_terminal_without_payload ... ok
test malformed_oversized_and_unsupported_results_fail_distinctly ... ok
test model_derived_envelope_is_bounded_correlated_and_not_sign_evidence ... ok
test streaming_generation_is_a_distinct_closing_delta_flow ... ok
test machine_readable_semantic_contracts_have_exact_distinct_fronts ... ok
test all_contracts_install_and_check_as_ordinary_provider_free_plots ... ok

test result: ok. 11 passed; 0 failed; 0 ignored; 0 measured; 0 filtered out; finished in 0.00s

     Running tests/local_model_offer.rs (/home/dancxjo/conduit/target/debug/deps/local_model_offer-88988709780c475b)

running 6 tests
test admission_refuses_each_finite_bound_before_inference ... ok
test inference_cancellation_loss_resource_failure_and_shutdown_stay_distinct ... ok
test discovery_is_not_an_offer_until_initialization_reaches_ready ... ok
test finite_memory_concurrency_queue_and_identity_fail_closed ... ok
test profiles_are_exact_unique_and_never_claim_fixture_determinism ... ok
test initialized_offer_exposes_eight_exact_finite_l0_capabilities ... ok

test result: ok. 6 passed; 0 failed; 0 ignored; 0 measured; 0 filtered out; finished in 0.00s

     Running tests/model_artifact.rs (/home/dancxjo/conduit/target/debug/deps/model_artifact-e9dc94c89d59b85f)

running 2 tests
test artifact_state_checkpoint_and_runtime_are_distinct_exact_identities ... ok
test mismatched_signature_checkpoint_runtime_and_signal_shape_refuse_exactly ... ok

test result: ok. 2 passed; 0 failed; 0 ignored; 0 measured; 0 filtered out; finished in 0.04s

     Running tests/model_compute.rs (/home/dancxjo/conduit/target/debug/deps/model_compute-334bf4dc4543aa05)

running 3 tests
test every_memory_shape_concurrency_and_checkpoint_bound_fails_closed ... ok
test selection_covers_general_operation_families_and_refuses_known_mismatches ... ok
test load_queue_active_cancel_loss_and_unload_are_explicit_and_bounded ... ok

test result: ok. 3 passed; 0 failed; 0 ignored; 0 measured; 0 filtered out; finished in 0.00s

     Running tests/native_base_vocabulary.rs (/home/dancxjo/conduit/target/debug/deps/native_base_vocabulary-83cf56261d106e8c)

running 1 test
test base_facts_round_trip_through_their_exact_native_types ... ok

test result: ok. 1 passed; 0 failed; 0 ignored; 0 measured; 0 filtered out; finished in 0.00s

     Running tests/native_compatible_metrics.rs (/home/dancxjo/conduit/target/debug/deps/native_compatible_metrics-34f2ac5a80b713ac)

running 2 tests
test compatible_metrics_preserve_the_established_serde_shapes ... ok
test compatible_metrics_exhaust_every_finite_boolean_value ... ok

test result: ok. 2 passed; 0 failed; 0 ignored; 0 measured; 0 filtered out; finished in 0.00s

     Running tests/native_context_selection_vocabulary.rs (/home/dancxjo/conduit/target/debug/deps/native_context_selection_vocabulary-70293757cffa8691)

running 1 test
test context_selection_vocabularies_round_trip_through_their_native_types ... ok

test result: ok. 1 passed; 0 failed; 0 ignored; 0 measured; 0 filtered out; finished in 0.00s

     Running tests/native_execution_refusals.rs (/home/dancxjo/conduit/target/debug/deps/native_execution_refusals-ef5431d6b6b0ed74)

running 1 test
test execution_refusals_round_trip_through_native_types ... ok

test result: ok. 1 passed; 0 failed; 0 ignored; 0 measured; 0 filtered out; finished in 0.00s

     Running tests/native_fusion_strategy.rs (/home/dancxjo/conduit/target/debug/deps/native_fusion_strategy-46371e8dfda0e00e)

running 2 tests
test fusion_strategy_refuses_rank_constants_outside_its_native_boundary ... ok
test fusion_strategy_round_trips_through_its_exact_native_payload_type ... ok

test result: ok. 2 passed; 0 failed; 0 ignored; 0 measured; 0 filtered out; finished in 0.00s

     Running tests/native_integration_accuracy.rs (/home/dancxjo/conduit/target/debug/deps/native_integration_accuracy-585b3ae705f80622)

running 2 tests
test integration_accuracy_round_trips_exact_authored_law_boundaries ... ok
test integration_resources_are_intrinsically_finite_and_positive ... ok

test result: ok. 2 passed; 0 failed; 0 ignored; 0 measured; 0 filtered out; finished in 0.00s

     Running tests/native_interpretation_refusals.rs (/home/dancxjo/conduit/target/debug/deps/native_interpretation_refusals-a45912e34fb7a337)

running 1 test
test interpretation_refusals_round_trip_through_native_types ... ok

test result: ok. 1 passed; 0 failed; 0 ignored; 0 measured; 0 filtered out; finished in 0.00s

     Running tests/native_learned_lifecycle_vocabulary.rs (/home/dancxjo/conduit/target/debug/deps/native_learned_lifecycle_vocabulary-80d2d7d585f43249)

running 1 test
test learned_lifecycle_vocabulary_is_native_conduitese ... ok

test result: ok. 1 passed; 0 failed; 0 ignored; 0 measured; 0 filtered out; finished in 0.00s

     Running tests/native_llm_contract_types.rs (/home/dancxjo/conduit/target/debug/deps/native_llm_contract_types-e5be4a20092014c7)

running 3 tests
test generated_text_terminal_round_trips_through_its_exact_native_type ... ok
test llm_contract_vocabularies_round_trip_through_their_native_types ... ok
test ai_lifecycle_vocabularies_round_trip_through_their_native_types ... ok

test result: ok. 3 passed; 0 failed; 0 ignored; 0 measured; 0 filtered out; finished in 0.00s

     Running tests/native_local_model_vocabulary.rs (/home/dancxjo/conduit/target/debug/deps/native_local_model_vocabulary-69adcac5b1250c85)

running 1 test
test local_model_vocabularies_round_trip_through_native_types ... ok

test result: ok. 1 passed; 0 failed; 0 ignored; 0 measured; 0 filtered out; finished in 0.00s

     Running tests/native_missing_modality_policy.rs (/home/dancxjo/conduit/target/debug/deps/native_missing_modality_policy-cefd5a6f50bbf446)

running 2 tests
test missing_modality_policy_round_trips_through_its_exact_native_payload_type ... ok
test missing_modality_and_sequence_enforce_exact_native_bounds ... ok

test result: ok. 2 passed; 0 failed; 0 ignored; 0 measured; 0 filtered out; finished in 0.00s

     Running tests/native_model_cache_policy.rs (/home/dancxjo/conduit/target/debug/deps/native_model_cache_policy-60be312927a7c566)

running 2 tests
test model_cache_policy_enforces_positive_model_and_byte_bounds ... ok
test model_cache_policy_round_trips_through_its_exact_native_payload_type ... ok

test result: ok. 2 passed; 0 failed; 0 ignored; 0 measured; 0 filtered out; finished in 0.00s

     Running tests/native_model_contract_refusals.rs (/home/dancxjo/conduit/target/debug/deps/native_model_contract_refusals-d1b2edf7a71f4b84)

running 1 test
test model_contract_refusals_round_trip_through_native_types ... ok

test result: ok. 1 passed; 0 failed; 0 ignored; 0 measured; 0 filtered out; finished in 0.00s

     Running tests/native_model_dimension_constraint.rs (/home/dancxjo/conduit/target/debug/deps/native_model_dimension_constraint-17612149887fbedb)

running 2 tests
test model_dimension_constraint_round_trips_exact_payloads ... ok
test model_dimension_constraint_enforces_positive_native_boundaries ... ok

test result: ok. 2 passed; 0 failed; 0 ignored; 0 measured; 0 filtered out; finished in 0.00s

     Running tests/native_model_result_vocabulary.rs (/home/dancxjo/conduit/target/debug/deps/native_model_result_vocabulary-eb43bd6ee97102d0)

running 1 test
test model_result_vocabularies_round_trip_through_their_native_types ... ok

test result: ok. 1 passed; 0 failed; 0 ignored; 0 measured; 0 filtered out; finished in 0.00s

     Running tests/native_model_signature_vocabulary.rs (/home/dancxjo/conduit/target/debug/deps/native_model_signature_vocabulary-97dbf94989941dc8)

running 3 tests
test model_signature_codes_preserve_the_established_digest_tags ... ok
test model_signature_native_bounds_refuse_invalid_construction ... ok
test model_signature_vocabularies_round_trip_through_their_native_types ... ok

test result: ok. 3 passed; 0 failed; 0 ignored; 0 measured; 0 filtered out; finished in 0.02s

     Running tests/native_probability_vocabulary.rs (/home/dancxjo/conduit/target/debug/deps/native_probability_vocabulary-97d2de8300365592)

running 2 tests
test stochastic_profile_text_is_bounded_by_the_native_type ... ok
test probability_vocabulary_has_native_identity_and_exact_round_trips ... ok

test result: ok. 2 passed; 0 failed; 0 ignored; 0 measured; 0 filtered out; finished in 0.00s

     Running tests/native_rag_spans.rs (/home/dancxjo/conduit/target/debug/deps/native_rag_spans-4ca3fd06ef40ef59)

running 7 tests
test context_selection_outcome_owns_positive_omission_truth ... ok
test grounding_input_assessment_owns_its_bounded_limitation ... ok
test retrieval_score_and_context_budget_are_native_values ... ok
test rag_spans_are_native_nonempty_intervals ... ok
test grounded_claim_owns_a_nonempty_bounded_citation_list ... ok
test answer_claim_support_reuses_native_citation_and_limitation_bounds ... ok
test retrieval_intent_owns_its_modes_identity_and_candidate_ceiling ... ok

test result: ok. 7 passed; 0 failed; 0 ignored; 0 measured; 0 filtered out; finished in 0.01s

     Running tests/native_rag_vocabulary.rs (/home/dancxjo/conduit/target/debug/deps/native_rag_vocabulary-0b1c270948833e85)

running 1 test
test rag_vocabularies_round_trip_through_their_native_types ... ok

test result: ok. 1 passed; 0 failed; 0 ignored; 0 measured; 0 filtered out; finished in 0.00s

     Running tests/native_relation_result_profile.rs (/home/dancxjo/conduit/target/debug/deps/native_relation_result_profile-784c14a05f30eaa5)

running 4 tests
test relation_result_profile_enforces_its_positive_sample_boundary ... ok
test relation_result_profile_round_trips_through_its_exact_native_payload_type ... ok
test relation_candidate_output_has_one_native_portable_shape ... ok
test supported_relation_query_owns_finite_variables_and_positive_bounds ... ok

test result: ok. 4 passed; 0 failed; 0 ignored; 0 measured; 0 filtered out; finished in 0.00s

     Running tests/native_reranking_vocabulary.rs (/home/dancxjo/conduit/target/debug/deps/native_reranking_vocabulary-731b0c5396b701ed)

running 1 test
test reranking_strategy_payload_is_one_bounded_native_type ... ok

test result: ok. 1 passed; 0 failed; 0 ignored; 0 measured; 0 filtered out; finished in 0.00s

     Running tests/native_retrieval_family.rs (/home/dancxjo/conduit/target/debug/deps/native_retrieval_family-356dab020c4e471e)

running 4 tests
test generic_retrieval_carriers_have_one_authored_conduitese_family ... ok
test retrieval_contribution_is_native_and_exactly_bounded ... ok
test hybrid_policy_is_native_and_owns_its_finite_envelope ... ok
test model_and_grounded_outputs_have_exact_native_specializations ... ok

test result: ok. 4 passed; 0 failed; 0 ignored; 0 measured; 0 filtered out; finished in 0.00s

     Running tests/native_retrieval_provenance_vocabulary.rs (/home/dancxjo/conduit/target/debug/deps/native_retrieval_provenance_vocabulary-3b3d82995175fc09)

running 1 test
test retrieval_provenance_vocabularies_round_trip_through_their_native_types ... ok

test result: ok. 1 passed; 0 failed; 0 ignored; 0 measured; 0 filtered out; finished in 0.00s

     Running tests/native_selection_refusals.rs (/home/dancxjo/conduit/target/debug/deps/native_selection_refusals-7d6cdf519686ba00)

running 1 test
test selection_refusals_round_trip_through_native_types ... ok

test result: ok. 1 passed; 0 failed; 0 ignored; 0 measured; 0 filtered out; finished in 0.00s

     Running tests/native_source_extraction_profile.rs (/home/dancxjo/conduit/target/debug/deps/native_source_extraction_profile-73b741539fa746eb)

running 2 tests
test source_extraction_profiles_preserve_serde_and_postcard_shapes ... ok
test source_extraction_profiles_round_trip_through_the_exact_native_payload_type ... ok

test result: ok. 2 passed; 0 failed; 0 ignored; 0 measured; 0 filtered out; finished in 0.00s

     Running tests/native_temporal_context_vocabulary.rs (/home/dancxjo/conduit/target/debug/deps/native_temporal_context_vocabulary-ceaece536b621251)

running 2 tests
test temporal_context_vocabularies_round_trip_through_their_native_types ... ok
test temporal_retrieval_intent_is_a_native_payload_rich_type ... ok

test result: ok. 2 passed; 0 failed; 0 ignored; 0 measured; 0 filtered out; finished in 0.00s

     Running tests/native_training_vocabulary.rs (/home/dancxjo/conduit/target/debug/deps/native_training_vocabulary-30cb5e92268828bc)

running 1 test
test training_vocabularies_round_trip_through_native_types ... ok

test result: ok. 1 passed; 0 failed; 0 ignored; 0 measured; 0 filtered out; finished in 0.00s

     Running tests/native_validation_vocabulary.rs (/home/dancxjo/conduit/target/debug/deps/native_validation_vocabulary-7725cc63d8394c3b)

running 1 test
test ai_validation_vocabulary_has_native_identity_and_exact_round_trips ... ok

test result: ok. 1 passed; 0 failed; 0 ignored; 0 measured; 0 filtered out; finished in 0.00s

     Running tests/native_vector_vocabulary.rs (/home/dancxjo/conduit/target/debug/deps/native_vector_vocabulary-86b397c593a73c15)

running 2 tests
test similarity_scores_round_trip_exact_finite_ieee_values ... ok
test vector_vocabularies_round_trip_through_their_native_types ... ok

test result: ok. 2 passed; 0 failed; 0 ignored; 0 measured; 0 filtered out; finished in 0.00s

     Running tests/probability.rs (/home/dancxjo/conduit/target/debug/deps/probability-00dfcbfa518a318a)

running 4 tests
test moments_covariance_log_scores_and_truncation_refuse_malformed_claims ... ok
test model_signature_declares_a_bounded_probabilistic_signal_output ... ok
test weighted_alternatives_are_finite_normalized_and_seeded ... ok
test one_observation_yields_multiple_plausible_articulations_not_one_truth ... ok

test result: ok. 4 passed; 0 failed; 0 ignored; 0 measured; 0 filtered out; finished in 0.01s

     Running tests/provider_dependency.rs (/home/dancxjo/conduit/target/debug/deps/provider_dependency-44b29a3138a2eb08)

running 1 test
test production_ai_provider_does_not_depend_on_semantic_catalog ... ok

test result: ok. 1 passed; 0 failed; 0 ignored; 0 measured; 0 filtered out; finished in 0.00s

     Running tests/rag_r5_grounding.rs (/home/dancxjo/conduit/target/debug/deps/rag_r5_grounding-1ae626535f7a7ef1)

running 4 tests
test invented_citation_and_model_loss_never_become_grounded_success ... ok
test old_observation_origin_and_valid_at_intents_keep_temporal_truth ... ok
test injection_and_unsupported_first_rank_cannot_gain_authority_or_support ... ok
test crucial_budget_omission_conflict_and_no_evidence_remain_explicit ... ok

test result: ok. 4 passed; 0 failed; 0 ignored; 0 measured; 0 filtered out; finished in 0.00s

     Running tests/rag_r5_source_state.rs (/home/dancxjo/conduit/target/debug/deps/rag_r5_source_state-4d8da509bdbcf565)

running 2 tests
test index_updates_deletions_and_loss_invalidate_every_prior_generation ... ok
test updated_deleted_and_revoked_sources_never_rebind_old_chunks ... ok

test result: ok. 2 passed; 0 failed; 0 ignored; 0 measured; 0 filtered out; finished in 0.00s

     Running tests/rag_r6_plot.rs (/home/dancxjo/conduit/target/debug/deps/rag_r6_plot-126135025fd4987f)

running 2 tests
test ordinary_capstone_graph_is_exact_and_generically_inspectable ... ok
test realization_swap_changes_plan_truth_not_portable_meaning ... ok

test result: ok. 2 passed; 0 failed; 0 ignored; 0 measured; 0 filtered out; finished in 0.00s

     Running tests/rag_r6_questions.rs (/home/dancxjo/conduit/target/debug/deps/rag_r6_questions-e2503dc9ab49d739)

running 2 tests
test model_and_vector_realization_swaps_preserve_grounded_semantics ... ok
test all_six_query_classes_retain_bounded_machine_readable_explanations ... ok

test result: ok. 2 passed; 0 failed; 0 ignored; 0 measured; 0 filtered out; finished in 0.01s

     Running tests/rag_semantics.rs (/home/dancxjo/conduit/target/debug/deps/rag_semantics-053cc274f2592980)

running 8 tests
test contract_contains_no_prompt_provider_or_backend_identity ... ok
test exact_source_version_span_and_transform_lineage_derive_chunk_identity ... ok
test chunk_identity_is_one_native_fixed_digest ... ok
test malformed_spans_ranks_budgets_and_claims_fail_closed ... ok
test temporal_boundary_intent_is_typed_and_bounded ... ok
test insufficient_and_conflicting_evidence_are_first_class ... ok
test grounded_results_are_model_derived_and_citation_fenced ... ok
test candidates_context_and_citations_remain_distinct_and_exact ... ok

test result: ok. 8 passed; 0 failed; 0 ignored; 0 measured; 0 filtered out; finished in 0.00s

     Running tests/relation.rs (/home/dancxjo/conduit/target/debug/deps/relation-e7287ea082a5e717)

running 4 tests
test one_artifact_answers_both_non_bijective_conditional_directions ... ok
test native_relation_family_round_trips_and_owns_intrinsic_bounds ... ok
test terminal_and_bounds_are_finite_and_do_not_make_results ... ok
test missing_is_not_zero_and_undeclared_reverse_or_singleton_refuses ... ok

test result: ok. 4 passed; 0 failed; 0 ignored; 0 measured; 0 filtered out; finished in 0.23s

     Running tests/source_extraction.rs (/home/dancxjo/conduit/target/debug/deps/source_extraction-4bd3203825cfb268)

running 8 tests
test portable_offer_is_finite_and_contains_no_source_or_provider_identity ... ok
test source_extraction_limits_are_native_positive_bounds ... ok
test ordinary_authored_plot_checks_and_expands_without_realization_facts ... ok
test malformed_extent_profile_and_every_finite_bound_fail_closed ... ok
test structured_and_non_text_metadata_profiles_preserve_item_ranges ... ok
test source_mutation_deletion_duplicate_text_and_range_shift_remain_exact ... ok
test utf8_text_extraction_is_deterministic_bounded_and_lineage_exact ... ok
test extraction_receipt_codec_is_canonical_bounded_and_fail_closed ... ok

test result: ok. 8 passed; 0 failed; 0 ignored; 0 measured; 0 filtered out; finished in 0.00s

     Running tests/source_extraction_kernel.rs (/home/dancxjo/conduit/target/debug/deps/source_extraction_kernel-9754992afd25ff9f)

running 2 tests
test provider_loss_cancellation_and_pressure_remain_distinct_kernel_terminals ... ok
test admitted_source_executes_through_the_production_kernel ... ok

test result: ok. 2 passed; 0 failed; 0 ignored; 0 measured; 0 filtered out; finished in 0.00s

     Running tests/source_extraction_plan.rs (/home/dancxjo/conduit/target/debug/deps/source_extraction_plan-360fe9b933867a13)

running 2 tests
test ordinary_plot_seals_exact_operation_authority_resource_and_bounds ... ok
test planning_refuses_missing_or_stale_authority_and_resource_grants ... ok

test result: ok. 2 passed; 0 failed; 0 ignored; 0 measured; 0 filtered out; finished in 0.00s

     Running tests/structured_results.rs (/home/dancxjo/conduit/target/debug/deps/structured_results-6305db14111dee51)

running 4 tests
test classification_requires_one_exact_member_of_a_finite_unique_label_set ... ok
test extraction_requires_a_named_schema_and_unique_bounded_fields ... ok
test classification_and_extraction_round_trip_through_native_owners ... ok
test embedding_requires_exact_finite_dimensions_and_finite_values ... ok

test result: ok. 4 passed; 0 failed; 0 ignored; 0 measured; 0 filtered out; finished in 0.03s

     Running tests/temporal_context.rs (/home/dancxjo/conduit/target/debug/deps/temporal_context-d8910294e1caa792)

running 11 tests
test future_event_is_a_typed_relation_but_not_an_age ... ok
test exact_validity_boundaries_determine_duration ... ok
test clock_basis_and_reference_are_native_with_exact_identity_bounds ... ok
test event_ordering_refuses_different_clock_bases ... ok
test model_and_human_presentation_consume_the_same_canonical_relation ... ok
test retrieval_cannot_claim_knowledge_after_the_decision_instant ... ok
test retrieval_intent_names_boundaries_and_rejects_reversed_windows ... ok
test missing_boundary_and_invalid_intervals_refuse_explicitly ... ok
test uncertain_age_remains_a_bounded_relation_not_a_scalar_guess ... ok
test old_observation_retrieved_now_remains_old ... ok
test provenance_round_trip_preserves_distinct_temporal_facts ... ok

test result: ok. 11 passed; 0 failed; 0 ignored; 0 measured; 0 filtered out; finished in 0.00s

     Running tests/temporal_follow_up.rs (/home/dancxjo/conduit/target/debug/deps/temporal_follow_up-0344ed6b8ff312f5)

running 1 test
test model_follow_up_timing_is_proposal_info_not_effect_authority ... ok

test result: ok. 1 passed; 0 failed; 0 ignored; 0 measured; 0 filtered out; finished in 0.00s

     Running tests/temporal_interpretation.rs (/home/dancxjo/conduit/target/debug/deps/temporal_interpretation-6b41167242c5fecb)

running 7 tests
test explicit_reference_instant_zone_and_rule_set_must_match_resolution_truth ... ok
test temporal_suggestion_has_no_calendar_write_authority ... ok
test malformed_local_time_is_rejected_as_typed_data_before_resolution ... ok
test gap_fold_and_timezone_abbreviation_remain_distinct_refusals ... ok
test model_proposal_resolves_bounded_next_week_candidates_before_fresh_availability ... ok
test provider_replacement_changes_provenance_not_portable_proposal_semantics ... ok
test all_named_model_and_freshness_negative_cases_are_machine_readable ... ok

test result: ok. 7 passed; 0 failed; 0 ignored; 0 measured; 0 filtered out; finished in 0.00s

     Running tests/training.rs (/home/dancxjo/conduit/target/debug/deps/training-ab179d7c2f5e408f)

running 5 tests
test three_atomic_steps_commit_through_explicit_state_then_checkpoint ... ok
test stale_half_steps_bad_splits_and_resource_overruns_refuse ... ok
test declared_missing_modalities_retain_relational_validation ... ok
test cancellation_failure_and_evaluation_never_commit_state ... ok
test portable_training_descriptions_are_native_and_keep_the_4096_example_bound ... ok

test result: ok. 5 passed; 0 failed; 0 ignored; 0 measured; 0 filtered out; finished in 0.02s

     Running tests/training_lifecycle.rs (/home/dancxjo/conduit/target/debug/deps/training_lifecycle-c81f7510b34fe0ec)

running 1 test
test lifecycle_is_finite_and_terminal_paths_cleanly_unload ... ok

test result: ok. 1 passed; 0 failed; 0 ignored; 0 measured; 0 filtered out; finished in 0.00s

     Running tests/vector_exact_search.rs (/home/dancxjo/conduit/target/debug/deps/vector_exact_search-a843f90e38925950)

running 7 tests
test score_values_remain_metric_values_not_probabilities ... ok
test index_membership_and_result_admission_are_exact ... ok
test temporal_history_and_provenance_gaps_refuse_distinctly ... ok
test full_scan_work_is_admitted_before_filters_or_scores ... ok
test filters_threshold_top_k_and_equal_score_ties_are_canonical ... ok
test exact_oracle_defines_all_metric_orders_and_exact_generation ... ok
test temporal_intents_select_exact_portable_evidence_before_scoring ... ok

test result: ok. 7 passed; 0 failed; 0 ignored; 0 measured; 0 filtered out; finished in 0.01s

     Running tests/vector_index_lifecycle.rs (/home/dancxjo/conduit/target/debug/deps/vector_index_lifecycle-7dcc4e0ce157e225)

running 5 tests
test cancellation_is_versioned_and_preserves_profile_and_members ... ok
test rebuild_is_two_explicit_generations_and_replaces_profile_and_membership ... ok
test replacement_membership_bounds_refuse_without_finishing_operation ... ok
test maintenance_authority_busy_state_and_operation_identity_fail_closed ... ok
test compaction_preserves_exact_sources_while_changing_storage_truth ... ok

test result: ok. 5 passed; 0 failed; 0 ignored; 0 measured; 0 filtered out; finished in 0.00s

     Running tests/vector_index_resource.rs (/home/dancxjo/conduit/target/debug/deps/vector_index_resource-8f7d28a5ff36c932)

running 7 tests
test exhausted_generation_refuses_before_mutating_membership ... ok
test item_storage_and_membership_truth_fail_closed ... ok
test mutations_advance_one_generation_and_stale_handles_never_rebind ... ok
test provider_loss_invalidates_old_handles_without_erasing_membership ... ok
test query_bounds_are_admitted_by_the_generic_resource_binding ... ok
test query_only_authority_is_distinct_from_every_mutation_authority ... ok
test serialized_contract_is_portable_and_contains_no_provider_engine_choice ... ok

test result: ok. 7 passed; 0 failed; 0 ignored; 0 measured; 0 filtered out; finished in 0.00s

     Running tests/vector_retrieval.rs (/home/dancxjo/conduit/target/debug/deps/vector_retrieval-7c253d9b4b2cbb86)

running 10 tests
test dimensions_and_metric_admission_are_exact_profile_compatibility ... ok
test canonical_serialization_is_stable_and_contains_no_storage_engine_detail ... ok
test same_dimensions_do_not_make_spaces_models_or_providers_compatible ... ok
test equal_scores_have_canonical_source_then_resource_order ... ok
test normalization_and_zero_vector_laws_fail_closed ... ok
test records_and_hits_preserve_exact_source_resource_and_temporal_provenance ... ok
test thresholds_do_not_turn_similarity_into_probability_or_truth ... ok
test top_k_threshold_filters_and_temporal_intent_are_finite_and_typed ... ok
test exact_cosine_dot_and_squared_l2_semantics_are_distinct ... ok
test vector_vocabulary_round_trips_through_native_conduitese_owners ... ok

test result: ok. 10 passed; 0 failed; 0 ignored; 0 measured; 0 filtered out; finished in 0.00s

     Running unittests src/lib.rs (/home/dancxjo/conduit/target/debug/deps/conduit_plot-e42d79f132f34684)

running 313 tests
test canonical_expansion::configuration_contract::tests::decimals_lower_to_exact_microunits_without_reinterpreting_integer_literals ... ok
test canonical_expansion::startup::tests::structured_parameter_requires_a_concrete_value_of_the_same_exact_type ... ok
test canonical_expansion_tests::canonical_kind_fore_owns_callable_default_truth ... ok
test canonical_expansion::structured_selector::semantic_call::diagnostic_tests::ambiguous_runtime_arithmetic_names_the_explicit_temporal_families ... ok
test canonical_expansion_tests::canonical_back_refuses_a_front_that_differs_from_the_high_level_kind ... ok
test activation_tests::scan_refuses_a_unary_combine_plot_instead_of_faking_unary_activation ... ok
test activation_tests::fold_refuses_a_unary_combine_plot ... ok
test activation_tests::select_refuses_non_boolean_predicates_without_truthiness_coercion ... ok
test canonical_expansion_tests::canonical_keep_uses_the_existing_retained_current_gear_and_direction_sugar ... ok
test activation_tests::activation_refuses_a_flow_behavior ... ok
test behavior_parameter_tests::type_and_behavior_parameters_specialize_one_exact_generic_fore ... ok
test canonical_expansion_tests::exact_back_admission_refuses_stale_source_and_checked_plot_identities ... ok
test activation_tests::scan_retains_exact_initial_and_two_input_combine_truth ... ok
test canonical_expansion_tests::exact_abnormal_terminal_can_bind_a_typed_plot_output_without_becoming_payload ... ok
test activation_tests::fold_retains_exact_initial_and_two_input_combine_truth ... ok
test activation_tests::specialization_retains_one_exact_checked_activation ... ok
test canonical_expansion_tests::exact_recovery_discharges_the_containing_plot_abnormal_export ... ok
test canonical_expansion_tests::abnormal_projection_requires_the_exact_source_fore_terminal_kind ... ok
test activation_tests::select_specialization_keeps_the_exact_predicate_but_outputs_the_retained_item ... ok
test activation_tests::expansion_keeps_selected_plot_opaque_and_emits_flow_coordinator ... ok
test canonical_expansion_tests::expanded_identity_rejects_graph_contract_and_provenance_mutation ... ok
test canonical_expansion_tests::canonical_terminal_transduction_survives_expansion_and_changes_identity ... ok
test behavior_parameter_tests::local_plot_captures_outer_behavior_only_as_compile_time_identity ... ok
test behavior_parameter_tests::exact_behavior_identity_changes_checked_specialization_identity ... ok
test canonical_expansion_tests::initialized_boolean_keep_lowers_to_exact_typed_state ... ok
test canonical_expansion_tests::local_plot_cycles_refuse_before_any_privileged_nested_runtime_exists ... ok
test canonical_expansion_tests::expression_body_checks_and_expands_identically_to_its_explicit_plot ... ok
test canonical_expansion_tests::multiple_unresolved_child_abnormals_refuse_implicit_fanin ... ok
test canonical_expansion_tests::fixed_arity_relational_glyph_expands_to_one_ordinary_gear ... ok
test canonical_expansion_tests::multiple_abnormal_origins_cannot_claim_one_implicit_recovery_input ... ok
test canonical_expansion_tests::normal_close_projection_refuses_a_nonclosing_flow ... ok
test canonical_expansion_tests::nested_plot_observation_does_not_hide_unhandled_root_abnormal ... ok
test canonical_expansion_tests::inline_reusable_and_primitive_gears_expand_without_a_parallel_path ... ok
test canonical_expansion_tests::lexical_local_plot_expands_as_an_ordinary_nested_plot_with_exact_provenance ... ok
test canonical_expansion_tests::inferred_plot_abnormal_composes_recursively_without_payload_binding ... ok
test canonical_expansion_tests::nested_plot_exact_recovery_clears_the_runtime_abnormal_obligation ... ok
test canonical_expansion_tests::optional_keep_lowers_omitted_and_present_initializers_to_none_and_some ... ok
test activation_tests::activation_law_participates_in_checked_identity ... ok
test canonical_expansion_tests::front_binding_preserves_flow_closure_and_current_observation_contracts ... ok
test canonical_expansion_tests::expression_body_refuses_effectful_stateful_and_suspending_calls_without_escape_hatches ... ok
test canonical_expansion_tests::profile_startup_catalog_preserves_quantity_dimensions ... ok
test canonical_expansion_tests::optional_keep_refuses_an_explicit_bound_smaller_than_some_payload ... ok
test diagnostic::tests::unknown_schema_and_unbounded_related_subjects_fail_closed ... ok
test expression_definition::identity_tests::streaming_identity_preserves_the_existing_exact_delimited_bytes ... ok
test canonical_expansion_tests::reusable_plot_without_declared_shorthand_requires_named_port ... ok
test canonical_expansion_tests::pure_expression_lowers_to_one_exact_ordinary_gear ... ok
test functional_front::tests::eligibility_refuses_same_identity_and_front_with_different_semantic_law ... ok
test canonical_expansion_tests::public_input_fanout_flattens_to_explicit_ordinary_connections ... ok
test functional_front::tests::equivalent_alternate_back_retains_contract_and_distinct_implementation ... ok
test canonical_expansion_tests::terminal_projections_lower_to_distinct_typed_connection_tracks ... ok
test canonical_expansion_tests::variadic_relational_glyph_expands_to_one_finitely_specialized_gear ... ok
test canonical_expansion_tests::primitive_contract_bounds_and_front_types_fail_closed ... ok
test canonical_expansion_tests::pool_name_is_not_ambiently_captured_by_nested_plots_or_graph_cords ... ok
test canonical_expansion_tests::unhandled_child_abnormal_is_an_exact_separate_containing_plot_export ... ok
test canonical_expansion_tests::parameterized_plot_flattens_to_ordinary_primitive_graph ... ok
test canonical_expansion_tests::selected_canonical_back_changes_only_expansion_identity_and_records_exact_provenance ... ok
test generic_plot_tests::explicit_generic_application_cannot_disagree_with_connected_ports ... ok
test canonical_expansion_tests::terminal_projection_survives_a_nested_plot_input_boundary ... ok
test generic_plot_tests::generic_inference_refuses_conflicting_port_evidence ... ok
test canonical_expansion_tests::two_uses_share_one_plot_definition_but_have_distinct_occurrence_paths ... ok
test generic_plot_tests::behavior_parameter_refuses_an_incompatible_named_fore ... ok
test canonical_expansion_tests::two_explicit_consumers_share_one_exact_expanded_pool_reference ... ok
test canonical_expansion_tests::nested_expansion_and_source_reordering_have_deterministic_identity ... ok
test diagnostic::tests::attacker_controlled_message_is_truncated_on_a_utf8_boundary ... ok
test generic_plot_tests::generic_specialization_preserves_temporal_modalities_and_data_references ... ok
test generic_plot_tests::exact_source_plot_behavior_parameter_specializes_to_an_ordinary_gear ... ok
test generic_plot_tests::named_parameters_specialize_independently_to_structured_and_scalar_types ... ok
test generic_plot_tests::installed_kind_and_source_plot_arguments_share_the_same_fore_check ... ok
test generic_plot_tests::runtime_startup_values_remain_after_compile_time_type_arguments_disappear ... ok
test generic_plot_tests::specialization_propagates_finite_bounds_into_startup_and_retained_state ... ok
test generic_plot_tests::same_fore_effectful_behavior_refuses_when_the_use_requires_purity ... ok
test generic_plot_tests::generic_use_alias_preserves_the_canonical_specialization_identity ... ok
test canonical_expansion_tests::semantic_cancellation_is_an_ordinary_cord_to_an_exact_declared_fore_control ... ok
test canonical_expansion_tests::optional_dimensioned_keep_preserves_none_some_identity_bound_and_duration ... ok
test expression_program::checked_encoding::tests::streamed_checked_programs_match_the_retained_v2_tree_encoding ... ok
test generic_plot_tests::named_type_parameters_specialize_to_exact_ordinary_fores ... ok
test generic_plot_tests::specialization_expands_without_a_generic_runtime_gear ... ok
test integer_literal::tests::range_sign_and_separator_errors_refuse_portably ... ok
test generic_plot_tests::type_parameter_cannot_masquerade_as_a_runtime_front_name ... ok
test integer_literal::tests::every_canonical_base_and_separator_normalizes_to_exact_meaning ... ok
test generic_plot_tests::unary_generic_application_infers_one_unambiguous_port_type ... ok
test canonical_expansion_tests::type_laws_mark_only_proven_integer_arithmetic_unchecked ... ok
test package_bundle_tests::lexical_local_plot_cannot_become_a_pack_export ... ok
test package_bundle_tests::package_bundle_refuses_local_module_cycles_and_duplicate_plots ... ok
test generic_plot_tests::type_arguments_must_resolve_to_exact_checked_types ... ok
test canonical_expansion_tests::recursion_and_expansion_depth_fail_with_distinct_diagnostics ... ok
test generic_plot_tests::multi_port_behavior_parameter_preserves_every_named_fore_role ... ok
test generic_plot_tests::supplied_behavior_laws_survive_specialization_into_the_ordinary_graph ... ok
test package_bundle_tests::export_source_name_remains_distinct_from_canonical_plot_name ... ok
test package_resolution_tests::deserialized_or_manually_constructed_package_truth_revalidates_fail_closed ... ok
test package_bundle_tests::package_bundle_refuses_missing_exports_members_and_plots ... ok
test package_resolution_tests::checked_package_content_cannot_be_detached_from_its_parsed_source ... ok
test package_resolution_tests::legacy_export_keyword_is_not_a_compatibility_spelling ... ok
test package_resolution_tests::legacy_package_keyword_is_not_a_compatibility_spelling ... ok
test package_resolution_tests::legacy_require_and_quoted_versions_are_not_compatibility_spellings ... ok
test package_resolution_tests::package_source_is_lossless_finite_and_canonicalizes_order ... ok
test package_resolution_tests::malformed_package_source_never_falls_back_to_plot_syntax ... ok
test refinement_tests::duplicate_constraint_family_refuses_instead_of_last_write_wins ... ok
test package_resolution_tests::cycles_conflicts_and_duplicate_content_refuse_distinctly ... ok
test package_check_tests::cross_module_plot_is_not_ambiently_visible ... ok
test package_check_tests::package_check_retains_checked_codes ... ok
test rust_binding::bounded::tests::sequence_and_text_are_fixed_capacity_and_fail_closed ... ok
test package_check_tests::an_unimported_external_plot_name_does_not_create_an_ambient_binding ... ok
test refinement_tests::authored_ranges_preserve_open_and_closed_endpoints ... ok
test rust_binding::generate::names::tests::reserved_words_escape_without_changing_semantic_spelling ... ok
test package_resolution_tests::later_constraints_backtrack_to_the_highest_jointly_compatible_version ... ok
test refinement_tests::ieee_float_refinements_are_exact_finite_and_identity_bearing ... ok
test package_resolution_tests::resolver_selects_highest_matching_version_and_locks_exact_content ... ok
test package_bundle_tests::package_bundle_identity_covers_sorted_member_paths_and_exact_source ... ok
test package_resolution_tests::package_catalog_and_root_work_have_explicit_finite_admission_bounds ... ok
test package_check_tests::local_source_path_does_not_replace_the_canonical_plot_name ... ok
test refinement_tests::canonical_anchors_select_prefix_suffix_and_whole_value_profiles ... ok
test rust_binding::generate_tests::byte_bindings_retain_the_full_checked_structured_capacity ... ok
test rust_binding::generate_tests::checked_form_generates_the_only_rust_discriminant_table ... ok
test refinement_tests::missing_range_ends_remain_semantically_open ... ok
test refinement_tests::membership_is_canonical_and_composes_with_pattern_independent_of_authored_order ... ok
test package_check_tests::explicit_local_import_resolves_a_pool_member_plot ... ok
test refinement_tests::malformed_or_incompatible_authored_refinements_refuse_during_checking ... ok
test rust_binding::external_binding_validation::tests::foreign_record_variant_payload_retains_exact_nested_owner_bindings ... ok
test refinement_tests::negated_membership_and_pattern_are_checked_relations ... ok
test rust_binding::generate_layout_tests::inline_variant_layout_is_explicit_and_preserves_semantic_identity ... ok
test package_check_tests::explicit_local_glyph_import_checks_as_the_exact_ordinary_plot ... ok
test refinement_tests::leading_lookahead_is_checked_once_and_searches_within_the_admitted_text ... ok
test rust_binding::generate_tests::constrained_integer_nominal_validates_without_structured_allocation ... ok
test rust_binding::generate_tests::constrained_copy_record_validation_does_not_clone_the_candidate ... ok
test rust_binding::generate_tests::generated_code_preserves_explicit_iota_origin ... ok
test rust_binding::generate_tests::quantity_unit_fields_use_the_canonical_native_unit_vocabulary ... ok
test rust_binding::generate_tests::generated_contracts_preserve_semantic_openness ... ok
test rust_binding::generate_tests::selected_constrained_record_validates_direct_integer_bounds_without_structured_allocation ... ok
test rust_binding::generate_tests::record_constructor_order_must_name_every_field_exactly_once ... ok
test structured_startup::literal::float_literal_tests::exact_float_literals_preserve_signed_zero_and_refuse_excess_precision ... ok
test rust_binding::generate_tests::selected_record_can_retain_established_constructor_argument_order ... ok
test structured_startup::literal::float_literal_tests::structured_text_literals_decode_source_quotes_and_escapes_once ... ok
test rust_binding::generate_tests::exact_reference_leaves_use_validated_native_bindings ... ok
test structured_startup::tests::fixed_six_decimal_scalar_literals_refuse_precision_and_range_overflow ... ok
test rust_binding::generate_tests::ordinary_generation_refuses_missing_drifted_and_unused_external_bindings ... ok
test surface_tests::canonical_ast_spans_are_exact_utf8_byte_slices ... ok
test surface_tests::body_wardrobe_directives_are_role_specific_lossless_syntax ... ok
test surface_tests::all_canonical_temporal_modalities_and_finite_bounds_are_retained ... ok
test rust_binding::generate_tests::locked_package_generation_revalidates_exact_source_without_network_work ... ok
test surface_tests::canonical_back_represents_values_named_arguments_and_anonymous_gears ... ok
test rust_binding::generate_tests::wide_record_constructor_allows_its_generated_argument_shape ... ok
test surface_tests::canonical_clock_plot_round_trips_with_named_and_inline_gears ... ok
test surface_tests::canonical_parser_rejects_unbalanced_invocation_expressions ... ok
test surface_tests::canonical_document_roles_share_tokens_declarations_values_and_diagnostics ... ok
test surface_tests::canonical_parser_handles_inline_plot_calls_and_quoted_punctuation ... ok
test surface_tests::canonical_front_keeps_startup_values_runtime_ports_and_shorthand_distinct ... ok
test surface_tests::canonical_negative_corpus_has_stable_diagnostics_and_exact_spans ... ok
test surface_tests::checked_pattern_refinement_is_lossless_front_syntax ... ok
test surface_tests::canonical_parser_accepts_multiple_plots_without_semantic_lowering ... ok
test surface_tests::english_completion_keyword_is_not_retained_as_an_alias ... ok
test surface_tests::comparisons_do_not_become_legacy_cord_diagnostics ... ok
test surface_tests::data_references_and_exact_width_integer_types_are_canonical_fore_types ... ok
test surface_tests::freestanding_completion_full_stop_is_rejected ... ok
test surface_tests::generic_native_type_syntax_is_lossless_and_target_neutral ... ok
test surface_tests::canonical_duplex_front_has_auxiliary_ports_without_a_shorthand_path ... ok
test surface_tests::expression_body_is_one_lossless_sugar_for_an_explicit_cord ... ok
test surface_tests::kind_parameter_retains_its_exact_named_fore_constraint ... ok
test surface_tests::legacy_use_keyword_is_not_a_compatibility_spelling ... ok
test surface_tests::legacy_without_glyphs_header_is_not_a_compatibility_spelling ... ok
test surface_tests::legacy_single_greater_than_is_not_retained_as_a_cord_alias ... ok
test surface_tests::input_tuple_record_projection_and_semantic_calls_have_distinct_syntax ... ok
test surface_tests::keep_parses_initializers_bounds_and_every_canonical_lifetime ... ok
test surface_tests::malformed_statement_before_inline_comment_keeps_its_exact_span ... ok
test surface_tests::local_plots_are_lossless_nested_source_syntax ... ok
test surface_tests::native_fixed_collection_requires_one_exact_finite_length ... ok
test surface_tests::named_type_parameters_are_not_runtime_startup_values ... ok
test surface_tests::native_sequence_can_state_exact_nonzero_cardinality_bounds ... ok
test surface_tests::inline_comments_are_lossless_trivia_across_surface_roles ... ok
test surface_tests::native_semantic_types_are_lossless_finite_syntax_not_rust_shapes ... ok
test surface_tests::native_sequence_supports_large_but_finite_semantic_families ... ok
test surface_tests::native_sequence_type_requires_one_explicit_finite_cardinality_bound ... ok
test surface_tests::native_variant_case_can_carry_a_type_directly ... ok
test surface_tests::open_ended_ranges_remain_lossless_until_the_type_supplies_their_bounds ... ok
test surface_tests::portable_lookahead_and_group_profiles_are_lossless_front_syntax ... ok
test surface_tests::plots_are_live_by_default_and_completion_is_explicit ... ok
test surface_tests::parenthesized_runtime_expression_is_one_cord_stage ... ok
test surface_tests::percentage_quantity_suffix_is_not_a_remainder_without_a_right_operand ... ok
test surface_tests::quoted_text_is_a_distinct_lossless_graph_stage ... ok
test surface_tests::punctuation_gear_names_are_lossless_but_core_tokens_remain_grammar ... ok
test surface_tests::range_membership_and_composition_are_lossless_front_syntax ... ok
test surface_tests::recursive_or_empty_data_reference_types_are_rejected ... ok
test package_check_tests::pack_can_define_ship_and_use_native_semantic_types ... ok
test surface_tests::temporal_markers_cannot_be_combined_or_left_without_a_value_type ... ok
test surface_tests::pure_expression_precedence_and_ternary_are_structural_not_opaque_text ... ok
test surface_tests::when_terminal_quiescence_and_cancellation_stages_are_not_ordinary_references ... ok
test surface_tests::where_is_not_a_when_compatibility_alias ... ok
test surface_tests::with_headers_and_glyph_opt_out_are_lossless_document_structure ... ok
test syntax_check_tests::back_bindings_cannot_shadow_fore_symbols ... ok
test syntax_check_tests::authored_with_alias_resolves_to_canonical_kind_without_changing_checked_identity ... ok
test syntax_check_tests::completion_policy_is_exact_checked_meaning ... ok
test syntax_check_tests::checked_front_canonicalizes_runtime_port_declaration_order ... ok
test syntax_check_tests::comment_only_edits_change_source_identity_but_not_checked_meaning ... ok
test syntax_check_tests::configured_gear_occurrence_may_have_a_glyph_name ... ok
test syntax_check_tests::checked_front_equality_ignores_callable_name_and_back ... ok
test syntax_check_tests::defaults_are_used_only_when_omitted_and_explicit_values_override_them ... ok
test syntax_check_tests::checked_front_equality_binds_startup_ports_and_shorthand ... ok
test syntax_check_tests::delimiter_like_literal_text_is_bound_unambiguously_into_identity ... ok
test syntax_check_tests::dependent_defaults_use_explicit_caller_binding_without_mutating_signature ... ok
test syntax_check_tests::duplicate_immutable_bindings_fail_without_last_write_wins ... ok
test syntax_check_tests::duplicate_named_arguments_are_conflicting_not_last_write_wins ... ok
test syntax_check_tests::duplicate_gear_and_unsupported_kind_diagnostics_are_stable ... ok
test syntax_check_tests::explicit_unary_glyph_inspection_uses_the_checked_fore_and_lossless_replacement ... ok
test syntax_check_tests::fixed_width_integer_defaults_are_checked_before_identity ... ok
test syntax_check_tests::form_iota_may_start_at_an_explicit_u8_value ... ok
test syntax_check_tests::fixed_arity_relational_glyph_binds_operands_in_checked_fore_order ... ok
test syntax_check_tests::form_iota_refuses_u8_overflow ... ok
test syntax_check_tests::explicit_iota_order_requires_each_variant_exactly_once ... ok
test syntax_check_tests::form_is_named_bounded_and_distinct_from_type_identity ... ok
test syntax_check_tests::explicit_glyph_alias_lowers_to_the_same_ordinary_inline_gear ... ok
test syntax_check_tests::finite_value_bounds_survive_in_the_exact_checked_fore ... ok
test syntax_check_tests::front_default_cycles_are_rejected_even_before_invocation ... ok
test syntax_check_tests::forward_reference_chains_resolve_to_one_canonical_value ... ok
test syntax_check_tests::fixed_width_integer_literals_are_range_checked_and_canonicalized ... ok
test syntax_check_tests::form_mapping_changes_compatibility_not_semantic_type_identity ... ok
test syntax_check_tests::legacy_code_keyword_is_not_a_compatibility_alias ... ok
test syntax_check_tests::generic_family_aliases_share_canonical_concrete_references ... ok
test syntax_check_tests::grouped_with_resolves_each_exact_installed_kind ... ok
test syntax_check_tests::front_defaults_are_resolved_in_definition_scope_for_checked_identity ... ok
test syntax_check_tests::generic_native_types_refuse_each_invalid_parameter_contract ... ok
test syntax_check_tests::installed_kind_glyph_requires_and_uses_its_exact_checked_fore ... ok
test syntax_check_tests::local_plot_is_checked_through_one_private_ordinary_plot_seam ... ok
test syntax_check_tests::native_fixed_collection_checks_to_exact_structured_collection_truth ... ok
test syntax_check_tests::multiple_positional_and_named_bindings_follow_one_declared_signature ... ok
test syntax_check_tests::local_plot_privacy_and_implicit_capture_fail_closed ... ok
test syntax_check_tests::keep_lifetime_optional_and_bound_are_exact_checked_meaning ... ok
test syntax_check_tests::local_values_and_gears_resolve_independently_of_statement_order ... ok
test syntax_check_tests::local_bindings_cannot_shadow_front_values_or_runtime_ports ... ok
test syntax_check_tests::local_plot_captures_outer_type_parameters_only_as_exact_compile_time_identity ... ok
test syntax_check_tests::native_record_where_laws_must_be_boolean_and_follow_fields ... ok
test syntax_check_tests::native_text_bounds_and_negated_refinements_remain_checked_contracts ... ok
test syntax_check_tests::old_executable_form_spelling_is_not_a_plot_alias ... ok
test syntax_check_tests::native_types_resolve_forward_references_and_refuse_recursive_cycles ... ok
test syntax_check_tests::native_type_identity_ignores_source_trivia_but_not_semantic_name ... ok
test syntax_check_tests::native_record_where_laws_are_typed_owned_and_enforced ... ok
test syntax_check_tests::native_types_preserve_open_semantic_range_ends_for_every_numeric_family ... ok
test syntax_check_tests::optional_ports_resolve_to_the_canonical_finite_variant_profile ... ok
test syntax_check_tests::positional_and_named_binding_of_one_parameter_is_rejected ... ok
test syntax_check_tests::native_scalar_record_and_variant_types_own_nominal_checked_identity ... ok
test syntax_check_tests::pool_member_must_be_declared_and_size_is_a_positive_finite_bound ... ok
test syntax_check_tests::pre_v1_representation_keyword_is_not_a_compatibility_alias ... ok
test syntax_check_tests::generic_native_types_monomorphize_to_exact_finite_checked_meaning ... ok
test syntax_check_tests::positional_named_and_local_reference_bindings_are_semantically_equivalent ... ok
test syntax_check_tests::public_front_names_cannot_be_duplicated_or_shadowed_by_gears ... ok
test syntax_check_tests::pool_declaration_seals_member_front_and_bound_without_nominal_identity ... ok
test syntax_check_tests::pure_expression_identity_is_structural_and_ignores_parentheses_and_trivia ... ok
test syntax_check_tests::runtime_ports_cannot_masquerade_as_startup_values ... ok
test syntax_check_tests::reusable_plot_arguments_use_declared_front_startup_signature_without_expansion ... ok
test syntax_check_tests::repeated_variadic_glyph_specializes_one_exact_ordinary_gear ... ok
test syntax_check_tests::native_types_work_in_keeps_and_data_refs_without_structural_interchange ... ok
test syntax_check_tests::runtime_ports_hidden_inside_unsupported_expressions_still_fail_as_runtime_values ... ok
test syntax_check_tests::pattern_refinement_refuses_wrong_kind_and_bounds_star_by_the_text_envelope ... ok
test syntax_check_tests::scientific_quantity_dimension_and_canonical_spelling_are_checked ... ok
test syntax_check_tests::scientific_quantity_defaults_and_locals_are_checked_typed_values ... ok
test syntax_check_tests::shorthand_pair_participates_in_checked_identity ... ok
test syntax_check_tests::startup_dependency_cycles_are_rejected_exactly ... ok
test syntax_check_tests::startup_aliases_canonicalize_front_identity_and_fingerprint ... ok
test syntax_check_tests::sans_glyphs_removes_only_the_standard_prelude ... ok
test syntax_check_tests::unknown_missing_and_excess_parameters_are_distinct ... ok
test syntax_check_tests::startup_type_and_default_semantics_have_explicit_identity_boundaries ... ok
test syntax_check_tests::relational_glyph_refuses_wrong_arity_and_mixed_adjacent_meanings ... ok
test syntax_check_tests::unsupported_expression_plots_fail_instead_of_becoming_opaque_literals ... ok
test syntax_check_tests::unresolved_unused_duplicate_and_shadowing_imports_refuse ... ok
test syntax_check_tests::text_pattern_refinement_enters_the_checked_fore_and_identity ... ok
test syntax_highlight::tests::checked_pattern_spelling_is_one_lossless_language_construct ... ok
test syntax_highlight::tests::composed_refinement_words_are_language_keywords ... ok
test syntax_check_tests::variadic_glyph_refuses_an_implicit_unary_specialization ... ok
test syntax_check_tests::pure_expressions_admit_only_explicit_integer_widening_and_variant_tags ... ok
test syntax_highlight::tests::canonical_source_is_lossless_and_grammar_aware ... ok
test syntax_highlight::tests::inline_comments_are_distinct_from_hashes_inside_strings ... ok
test syntax_highlight::tests::incomplete_invalid_edit_still_highlights_exact_source ... ok
test syntax_highlight::tests::kind_parameter_uses_the_compile_time_keyword ... ok
test syntax_highlight::tests::named_type_parameter_uses_the_compile_time_keyword ... ok
test syntax_highlight::tests::pack_source_uses_the_shared_lossless_highlighter ... ok
test syntax_highlight::tests::unicode_comments_and_names_keep_utf8_byte_boundaries ... ok
test syntax_highlight::tests::punctuation_and_literals_remain_finite_without_regex_rewriting ... ok
test syntax_highlight::tests::scientific_quantity_typography_is_one_preserved_numeric_span ... ok
test syntax_highlight::tests::with_and_glyph_header_words_are_language_keywords ... ok
test text_value::tests::text_startup_quoting_preserves_unicode_and_each_retained_escape ... ok
test value_pattern_tests::admitted_match_work_is_refused_before_play ... ok
test value_pattern_tests::empty_plots_have_exact_regular_language_meanings ... ok
test value_pattern_tests::canonical_bounded_regex_source_compiles_before_play ... ok
test value_pattern_tests::malformed_source_has_exact_errors ... ok
test value_pattern_tests::overlapping_choices_are_determinized_into_disjoint_ranges ... ok
test value_pattern_tests::leading_positive_and_negative_lookahead_compile_to_finite_languages ... ok
test value_pattern_tests::noncapturing_and_named_groups_compile_to_the_same_boolean_language ... ok
test value_pattern_tests::source_refuses_malformed_constructs ... ok
test value_pattern_tests::sequence_choice_and_finite_repeat_compile_to_full_match ... ok
test value_pattern_tests::unicode_range_crossing_surrogates_is_split_canonically ... ok
test value_type::tests::canonical_text_resolves_without_changing_exact_explicit_kinds ... ok
test value_type::tests::data_reference_wraps_the_exact_checked_content_type_once ... ok
test value_type::tests::semantic_owner_can_register_a_value_spelling_without_plot_changes ... ok
test value_type::tests::unregistered_author_alias_refuses_before_planning ... ok
test variadic_front::tests::malformed_or_empty_family_refuses_before_catalog_truth ... ok
test syntax_check_tests::variant_case_tests_resolve_against_the_exact_declared_type ... ok
test variadic_front::tests::semantic_kind_specialization_repeats_exact_per_input_terminal_law ... ok
test variadic_front::tests::specialization_is_finite_exact_and_canonically_named ... ok
test value_pattern_tests::star_and_plus_are_finitely_bound_by_the_input_contract ... ok
test syntax_check_tests::standard_glyph_prelude_resolves_every_reviewed_binding_lazily ... ok
test rust_binding::generate_tests::serde_variant_exclusion_preserves_a_non_serde_binding ... ok
test value_pattern_tests::compiled_state_ceiling_is_refused_exactly ... ok
test rust_binding::generate_tests::exact_float_law_generates_semantic_wrappers_and_checked_refinements ... ok
test rust_binding::generate_tests::selected_record_retains_copy_and_serde_binding_traits ... ok
test rust_binding::generate_tests::binding_only_boxing_preserves_semantic_identity_and_refuses_invalid_targets ... ok
test rust_binding::generate_tests::rust_only_variant_order_preserves_serde_abi_without_changing_type_identity ... ok
test rust_binding::generate_tests::selected_record_can_retain_established_public_fields ... ok
test rust_binding::generate_tests::generation_is_deterministic_and_keeps_rust_spelling_out_of_identity ... ok
test rust_binding::generate_tests::selected_serde_record_can_retain_deny_unknown_fields ... ok
test rust_binding::generate_tests::colliding_or_invalid_rust_spellings_refuse_instead_of_rebinding ... ok
test surface_tests::authored_imports_have_one_explicit_finite_document_bound ... ok
test syntax_highlight::tests::source_and_token_pressure_refuse_distinctly ... ok
test rust_binding::generate_tests::locked_dependency_types_come_only_from_their_exact_source_bundle ... ok
test rust_binding::generate_tests::generated_bindings_compile_as_an_independent_rust_library ... ok

test result: ok. 313 passed; 0 failed; 0 ignored; 0 measured; 0 filtered out; finished in 0.63s

     Running tests/bme280_compensation.rs (/home/dancxjo/conduit/target/debug/deps/bme280_compensation-cd7c54488fc28472)

running 6 tests
test every_compensation_plot_checks_and_expands ... ok
test wire_sample_masks_reserved_nibbles_and_retains_disabled_sentinels ... ok
test humidity_carries_calibration_then_applies_correction_and_clamp ... ok
test zero_pressure_denominator_and_humidity_clamps_are_explicit ... ok
test published_temperature_pressure_vector_is_carried_through_exact_stages ... ok
test wire_calibration_retains_unsigned_and_negative_packed_coefficients ... ok

test result: ok. 6 passed; 0 failed; 0 ignored; 0 measured; 0 filtered out; finished in 4.90s

     Running tests/bme280_lifecycle.rs (/home/dancxjo/conduit/target/debug/deps/bme280_lifecycle-30087bb1b3808be5)

running 11 tests
test automatic_clock_event_adapters_check_and_prepare_as_ordinary_source ... ok
test transcript::every_clock_failure_is_preserved_and_terminates_without_inventing_time ... ok
test transcript::waiting_retains_observed_time_and_rejects_a_later_stale_event ... ok
test transcript::polling_exhaustion_and_stale_clock_are_explicit ... ok
test transcript::source_initializer_accepts_only_the_two_protocol_addresses ... ok
test preparation_footprint_is_finite_and_reported ... ok
test transcript::one_event_advances_one_phase_and_deadlines_use_monotonic_time ... ok
test transcript::clock_events_do_not_repeat_an_in_flight_transaction ... ok
test lifecycle_policy_is_checked_source_and_prepares_without_device_code ... ok
test transcript::prepared_transition_reuse_never_allocates_or_grows ... ok
test transcript::identity_short_bus_loss_and_unexpected_events_refuse_without_new_requests ... ok

test result: ok. 11 passed; 0 failed; 0 ignored; 0 measured; 0 filtered out; finished in 16.28s

     Running tests/bme280_observation.rs (/home/dancxjo/conduit/target/debug/deps/bme280_observation-129416c878382b6d)

running 2 tests
test disabled_samples_and_invalid_calibration_never_publish_numeric_defaults ... ok
test complete_compensation_yields_one_exact_typed_observation ... ok

test result: ok. 2 passed; 0 failed; 0 ignored; 0 measured; 0 filtered out; finished in 14.28s

     Running tests/device_binary.rs (/home/dancxjo/conduit/target/debug/deps/device_binary-6c641d88740ad48e)

running 4 tests
test every_binary_plot_checks_and_expands ... ok
test bitfield_and_integer_overflow_refuse_instead_of_wrapping ... ok
test generic_crc_steps_match_standard_check_vectors_without_growth ... ok
test endian_decoding_and_signed_extremes_keep_exact_values ... ok

test result: ok. 4 passed; 0 failed; 0 ignored; 0 measured; 0 filtered out; finished in 3.88s

     Running tests/device_frames.rs (/home/dancxjo/conduit/target/debug/deps/device_frames-430edea7732ac8e4)

running 3 tests
test concatenation_preserves_actual_bytes_and_excludes_padding ... ok
test byte_access_distinguishes_short_from_malformed_and_never_reads_padding ... ok
test repeated_frame_composition_uses_only_admitted_storage ... ok

test result: ok. 3 passed; 0 failed; 0 ignored; 0 measured; 0 filtered out; finished in 3.96s

     Running tests/ecmascript_types.rs (/home/dancxjo/conduit/target/debug/deps/ecmascript_types-1b609691b56a4cb5)

running 1 test
test ecmascript_inspects_records_references_optionals_and_bounds ... ok

test result: ok. 1 passed; 0 failed; 0 ignored; 0 measured; 0 filtered out; finished in 0.07s

     Running tests/finite_f32_arithmetic.rs (/home/dancxjo/conduit/target/debug/deps/finite_f32_arithmetic-2265e02f9b8f941b)

running 2 tests
test finite_f32_ordering_and_encoded_equality_have_reference_prepared_parity ... ok
test finite_f32_arithmetic_preserves_selected_inputs_and_returns_bare_result ... ok

test result: ok. 2 passed; 0 failed; 0 ignored; 0 measured; 0 filtered out; finished in 0.01s

     Running tests/ieee_literal_expression.rs (/home/dancxjo/conduit/target/debug/deps/ieee_literal_expression-08b6d8ebec6eaa22)

running 2 tests
test contextual_f32_bits_preserve_exact_payload_and_integer_context ... ok
test nominal_finite_f32_rejects_nan_infinity_and_inexact_syntax ... ok

test result: ok. 2 passed; 0 failed; 0 ignored; 0 measured; 0 filtered out; finished in 0.00s

     Running tests/immutable_expression.rs (/home/dancxjo/conduit/target/debug/deps/immutable_expression-8f90b2677704df85)

running 1 test
test immutable_quantity_local_is_captured_by_the_lowered_expression ... ok

test result: ok. 1 passed; 0 failed; 0 ignored; 0 measured; 0 filtered out; finished in 0.00s

     Running tests/integer_widening.rs (/home/dancxjo/conduit/target/debug/deps/integer_widening-66d51e57bff23847)

running 5 tests
test serialized_program_cannot_change_widening_target_or_arity ... ok
test nested_widening_and_arithmetic_stay_in_the_same_pure_operation ... ok
test widening_around_a_real_semantic_call_keeps_that_calls_identity ... ok
test narrowing_same_width_and_signed_to_unsigned_remain_refused ... ok
test widening_expands_without_a_fictitious_catalog_kind_and_prepares_once ... ok

test result: ok. 5 passed; 0 failed; 0 ignored; 0 measured; 0 filtered out; finished in 0.00s

     Running tests/named_record_expression.rs (/home/dancxjo/conduit/target/debug/deps/named_record_expression-a2bbdafc8eff14db)

running 7 tests
test nested_constructor_keeps_both_native_record_schemas ... ok
test variants_keep_case_payload_identity_and_do_not_evaluate_unselected_failure ... ok
test contextual_record_constructor_retains_declared_identity_and_exact_members ... ok
test sequence_literals_obey_declared_bounds_and_allow_exact_empty_payloads ... ok
test finite_constructor_play_never_allocates_or_grows_with_reuse ... ok
test forwarding_nested_protocol_values_preserves_full_types_and_stays_bounded ... ok
test checked_case_and_actual_length_guard_optional_sequence_members_without_allocation ... ok

test result: ok. 7 passed; 0 failed; 0 ignored; 0 measured; 0 filtered out; finished in 0.59s

     Running tests/native_expression_construction.rs (/home/dancxjo/conduit/target/debug/deps/native_expression_construction-e6ae69723dceb53e)

running 13 tests
test imported_shape_without_law_metadata_cannot_authorize_construction ... ok
test qualified_constructors_preserve_case_payload_and_exact_variant_identity ... ok
test native_record_construction_retains_declared_schema_and_field_types ... ok
test prepared_qualified_variants_match_portable_evaluation ... ok
test variant_record_payload_keeps_its_native_schema_identity ... ok
test construction_cannot_bypass_native_refinements_or_record_laws ... ok
test nominal_text_constants_preserve_identity_and_prove_their_bounds ... ok
test imported_checked_metadata_preserves_refinement_construction_rules ... ok
test refined_constants_keep_existing_arithmetic_proof_and_refuse_invalid_values ... ok
test foreign_cases_missing_cases_and_wrong_payloads_refuse_at_checking ... ok
test nested_conditional_and_variant_fields_preserve_every_active_refinement ... ok
test refined_record_construction_preserves_exact_forwarded_field_contracts ... ok
test variant_payload_projection_preserves_exact_forwarded_refinements ... ok

test result: ok. 13 passed; 0 failed; 0 ignored; 0 measured; 0 filtered out; finished in 0.01s

     Running tests/nominal_collection_expression.rs (/home/dancxjo/conduit/target/debug/deps/nominal_collection_expression-d316815e5c9b6754)

running 2 tests
test nominal_exact_collection_preserves_profile_in_prepared_and_reference_execution ... ok
test nominal_collection_refuses_wrong_length_and_invalid_refined_element ... ok

test result: ok. 2 passed; 0 failed; 0 ignored; 0 measured; 0 filtered out; finished in 0.00s

     Running tests/nominal_record_projection.rs (/home/dancxjo/conduit/target/debug/deps/nominal_record_projection-c35368c457aff78c)

running 1 test
test reference_and_prepared_projection_preserve_refined_nominal_primitive_record_fields ... ok

test result: ok. 1 passed; 0 failed; 0 ignored; 0 measured; 0 filtered out; finished in 0.00s

     Running tests/ownership.rs (/home/dancxjo/conduit/target/debug/deps/ownership-87b74ea60135f8d1)

running 1 test
test universal_value_fallback_names_only_language_primitives ... ok

test result: ok. 1 passed; 0 failed; 0 ignored; 0 measured; 0 filtered out; finished in 0.00s

     Running tests/prepared_byte_observation.rs (/home/dancxjo/conduit/target/debug/deps/prepared_byte_observation-d6318a24fa414670)

running 3 tests
test byte_calls_require_exact_source_index_and_arity ... ok
test malformed_programs_are_refused_before_play_and_bad_frames_do_not_poison_reuse ... ok
test byte_observations_preserve_actual_extent_above_the_collection_ceiling ... ok

test result: ok. 3 passed; 0 failed; 0 ignored; 0 measured; 0 filtered out; finished in 0.24s

     Running tests/prepared_leaf_storage.rs (/home/dancxjo/conduit/target/debug/deps/prepared_leaf_storage-a4abed0917f0ef22)

running 1 test
test maximum_text_leaves_do_not_become_recursive_stack_storage ... ok

test result: ok. 1 passed; 0 failed; 0 ignored; 0 measured; 0 filtered out; finished in 0.00s

     Running tests/prepared_sequence_selection.rs (/home/dancxjo/conduit/target/debug/deps/prepared_sequence_selection-8457e378cc4699c9)

running 4 tests
test checking_and_preparation_reject_substituted_index_and_element_types ... ok
test fixed_collections_obey_the_same_exact_index_contract ... ok
test runtime_index_obeys_actual_count_and_never_truncates_large_indices ... ok
test guarded_selection_and_record_elements_are_allocation_free_after_preparation ... ok

test result: ok. 4 passed; 0 failed; 0 ignored; 0 measured; 0 filtered out; finished in 0.75s

     Running tests/prepared_structured_payload.rs (/home/dancxjo/conduit/target/debug/deps/prepared_structured_payload-0aaeb7ed8c4b57e3)

running 4 tests
test serialized_identity_cannot_relabel_a_different_structured_type ... ok
test checked_source_preserves_complete_request_and_selects_every_bounded_payload_length ... ok
test complete_request_reuse_and_malformed_refusals_do_not_allocate ... ok
test malformed_payload_and_substituted_type_remain_refusals_after_reuse ... ok

test result: ok. 4 passed; 0 failed; 0 ignored; 0 measured; 0 filtered out; finished in 1.39s

     Running tests/pure_expression_types.rs (/home/dancxjo/conduit/target/debug/deps/pure_expression_types-c0572aacd15cd8cf)

running 12 tests
test ambiguous_and_out_of_range_integer_literals_refuse_during_checking ... ok
test fixed_integer_operators_retain_width_and_comparisons_return_boolean ... ok
test checked_expression_retains_its_exact_input_and_output_contract ... ok
test semantic_count_and_scalar_arithmetic_remain_exact_and_checked ... ok
test reviewed_pure_semantic_kind_call_uses_its_exact_front ... ok
test portable_fixed_integer_evaluation_is_checked_and_conditional_is_lazy ... ok
test portable_anonymous_structures_carry_their_exact_checked_profile ... ok
test anonymous_expression_types_have_stable_exact_port_identities ... ok
test conditional_is_boolean_and_unifies_one_exact_branch_type ... ok
test prepared_primitive_evaluation_matches_checked_meaning ... ok
test nominal_structured_input_projects_into_anonymous_structures ... ok
test scientific_literal_unit_supplies_its_exact_expression_type ... ok

test result: ok. 12 passed; 0 failed; 0 ignored; 0 measured; 0 filtered out; finished in 0.00s

     Running tests/semantic_expression_call.rs (/home/dancxjo/conduit/target/debug/deps/semantic_expression_call-b13f6a701c40d0c4)

running 7 tests
test outer_expression_cannot_reuse_independent_input_beside_call_result ... ok
test outer_expression_cannot_implicitly_synchronize_two_call_results ... ok
test repeated_input_arguments_lower_to_one_multi_input_semantic_gear ... ok
test semantic_call_beneath_operator_lowers_to_call_then_pure_expression ... ok
test nested_pure_semantic_calls_lower_to_ordered_called_kind_gears_not_host_calls ... ok
test semantic_call_beneath_structure_lowers_to_call_then_pure_expression ... ok
test literal_call_argument_lowers_to_an_admitted_expression_gear ... ok

test result: ok. 7 passed; 0 failed; 0 ignored; 0 measured; 0 filtered out; finished in 0.00s

     Running tests/structured_expression_equality.rs (/home/dancxjo/conduit/target/debug/deps/structured_expression_equality-76a00a2b94b20645)

running 4 tests
test structured_equality_is_refused_before_prepared_play ... ok
test nested_records_compare_each_exact_member ... ok
test vectors_compare_actual_length_order_and_exact_f32_members ... ok
test variants_compare_tags_and_ieee_bits_instead_of_float_arithmetic ... ok

test result: ok. 4 passed; 0 failed; 0 ignored; 0 measured; 0 filtered out; finished in 0.02s

     Running tests/structured_profiles.rs (/home/dancxjo/conduit/target/debug/deps/structured_profiles-49c254e2768ea460)

running 5 tests
test ordinary_unregistered_port_kinds_keep_the_existing_exact_vocabulary ... ok
test runtime_ports_use_semantic_profile_identity_instead_of_alias_spelling ... ok
test checked_document_retains_exact_structured_type_by_semantic_value_kind ... ok
test changing_shape_changes_checked_identity_and_port_compatibility ... ok
test canonical_expansion_checks_the_resolved_profile_not_the_alias ... ok

test result: ok. 5 passed; 0 failed; 0 ignored; 0 measured; 0 filtered out; finished in 0.00s

     Running tests/structured_selectors.rs (/home/dancxjo/conduit/target/debug/deps/structured_selectors-91b967c435ad4e42)

running 12 tests
test exhaustive_variant_route_lowers_to_exact_drop_selectors ... ok
test unsupported_selector_profile_refuses_before_plan_or_play ... ok
test required_domain_selectors_are_statically_typed_cord_stages ... ok
test guarded_route_round_trips_and_lowers_to_exact_record_carrying_tracks ... ok
test invalid_members_bounds_and_policies_refuse_explicitly ... ok
test route_trivia_changes_source_identity_but_not_checked_meaning ... ok
test selector_identity_ignores_trivia_but_includes_unmatched_policy ... ok
test guarded_route_retains_every_possible_track_in_the_expanded_graph ... ok
test closed_variant_routes_refuse_gaps_duplicates_mixed_types_and_otherwise ... ok
test expansion_lowers_selector_to_one_exact_ordinary_gear_for_value_and_flow ... ok
test exhaustive_variant_route_expands_every_track_into_the_immutable_graph ... ok
test guarded_routes_refuse_gaps_overlap_mixed_fields_and_nonfinal_otherwise ... ok

test result: ok. 12 passed; 0 failed; 0 ignored; 0 measured; 0 filtered out; finished in 0.00s

     Running tests/structured_values.rs (/home/dancxjo/conduit/target/debug/deps/structured_values-265fa950302e0efe)

running 12 tests
test parser_refuses_excessive_nesting_at_the_exact_nested_value ... ok
test malformed_structured_literals_keep_lossless_source_and_deterministic_diagnostics ... ok
test quantity_literals_become_exact_canonical_leaf_bytes_during_plot_checking ... ok
test collection_record_and_variant_literals_become_one_concrete_f0_value ... ok
test structured_local_and_nested_plot_parameter_resolve_without_runtime_evaluation ... ok
test malformed_quantity_literals_refuse_at_the_owned_source_span ... ok
test duplicate_unknown_missing_and_unknown_tag_have_precise_diagnostics ... ok
test structured_catalog_and_plot_defaults_are_checked_semantic_values ... ok
test trivia_and_record_field_order_do_not_change_checked_identity ... ok
test bounded_sequence_literals_keep_actual_length_in_checked_values ... ok
test collection_length_leaf_type_and_runtime_port_fail_distinctly ... ok
test leaf_and_total_canonical_byte_bounds_fail_before_checked_identity ... ok

test result: ok. 12 passed; 0 failed; 0 ignored; 0 measured; 0 filtered out; finished in 0.23s

     Running tests/typed_pair_expression.rs (/home/dancxjo/conduit/target/debug/deps/typed_pair_expression-96d44380ebdf0c3d)

running 2 tests
test tuple_projection_refuses_out_of_range_and_named_or_forged_records ... ok
test typed_join_retains_nested_source_meaning_without_runtime_allocation ... ok

test result: ok. 2 passed; 0 failed; 0 ignored; 0 measured; 0 filtered out; finished in 0.02s

     Running tests/typed_pair_refinements.rs (/home/dancxjo/conduit/target/debug/deps/typed_pair_refinements-98bf64b1af6f12e3)

running 4 tests
test weaker_member_contract_cannot_authorize_a_stronger_constructed_value ... ok
test imported_member_shape_without_retained_laws_cannot_authorize_construction ... ok
test exact_native_refinements_forward_through_tuple_projection ... ok
test cross_field_laws_still_require_a_validator_when_reconstructing_a_tuple_member ... ok

test result: ok. 4 passed; 0 failed; 0 ignored; 0 measured; 0 filtered out; finished in 0.00s

     Running tests/when_filter.rs (/home/dancxjo/conduit/target/debug/deps/when_filter-abcff04e03aa44d3)

running 2 tests
test when_lowers_to_one_exact_flow_preserving_filter_gear ... ok
test one_value_when_outputs_the_canonical_finite_optional_profile ... ok

test result: ok. 2 passed; 0 failed; 0 ignored; 0 measured; 0 filtered out; finished in 0.00s

