   Compiling conduit-assigned-plan v0.1.0 (/home/dancxjo/conduit-portable-foundations/architecture/assigned-plan)
   Compiling conduitos v0.1.0 (/home/dancxjo/conduit-portable-foundations/targets/conduitos)
    Checking patchbay-control v0.1.0 (/home/dancxjo/conduit-portable-foundations/plots/patchbay)
    Checking conduit-protected-line v0.1.0 (/home/dancxjo/conduit-portable-foundations/architecture/protected-line)
   Compiling conduit-core v0.1.0 (/home/dancxjo/conduit-portable-foundations/architecture/core)
    Checking conduit-kernel v0.1.0 (/home/dancxjo/conduit-portable-foundations/architecture/kernel)
    Checking conduit-plot v0.1.0 (/home/dancxjo/conduit-portable-foundations/architecture/plot)
    Checking conduit-body v0.1.0 (/home/dancxjo/conduit-portable-foundations/architecture/body)
    Checking conduit-plan-lowering v0.1.0 (/home/dancxjo/conduit-portable-foundations/architecture/plan-lowering)
    Checking conduit-observatory v0.1.0 (/home/dancxjo/conduit-portable-foundations/architecture/observatory)
    Checking conduit-composite v0.1.0 (/home/dancxjo/conduit-portable-foundations/architecture/composite)
   Compiling conduit-time v0.1.0 (/home/dancxjo/conduit-portable-foundations/semantics/time)
   Compiling conduit-audio v0.1.0 (/home/dancxjo/conduit-portable-foundations/semantics/audio)
   Compiling conduit-human v0.1.0 (/home/dancxjo/conduit-portable-foundations/semantics/human)
   Compiling conduit-web v0.1.0 (/home/dancxjo/conduit-portable-foundations/semantics/web)
   Compiling conduit-text v0.1.0 (/home/dancxjo/conduit-portable-foundations/semantics/text)
   Compiling conduit-net v0.1.0 (/home/dancxjo/conduit-portable-foundations/semantics/net)
   Compiling conduit-robotics v0.1.0 (/home/dancxjo/conduit-portable-foundations/semantics/robotics)
   Compiling conduit-process v0.1.0 (/home/dancxjo/conduit-portable-foundations/semantics/process)
   Compiling conduit-purpose v0.1.0 (/home/dancxjo/conduit-portable-foundations/semantics/purpose)
   Compiling conduit-alife v0.1.0 (/home/dancxjo/conduit-portable-foundations/semantics/alife)
   Compiling conduit-language v0.1.0 (/home/dancxjo/conduit-portable-foundations/semantics/language)
   Compiling conduit-wire v0.1.0 (/home/dancxjo/conduit-portable-foundations/architecture/wire)
   Compiling conduit-signal v0.1.0 (/home/dancxjo/conduit-portable-foundations/semantics/signal)
   Compiling conduit-chat v0.1.0 (/home/dancxjo/conduit-portable-foundations/semantics/chat)
    Checking conduit-todo-plot v0.1.0 (/home/dancxjo/conduit-portable-foundations/plots/todo/model)
    Checking conduit-bluetooth v0.1.0 (/home/dancxjo/conduit-portable-foundations/mechanisms/protocols/bluetooth)
   Compiling conduit-home-model v0.1.0 (/home/dancxjo/conduit-portable-foundations/semantics/home)
   Compiling conduit-tutorial-plot v0.1.0 (/home/dancxjo/conduit-portable-foundations/semantics/tutorial)
   Compiling conduit-data v0.1.0 (/home/dancxjo/conduit-portable-foundations/semantics/data)
   Compiling conduit-presentation v0.1.0 (/home/dancxjo/conduit-portable-foundations/semantics/presentation)
   Compiling conduit-ai v0.1.0 (/home/dancxjo/conduit-portable-foundations/semantics/ai)
    Checking conduit-birth-plot v0.1.0 (/home/dancxjo/conduit-portable-foundations/plots/birth)
    Checking conduit-midi v0.1.0 (/home/dancxjo/conduit-portable-foundations/mechanisms/protocols/midi)
    Checking conduit-synth v0.1.0 (/home/dancxjo/conduit-portable-foundations/mechanisms/implementations/synth)
   Compiling conduit-education v0.1.0 (/home/dancxjo/conduit-portable-foundations/semantics/education)
    Checking conduit-semantic-catalog v0.1.0 (/home/dancxjo/conduit-portable-foundations/semantics/catalog)
    Checking patchbay-graph v0.1.0 (/home/dancxjo/conduit-portable-foundations/plots/patchbay/graph)
    Checking conduit-tour-model v0.1.0 (/home/dancxjo/conduit-portable-foundations/plots/tour)
    Checking patchbay-application v0.1.0 (/home/dancxjo/conduit-portable-foundations/plots/patchbay/application)
    Checking conduit-planner v0.1.0 (/home/dancxjo/conduit-portable-foundations/architecture/planner)
    Checking conduit-std-offers v0.1.0 (/home/dancxjo/conduit-portable-foundations/targets/std/offers)
    Checking conduit-signal-conformance v0.1.0 (/home/dancxjo/conduit-portable-foundations/proof/conformance/signal)
    Checking conduit-conduitos-mask-offer v0.1.0 (/home/dancxjo/conduit-portable-foundations/targets/conduitos/mask-offer)
    Finished `dev` profile [unoptimized] target(s) in 48.27s
